Archive member included to satisfy reference by file (symbol)

C:\Users\Administrator\AppData\Local\Temp\VMBuilds\Universal_controller\Arduino_STM32-master_genericSTM32F103R\Release\core.a(exc.S.o)
                              (__exc_nmi)
C:\Users\Administrator\AppData\Local\Temp\VMBuilds\Universal_controller\Arduino_STM32-master_genericSTM32F103R\Release\core.a(isrs.S.o)
                              (__stm32reservedexception7)
C:\Users\Administrator\AppData\Local\Temp\VMBuilds\Universal_controller\Arduino_STM32-master_genericSTM32F103R\Release\core.a(vector_table.S.o)
                              (__stm32_vector_table)
C:\Users\Administrator\AppData\Local\Temp\VMBuilds\Universal_controller\Arduino_STM32-master_genericSTM32F103R\Release\core.a(adc.c.o)
                              C:\Users\Administrator\AppData\Local\Temp\VMBCore\arduino16x\1d5bbd1283c0998d3b1230e5801fb023\variant\boards.cpp.o (adc_set_sample_rate)
C:\Users\Administrator\AppData\Local\Temp\VMBuilds\Universal_controller\Arduino_STM32-master_genericSTM32F103R\Release\core.a(adc_f1.c.o)
                              C:\Users\Administrator\AppData\Local\Temp\VMBuilds\Universal_controller\Arduino_STM32-master_genericSTM32F103R\Release\core.a(vector_table.S.o) (__irq_adc)
C:\Users\Administrator\AppData\Local\Temp\VMBuilds\Universal_controller\Arduino_STM32-master_genericSTM32F103R\Release\core.a(dma_f1.c.o)
                              C:\Users\Administrator\AppData\Local\Temp\VMBuilds\Universal_controller\Arduino_STM32-master_genericSTM32F103R\Release\core.a(vector_table.S.o) (__irq_dma1_channel1)
C:\Users\Administrator\AppData\Local\Temp\VMBuilds\Universal_controller\Arduino_STM32-master_genericSTM32F103R\Release\core.a(exti.c.o)
                              C:\Users\Administrator\AppData\Local\Temp\VMBuilds\Universal_controller\Arduino_STM32-master_genericSTM32F103R\Release\core.a(vector_table.S.o) (__irq_exti0)
C:\Users\Administrator\AppData\Local\Temp\VMBuilds\Universal_controller\Arduino_STM32-master_genericSTM32F103R\Release\core.a(exti_f1.c.o)
                              C:\Users\Administrator\AppData\Local\Temp\VMBuilds\Universal_controller\Arduino_STM32-master_genericSTM32F103R\Release\core.a(exti.c.o) (exti_select)
C:\Users\Administrator\AppData\Local\Temp\VMBuilds\Universal_controller\Arduino_STM32-master_genericSTM32F103R\Release\core.a(flash.c.o)
                              C:\Users\Administrator\AppData\Local\Temp\VMBCore\arduino16x\1d5bbd1283c0998d3b1230e5801fb023\variant\boards.cpp.o (flash_set_latency)
C:\Users\Administrator\AppData\Local\Temp\VMBuilds\Universal_controller\Arduino_STM32-master_genericSTM32F103R\Release\core.a(gpio_f1.c.o)
                              C:\Users\Administrator\AppData\Local\Temp\VMBCore\arduino16x\1d5bbd1283c0998d3b1230e5801fb023\variant\boards_setup.cpp.o (gpio_init_all)
C:\Users\Administrator\AppData\Local\Temp\VMBuilds\Universal_controller\Arduino_STM32-master_genericSTM32F103R\Release\core.a(i2c_f1.c.o)
                              C:\Users\Administrator\AppData\Local\Temp\VMBuilds\Universal_controller\Arduino_STM32-master_genericSTM32F103R\Release\core.a(vector_table.S.o) (__irq_i2c1_ev)
C:\Users\Administrator\AppData\Local\Temp\VMBuilds\Universal_controller\Arduino_STM32-master_genericSTM32F103R\Release\core.a(nvic.c.o)
                              C:\Users\Administrator\AppData\Local\Temp\VMBuilds\Universal_controller\Arduino_STM32-master_genericSTM32F103R\Release\core.a(i2c_f1.c.o) (nvic_irq_set_priority)
C:\Users\Administrator\AppData\Local\Temp\VMBuilds\Universal_controller\Arduino_STM32-master_genericSTM32F103R\Release\core.a(rcc.c.o)
                              C:\Users\Administrator\AppData\Local\Temp\VMBCore\arduino16x\1d5bbd1283c0998d3b1230e5801fb023\variant\boards.cpp.o (rcc_switch_sysclk)
C:\Users\Administrator\AppData\Local\Temp\VMBuilds\Universal_controller\Arduino_STM32-master_genericSTM32F103R\Release\core.a(rcc_f1.c.o)
                              C:\Users\Administrator\AppData\Local\Temp\VMBCore\arduino16x\1d5bbd1283c0998d3b1230e5801fb023\variant\boards.cpp.o (rcc_configure_pll)
C:\Users\Administrator\AppData\Local\Temp\VMBuilds\Universal_controller\Arduino_STM32-master_genericSTM32F103R\Release\core.a(systick.c.o)
                              C:\Users\Administrator\AppData\Local\Temp\VMBCore\arduino16x\1d5bbd1283c0998d3b1230e5801fb023\variant\boards.cpp.o (systick_init)
C:\Users\Administrator\AppData\Local\Temp\VMBuilds\Universal_controller\Arduino_STM32-master_genericSTM32F103R\Release\core.a(timer.c.o)
                              C:\Users\Administrator\AppData\Local\Temp\VMBCore\arduino16x\1d5bbd1283c0998d3b1230e5801fb023\variant\boards.cpp.o (timer_foreach)
C:\Users\Administrator\AppData\Local\Temp\VMBuilds\Universal_controller\Arduino_STM32-master_genericSTM32F103R\Release\core.a(usart_f1.c.o)
[...]
Memory Configuration

Name             Origin             Length             Attributes
ram              0x20000000         0x0000c000         xrw
rom              0x08000000         0x00040000         xr
*default*        0x00000000         0xffffffff

Linker script and memory map

LOAD c:/users/administrator/appdata/local/arduino15/packages/arduino/tools/arm-none-eabi-gcc/7-2017q4/bin/../lib/gcc/arm-none-eabi/7.2.1/thumb/v7-m/crti.o
LOAD c:/users/administrator/appdata/local/arduino15/packages/arduino/tools/arm-none-eabi-gcc/7-2017q4/bin/../lib/gcc/arm-none-eabi/7.2.1/thumb/v7-m/crtbegin.o
LOAD c:/users/administrator/appdata/local/arduino15/packages/arduino/tools/arm-none-eabi-gcc/7-2017q4/bin/../lib/gcc/arm-none-eabi/7.2.1/../../../../arm-none-eabi/lib/thumb/v7-m/crt0.o
LOAD c:/users/administrator/appdata/local/arduino15/packages/arduino/tools/arm-none-eabi-gcc/7-2017q4/bin/../lib/gcc/arm-none-eabi/7.2.1/thumb/v7-m\libgcc.a
START GROUP
LOAD Universal_controller.cpp.o
LOAD AT24CXX.cpp.o
LOAD i2c.cpp.o
LOAD user_A011_E011.cpp.o
LOAD user_A021_E021.cpp.o
LOAD user_A025_E025.cpp.o
LOAD user_crc8.cpp.o
LOAD user_initialization.cpp.o
LOAD user_judgement.cpp.o
LOAD user_lorainit.cpp.o
LOAD user_Set_Correlation.cpp.o
LOAD EEPROM\flash_stm32.c.o
LOAD EEPROM\EEPROM.cpp.o
LOAD C:\Users\Administrator\AppData\Local\Temp\VMBCore\arduino16x\1d5bbd1283c0998d3b1230e5801fb023\variant\board.cpp.o
LOAD C:\Users\Administrator\AppData\Local\Temp\VMBCore\arduino16x\1d5bbd1283c0998d3b1230e5801fb023\variant\boards.cpp.o
LOAD C:\Users\Administrator\AppData\Local\Temp\VMBCore\arduino16x\1d5bbd1283c0998d3b1230e5801fb023\variant\boards_setup.cpp.o
LOAD C:\Users\Administrator\AppData\Local\Temp\VMBCore\arduino16x\1d5bbd1283c0998d3b1230e5801fb023\variant\start.S.o
LOAD C:\Users\Administrator\AppData\Local\Temp\VMBCore\arduino16x\1d5bbd1283c0998d3b1230e5801fb023\variant\start_c.c.o
LOAD C:\Users\Administrator\AppData\Local\Temp\VMBCore\arduino16x\1d5bbd1283c0998d3b1230e5801fb023\variant\syscalls.c.o
LOAD C:\Users\Administrator\AppData\Local\Temp\VMBuilds\Universal_controller\Arduino_STM32-master_genericSTM32F103R\Release\core.a
END GROUP
LOAD c:/users/administrator/appdata/local/arduino15/packages/arduino/tools/arm-none-eabi-gcc/7-2017q4/bin/../lib/gcc/arm-none-eabi/7.2.1/../../../../arm-none-eabi/lib/thumb/v7-m\libstdc++.a
LOAD c:/users/administrator/appdata/local/arduino15/packages/arduino/tools/arm-none-eabi-gcc/7-2017q4/bin/../lib/gcc/arm-none-eabi/7.2.1/../../../../arm-none-eabi/lib/thumb/v7-m\libm.a
START GROUP
LOAD c:/users/administrator/appdata/local/arduino15/packages/arduino/tools/arm-none-eabi-gcc/7-2017q4/bin/../lib/gcc/arm-none-eabi/7.2.1/thumb/v7-m\libgcc.a
LOAD c:/users/administrator/appdata/local/arduino15/packages/arduino/tools/arm-none-eabi-gcc/7-2017q4/bin/../lib/gcc/arm-none-eabi/7.2.1/../../../../arm-none-eabi/lib/thumb/v7-m\libc.a
END GROUP
LOAD c:/users/administrator/appdata/local/arduino15/packages/arduino/tools/arm-none-eabi-gcc/7-2017q4/bin/../lib/gcc/arm-none-eabi/7.2.1/thumb/v7-m/crtend.o
LOAD c:/users/administrator/appdata/local/arduino15/packages/arduino/tools/arm-none-eabi-gcc/7-2017q4/bin/../lib/gcc/arm-none-eabi/7.2.1/thumb/v7-m/crtn.o
START GROUP
LOAD c:/users/administrator/appdata/local/arduino15/packages/arduino/tools/arm-none-eabi-gcc/7-2017q4/bin/../lib/gcc/arm-none-eabi/7.2.1/thumb/v7-m\libgcc.a
LOAD c:/users/administrator/appdata/local/arduino15/packages/arduino/tools/arm-none-eabi-gcc/7-2017q4/bin/../lib/gcc/arm-none-eabi/7.2.1/../../../../arm-none-eabi/lib/thumb/v7-m\libc.a
LOAD c:/users/administrator/appdata/local/arduino15/packages/arduino/tools/arm-none-eabi-gcc/7-2017q4/bin/../lib/gcc/arm-none-eabi/7.2.1/../../../../arm-none-eabi/lib/thumb/v7-m\libm.a
END GROUP
START GROUP
LOAD c:/users/administrator/appdata/local/arduino15/packages/arduino/tools/arm-none-eabi-gcc/7-2017q4/bin/../lib/gcc/arm-none-eabi/7.2.1/../../../../arm-none-eabi/lib/thumb/v7-m\libnosys.a
END GROUP
                0x2000c000                PROVIDE (__msp_init, (ORIGIN (ram) + LENGTH (ram)))
                0x08006808                PROVIDE (__exc_reset, __start__)

.text           0x08000000     0xf134
                0x08000000                __text_start__ = .
 *(.stm32.interrupt_vector)
 .stm32.interrupt_vector
                0x08000000      0x130 C:\Users\Administrator\AppData\Local\Temp\VMBuilds\Universal_controller\Arduino_STM32-master_genericSTM32F103R\Release\core.a(vector_table.S.o)
                0x08000000                __stm32_vector_table
 *(.text .text.* .gnu.linkonce.t.*)
 .text          0x08000130       0x40 c:/users/administrator/appdata/local/arduino15/packages/arduino/tools/arm-none-eabi-gcc/7-2017q4/bin/../lib/gcc/arm-none-eabi/7.2.1/thumb/v7-m/crtbegin.o
 .text._Z5setupv
                0x08000170       0x9c Universal_controller.cpp.o
                0x08000170                setup()
 .text.startup._GLOBAL__sub_I__Z5setupv
                0x0800020c       0xc0 Universal_controller.cpp.o
 .text._Z24LORA_Receive_informationv
                0x080002cc      0x1a4 Universal_controller.cpp.o
                0x080002cc                LORA_Receive_information()
 .text._Z4loopv
                0x08000470       0xc4 Universal_controller.cpp.o
                0x08000470                loop()
 .text._Z19AT24CXX_ReadOneBytej
                0x08000534       0x46 AT24CXX.cpp.o
                0x08000534                AT24CXX_ReadOneByte(unsigned int)
 .text._Z20AT24CXX_WriteOneBytejh
                0x0800057a       0x4e AT24CXX.cpp.o
                0x0800057a                AT24CXX_WriteOneByte(unsigned int, unsigned char)
 .text._Z7i2cInitv
                0x080005c8       0x26 i2c.cpp.o
                0x080005c8                i2cInit()
 .text._Z7SDA_Outv
                0x080005ee        0x8 i2c.cpp.o
                0x080005ee                SDA_Out()
 .text._Z6SDA_Inv
                0x080005f6        0x8 i2c.cpp.o
                0x080005f6                SDA_In()
 .text._Z5Startv
                0x080005fe       0x36 i2c.cpp.o
                0x080005fe                Start()
 .text._Z4Stopv
                0x08000634       0x36 i2c.cpp.o
                0x08000634                Stop()
 .text._Z3Ackv  0x0800066a       0x36 i2c.cpp.o
                0x0800066a                Ack()
 .text._Z4NAckv
                0x080006a0       0x36 i2c.cpp.o
                0x080006a0                NAck()
 .text._Z8Wait_Ackv
                0x080006d6       0x4a i2c.cpp.o
                0x080006d6                Wait_Ack()
 .text._Z9Send_Byteh
                0x08000720       0x4a i2c.cpp.o
                0x08000720                Send_Byte(unsigned char)
 .text._Z9Read_Byteh
                0x0800076a       0x50 i2c.cpp.o
                0x0800076a                Read_Byte(unsigned char)
 *fill*         0x080007ba        0x2 
 .text._Z9E011_initv
                0x080007bc      0x108 user_A011_E011.cpp.o
                0x080007bc                E011_init()
 .text._Z9Send_E011i
                0x080008c4      0x1f0 user_A011_E011.cpp.o
                0x080008c4                Send_E011(int)
 .text._Z12Receive_A011Phi
                0x08000ab4       0xa8 user_A011_E011.cpp.o
                0x08000ab4                Receive_A011(unsigned char*, int)
 .text._Z21E021_GetDigitalStatusv
                0x08000b5c      0x1e4 user_A021_E021.cpp.o
                0x08000b5c                E021_GetDigitalStatus()
 .text._Z20E021_GetAnalogStatusv
                0x08000d40      0x448 user_A021_E021.cpp.o
                0x08000d40                E021_GetAnalogStatus()
 .text._Z9E021_initv
                0x08001188       0x68 user_A021_E021.cpp.o
                0x08001188                E021_init()
 .text._Z20Get_Delivery_oldtimev
                0x080011f0        0xc user_A021_E021.cpp.o
                0x080011f0                Get_Delivery_oldtime()
 .text._Z9Send_E021i
                0x080011fc      0x1d8 user_A021_E021.cpp.o
                0x080011fc                Send_E021(int)
 .text._Z12Receive_A021Phi
                0x080013d4       0xac user_A021_E021.cpp.o
                0x080013d4                Receive_A021(unsigned char*, int)
 .text._Z9Send_E025i
                0x08001480      0x400 user_A025_E025.cpp.o
                0x08001480                Send_E025(int)
 .text._Z12Receive_A025Phi
                0x08001880      0x150 user_A025_E025.cpp.o
                0x08001880                Receive_A025(unsigned char*, int)
 .text._Z7GetCrc8Phi
                0x080019d0       0x2c user_crc8.cpp.o
                0x080019d0                GetCrc8(unsigned char*, int)
 .text._Z14Initializationv
                0x080019fc      0x370 user_initialization.cpp.o
                0x080019fc                Initialization()
 .text._Z14Send_Data_Lampv
                0x08001d6c       0x1c user_initialization.cpp.o
                0x08001d6c                Send_Data_Lamp()
 .text._Z17Receive_data_lampv
                0x08001d88       0x1c user_initialization.cpp.o
                0x08001d88                Receive_data_lamp()
 .text.startup._GLOBAL__sub_I__Z18Judgement_functionPhii
                0x08001da4       0x90 user_judgement.cpp.o
 .text._Z18Judgement_functionPhii
                0x08001e34      0x1ac user_judgement.cpp.o
                0x08001e34                Judgement_function(unsigned char*, int, int)
 .text._Z10addr_writev
                0x08001fe0      0x180 user_lorainit.cpp.o
                0x08001fe0                addr_write()
 .text._Z19LORA_Initializationv
                0x08002160     0x14ac user_lorainit.cpp.o
                0x08002160                LORA_Initialization()
 .text._Z9E020_initv
                0x0800360c       0xcc user_Set_Correlation.cpp.o
                0x0800360c                E020_init()
 .text._Z11SN_ZoneISOKPhi
                0x080036d8      0x308 user_Set_Correlation.cpp.o
                0x080036d8                SN_ZoneISOK(unsigned char*, int)
 .text._Z27Verification_Reserved_fieldPhi
                0x080039e0      0x104 user_Set_Correlation.cpp.o
                0x080039e0                Verification_Reserved_field(unsigned char*, int)
 .text._Z9forswitchv
                0x08003ae4      0x288 user_Set_Correlation.cpp.o
                0x08003ae4                forswitch()
 .text._Z14condition_test6String
                0x08003d6c      0x4cc user_Set_Correlation.cpp.o
                0x08003d6c                condition_test(String)
 .text._Z15data_processing6String
                0x08004238      0x120 user_Set_Correlation.cpp.o
                0x08004238                data_processing(String)
 .text._Z12Receive_A023Phi
                0x08004358       0xf4 user_Set_Correlation.cpp.o
                0x08004358                Receive_A023(unsigned char*, int)
 .text.startup._GLOBAL__sub_I__Z12Receive_A013Phi
                0x0800444c       0x90 user_Set_Correlation.cpp.o
 .text._Z9Send_E020ii
                0x080044dc      0x1ec user_Set_Correlation.cpp.o
                0x080044dc                Send_E020(int, int)
 .text._Z12Receive_A013Phi
                0x080046c8      0x1c0 user_Set_Correlation.cpp.o
                0x080046c8                Receive_A013(unsigned char*, int)
 .text._Z12Receive_A020Phi
                0x08004888      0x348 user_Set_Correlation.cpp.o
                0x08004888                Receive_A020(unsigned char*, int)
 .text._Z12Receive_A022Phi
                0x08004bd0     0x175c user_Set_Correlation.cpp.o
                0x08004bd0                Receive_A022(unsigned char*, int)
 .text._Z12Receive_A024Phi
                0x0800632c      0x23c user_Set_Correlation.cpp.o
                0x0800632c                Receive_A024(unsigned char*, int)
 .text.startup._GLOBAL__sub_I__ZN11EEPROMClass12EE_CheckPageEmt
                0x08006568       0x20 EEPROM\EEPROM.cpp.o
 .text.startup._GLOBAL__sub_I_PIN_MAP
                0x08006588       0x74 C:\Users\Administrator\AppData\Local\Temp\VMBCore\arduino16x\1d5bbd1283c0998d3b1230e5801fb023\variant\board.cpp.o
 .text._ZL18adc_default_configP7adc_dev
                0x080065fc       0x1c C:\Users\Administrator\AppData\Local\Temp\VMBCore\arduino16x\1d5bbd1283c0998d3b1230e5801fb023\variant\boards.cpp.o
 .text._ZL20timer_default_configP9timer_dev
                0x08006618       0xa8 C:\Users\Administrator\AppData\Local\Temp\VMBCore\arduino16x\1d5bbd1283c0998d3b1230e5801fb023\variant\boards.cpp.o
 .text._Z9boardInitv
                0x080066c0        0x2 C:\Users\Administrator\AppData\Local\Temp\VMBCore\arduino16x\1d5bbd1283c0998d3b1230e5801fb023\variant\boards.cpp.o
                0x080066c0                boardInit()
 *fill*         0x080066c2        0x2 
 .text._Z4initv
                0x080066c4       0xbc C:\Users\Administrator\AppData\Local\Temp\VMBCore\arduino16x\1d5bbd1283c0998d3b1230e5801fb023\variant\boards.cpp.o
                0x080066c4                init()
 .text._ZN6wirish4priv15board_reset_pllEv
                0x08006780        0x2 C:\Users\Administrator\AppData\Local\Temp\VMBCore\arduino16x\1d5bbd1283c0998d3b1230e5801fb023\variant\boards_setup.cpp.o
                0x08006780                wirish::priv::board_reset_pll()
 .text._ZN6wirish4priv28board_setup_clock_prescalersEv
                0x08006782       0x2e C:\Users\Administrator\AppData\Local\Temp\VMBCore\arduino16x\1d5bbd1283c0998d3b1230e5801fb023\variant\boards_setup.cpp.o
                0x08006782                wirish::priv::board_setup_clock_prescalers()
 .text._ZN6wirish4priv16board_setup_gpioEv
                0x080067b0        0x4 C:\Users\Administrator\AppData\Local\Temp\VMBCore\arduino16x\1d5bbd1283c0998d3b1230e5801fb023\variant\boards_setup.cpp.o
                0x080067b0                wirish::priv::board_setup_gpio()
 .text._ZN6wirish4priv15board_setup_usbEv
                0x080067b4       0x50 C:\Users\Administrator\AppData\Local\Temp\VMBCore\arduino16x\1d5bbd1283c0998d3b1230e5801fb023\variant\boards_setup.cpp.o
                0x080067b4                wirish::priv::board_setup_usb()
 .text._ZN6wirish4priv11series_initEv
                0x08006804        0x4 C:\Users\Administrator\AppData\Local\Temp\VMBCore\arduino16x\1d5bbd1283c0998d3b1230e5801fb023\variant\boards_setup.cpp.o
                0x08006804                wirish::priv::series_init()
 .text          0x08006808       0x10 C:\Users\Administrator\AppData\Local\Temp\VMBCore\arduino16x\1d5bbd1283c0998d3b1230e5801fb023\variant\start.S.o
                0x08006808                __start__
 .text.start_c  0x08006818       0x60 C:\Users\Administrator\AppData\Local\Temp\VMBCore\arduino16x\1d5bbd1283c0998d3b1230e5801fb023\variant\start_c.c.o
                0x08006818                start_c
 .text._sbrk    0x08006878       0x44 C:\Users\Administrator\AppData\Local\Temp\VMBCore\arduino16x\1d5bbd1283c0998d3b1230e5801fb023\variant\syscalls.c.o
                0x08006878                _sbrk
 .text._exit    0x080068bc        0x2 C:\Users\Administrator\AppData\Local\Temp\VMBCore\arduino16x\1d5bbd1283c0998d3b1230e5801fb023\variant\syscalls.c.o
                0x080068bc                _exit
 *fill*         0x080068be        0x2 
 .text          0x080068c0       0x54 C:\Users\Administrator\AppData\Local\Temp\VMBuilds\Universal_controller\Arduino_STM32-master_genericSTM32F103R\Release\core.a(exc.S.o)
                0x080068c0                __exc_nmi
                0x080068c4                __exc_hardfault
                0x080068c8                __exc_memmanage
                0x080068cc                __exc_busfault
                0x080068d0                __exc_usagefault
 .text          0x08006914        0x2 C:\Users\Administrator\AppData\Local\Temp\VMBuilds\Universal_controller\Arduino_STM32-master_genericSTM32F103R\Release\core.a(isrs.S.o)
                0x08006914                __stm32reservedexception9
                0x08006914                __irq_sdio
                0x08006914                __irq_fsmc
                0x08006914                __exc_debug_monitor
                0x08006914                __exc_svc
                0x08006914                __irq_can_rx1
                0x08006914                __irq_spi2
                0x08006914                __irq_can_sce
                0x08006914                __irq_pvd
                0x08006914                __irq_tamper
                0x08006914                __default_handler
                0x08006914                __irq_wwdg
                0x08006914                __stm32reservedexception10
                0x08006914                __irq_flash
                0x08006914                __stm32reservedexception13
                0x08006914                __irq_rtc
                0x08006914                __irq_spi1
                0x08006914                __stm32reservedexception7
                0x08006914                __irq_usb_hp_can_tx
                0x08006914                __irq_rtcalarm
                0x08006914                __irq_spi3
                0x08006914                __stm32reservedexception8
                0x08006914                __exc_pendsv
                0x08006914                __irq_usbwakeup
                0x08006914                __irq_rcc
 .text.adc_init
                0x08006916       0x14 C:\Users\Administrator\AppData\Local\Temp\VMBuilds\Universal_controller\Arduino_STM32-master_genericSTM32F103R\Release\core.a(adc.c.o)
                0x08006916                adc_init
 .text.adc_set_extsel
                0x0800692a       0x12 C:\Users\Administrator\AppData\Local\Temp\VMBuilds\Universal_controller\Arduino_STM32-master_genericSTM32F103R\Release\core.a(adc.c.o)
                0x0800692a                adc_set_extsel
 .text.adc_set_sample_rate
                0x0800693c       0x2a C:\Users\Administrator\AppData\Local\Temp\VMBuilds\Universal_controller\Arduino_STM32-master_genericSTM32F103R\Release\core.a(adc.c.o)
                0x0800693c                adc_set_sample_rate
 .text.adc_read
                0x08006966       0x20 C:\Users\Administrator\AppData\Local\Temp\VMBuilds\Universal_controller\Arduino_STM32-master_genericSTM32F103R\Release\core.a(adc.c.o)
                0x08006966                adc_read
 *fill*         0x08006986        0x2 
 .text.__irq_adc
                0x08006988       0x54 C:\Users\Administrator\AppData\Local\Temp\VMBuilds\Universal_controller\Arduino_STM32-master_genericSTM32F103R\Release\core.a(adc_f1.c.o)
                0x08006988                __irq_adc
 .text.__irq_adc3
                0x080069dc       0x54 C:\Users\Administrator\AppData\Local\Temp\VMBuilds\Universal_controller\Arduino_STM32-master_genericSTM32F103R\Release\core.a(adc_f1.c.o)
                0x080069dc                __irq_adc3
 .text.adc_calibrate
                0x08006a30       0x24 C:\Users\Administrator\AppData\Local\Temp\VMBuilds\Universal_controller\Arduino_STM32-master_genericSTM32F103R\Release\core.a(adc_f1.c.o)
                0x08006a30                adc_calibrate
 .text.adc_set_prescaler
                0x08006a54        0x8 C:\Users\Administrator\AppData\Local\Temp\VMBuilds\Universal_controller\Arduino_STM32-master_genericSTM32F103R\Release\core.a(adc_f1.c.o)
                0x08006a54                adc_set_prescaler
 .text.adc_foreach
                0x08006a5c       0x28 C:\Users\Administrator\AppData\Local\Temp\VMBuilds\Universal_controller\Arduino_STM32-master_genericSTM32F103R\Release\core.a(adc_f1.c.o)
                0x08006a5c                adc_foreach
 .text.adc_enable_single_swstart
                0x08006a84       0x36 C:\Users\Administrator\AppData\Local\Temp\VMBuilds\Universal_controller\Arduino_STM32-master_genericSTM32F103R\Release\core.a(adc_f1.c.o)
                0x08006a84                adc_enable_single_swstart
 *fill*         0x08006aba        0x2 
 .text.__irq_dma1_channel1
                0x08006abc       0x18 C:\Users\Administrator\AppData\Local\Temp\VMBuilds\Universal_controller\Arduino_STM32-master_genericSTM32F103R\Release\core.a(dma_f1.c.o)
                0x08006abc                __irq_dma1_channel1
 .text.__irq_dma1_channel2
                0x08006ad4       0x18 C:\Users\Administrator\AppData\Local\Temp\VMBuilds\Universal_controller\Arduino_STM32-master_genericSTM32F103R\Release\core.a(dma_f1.c.o)
                0x08006ad4                __irq_dma1_channel2
 .text.__irq_dma1_channel3
                0x08006aec       0x1c C:\Users\Administrator\AppData\Local\Temp\VMBuilds\Universal_controller\Arduino_STM32-master_genericSTM32F103R\Release\core.a(dma_f1.c.o)
                0x08006aec                __irq_dma1_channel3
 .text.__irq_dma1_channel4
                0x08006b08       0x1c C:\Users\Administrator\AppData\Local\Temp\VMBuilds\Universal_controller\Arduino_STM32-master_genericSTM32F103R\Release\core.a(dma_f1.c.o)
                0x08006b08                __irq_dma1_channel4
 .text.__irq_dma1_channel5
                0x08006b24       0x1c C:\Users\Administrator\AppData\Local\Temp\VMBuilds\Universal_controller\Arduino_STM32-master_genericSTM32F103R\Release\core.a(dma_f1.c.o)
                0x08006b24                __irq_dma1_channel5
 .text.__irq_dma1_channel6
                0x08006b40       0x1c C:\Users\Administrator\AppData\Local\Temp\VMBuilds\Universal_controller\Arduino_STM32-master_genericSTM32F103R\Release\core.a(dma_f1.c.o)
                0x08006b40                __irq_dma1_channel6
 .text.__irq_dma1_channel7
                0x08006b5c       0x1c C:\Users\Administrator\AppData\Local\Temp\VMBuilds\Universal_controller\Arduino_STM32-master_genericSTM32F103R\Release\core.a(dma_f1.c.o)
                0x08006b5c                __irq_dma1_channel7
 .text.__irq_dma2_channel1
                0x08006b78       0x18 C:\Users\Administrator\AppData\Local\Temp\VMBuilds\Universal_controller\Arduino_STM32-master_genericSTM32F103R\Release\core.a(dma_f1.c.o)
                0x08006b78                __irq_dma2_channel1
 .text.__irq_dma2_channel2
                0x08006b90       0x18 C:\Users\Administrator\AppData\Local\Temp\VMBuilds\Universal_controller\Arduino_STM32-master_genericSTM32F103R\Release\core.a(dma_f1.c.o)
                0x08006b90                __irq_dma2_channel2
 .text.__irq_dma2_channel3
                0x08006ba8       0x1c C:\Users\Administrator\AppData\Local\Temp\VMBuilds\Universal_controller\Arduino_STM32-master_genericSTM32F103R\Release\core.a(dma_f1.c.o)
                0x08006ba8                __irq_dma2_channel3
 .text.__irq_dma2_channel4_5
                0x08006bc4       0x4c C:\Users\Administrator\AppData\Local\Temp\VMBuilds\Universal_controller\Arduino_STM32-master_genericSTM32F103R\Release\core.a(dma_f1.c.o)
                0x08006bc4                __irq_dma2_channel4_5
 .text.__irq_exti0
                0x08006c10       0x20 C:\Users\Administrator\AppData\Local\Temp\VMBuilds\Universal_controller\Arduino_STM32-master_genericSTM32F103R\Release\core.a(exti.c.o)
                0x08006c10                __irq_exti0
 .text.__irq_exti1
                0x08006c30       0x20 C:\Users\Administrator\AppData\Local\Temp\VMBuilds\Universal_controller\Arduino_STM32-master_genericSTM32F103R\Release\core.a(exti.c.o)
                0x08006c30                __irq_exti1
 .text.__irq_exti2
                0x08006c50       0x20 C:\Users\Administrator\AppData\Local\Temp\VMBuilds\Universal_controller\Arduino_STM32-master_genericSTM32F103R\Release\core.a(exti.c.o)
                0x08006c50                __irq_exti2
 .text.__irq_exti3
                0x08006c70       0x20 C:\Users\Administrator\AppData\Local\Temp\VMBuilds\Universal_controller\Arduino_STM32-master_genericSTM32F103R\Release\core.a(exti.c.o)
                0x08006c70                __irq_exti3
 .text.__irq_exti4
                0x08006c90       0x20 C:\Users\Administrator\AppData\Local\Temp\VMBuilds\Universal_controller\Arduino_STM32-master_genericSTM32F103R\Release\core.a(exti.c.o)
                0x08006c90                __irq_exti4
 .text.__irq_exti9_5
                0x08006cb0       0x48 C:\Users\Administrator\AppData\Local\Temp\VMBuilds\Universal_controller\Arduino_STM32-master_genericSTM32F103R\Release\core.a(exti.c.o)
                0x08006cb0                __irq_exti9_5
 .text.__irq_exti15_10
                0x08006cf8       0x48 C:\Users\Administrator\AppData\Local\Temp\VMBuilds\Universal_controller\Arduino_STM32-master_genericSTM32F103R\Release\core.a(exti.c.o)
                0x08006cf8                __irq_exti15_10
 .text.flash_set_latency
                0x08006d40       0x14 C:\Users\Administrator\AppData\Local\Temp\VMBuilds\Universal_controller\Arduino_STM32-master_genericSTM32F103R\Release\core.a(flash.c.o)
                0x08006d40                flash_set_latency
 .text.gpio_init_all
                0x08006d54       0x30 C:\Users\Administrator\AppData\Local\Temp\VMBuilds\Universal_controller\Arduino_STM32-master_genericSTM32F103R\Release\core.a(gpio_f1.c.o)
                0x08006d54                gpio_init_all
 .text.gpio_set_mode
                0x08006d84       0x4e C:\Users\Administrator\AppData\Local\Temp\VMBuilds\Universal_controller\Arduino_STM32-master_genericSTM32F103R\Release\core.a(gpio_f1.c.o)
                0x08006d84                gpio_set_mode
 .text.afio_init
                0x08006dd2       0x12 C:\Users\Administrator\AppData\Local\Temp\VMBuilds\Universal_controller\Arduino_STM32-master_genericSTM32F103R\Release\core.a(gpio_f1.c.o)
                0x08006dd2                afio_init
 .text.__irq_i2c1_ev
                0x08006de4        0xc C:\Users\Administrator\AppData\Local\Temp\VMBuilds\Universal_controller\Arduino_STM32-master_genericSTM32F103R\Release\core.a(i2c_f1.c.o)
                0x08006de4                __irq_i2c1_ev
 .text.__irq_i2c2_ev
                0x08006df0        0xc C:\Users\Administrator\AppData\Local\Temp\VMBuilds\Universal_controller\Arduino_STM32-master_genericSTM32F103R\Release\core.a(i2c_f1.c.o)
                0x08006df0                __irq_i2c2_ev
 .text.__irq_i2c1_er
                0x08006dfc        0xc C:\Users\Administrator\AppData\Local\Temp\VMBuilds\Universal_controller\Arduino_STM32-master_genericSTM32F103R\Release\core.a(i2c_f1.c.o)
                0x08006dfc                __irq_i2c1_er
 .text.__irq_i2c2_er
                0x08006e08        0xc C:\Users\Administrator\AppData\Local\Temp\VMBuilds\Universal_controller\Arduino_STM32-master_genericSTM32F103R\Release\core.a(i2c_f1.c.o)
                0x08006e08                __irq_i2c2_er
 .text._i2c_irq_priority_fixup
                0x08006e14       0x1c C:\Users\Administrator\AppData\Local\Temp\VMBuilds\Universal_controller\Arduino_STM32-master_genericSTM32F103R\Release\core.a(i2c_f1.c.o)
                0x08006e14                _i2c_irq_priority_fixup
 .text.nvic_irq_set_priority
                0x08006e30       0x28 C:\Users\Administrator\AppData\Local\Temp\VMBuilds\Universal_controller\Arduino_STM32-master_genericSTM32F103R\Release\core.a(nvic.c.o)
                0x08006e30                nvic_irq_set_priority
 .text.nvic_init
                0x08006e58       0x2c C:\Users\Administrator\AppData\Local\Temp\VMBuilds\Universal_controller\Arduino_STM32-master_genericSTM32F103R\Release\core.a(nvic.c.o)
                0x08006e58                nvic_init
 .text.nvic_sys_reset
                0x08006e84       0x1c C:\Users\Administrator\AppData\Local\Temp\VMBuilds\Universal_controller\Arduino_STM32-master_genericSTM32F103R\Release\core.a(nvic.c.o)
                0x08006e84                nvic_sys_reset
 .text.rcc_dev_clk
                0x08006ea0        0xc C:\Users\Administrator\AppData\Local\Temp\VMBuilds\Universal_controller\Arduino_STM32-master_genericSTM32F103R\Release\core.a(rcc.c.o)
                0x08006ea0                rcc_dev_clk
 .text.rcc_switch_sysclk
                0x08006eac       0x20 C:\Users\Administrator\AppData\Local\Temp\VMBuilds\Universal_controller\Arduino_STM32-master_genericSTM32F103R\Release\core.a(rcc.c.o)
                0x08006eac                rcc_switch_sysclk
 .text.rcc_turn_on_clk
                0x08006ecc       0x18 C:\Users\Administrator\AppData\Local\Temp\VMBuilds\Universal_controller\Arduino_STM32-master_genericSTM32F103R\Release\core.a(rcc.c.o)
                0x08006ecc                rcc_turn_on_clk
 .text.rcc_turn_off_clk
                0x08006ee4       0x1c C:\Users\Administrator\AppData\Local\Temp\VMBuilds\Universal_controller\Arduino_STM32-master_genericSTM32F103R\Release\core.a(rcc.c.o)
                0x08006ee4                rcc_turn_off_clk
 .text.rcc_is_clk_ready
                0x08006f00       0x18 C:\Users\Administrator\AppData\Local\Temp\VMBuilds\Universal_controller\Arduino_STM32-master_genericSTM32F103R\Release\core.a(rcc.c.o)
                0x08006f00                rcc_is_clk_ready
 .text.rcc_configure_pll
                0x08006f18       0x1c C:\Users\Administrator\AppData\Local\Temp\VMBuilds\Universal_controller\Arduino_STM32-master_genericSTM32F103R\Release\core.a(rcc_f1.c.o)
                0x08006f18                rcc_configure_pll
 .text.rcc_clk_enable
                0x08006f34       0x30 C:\Users\Administrator\AppData\Local\Temp\VMBuilds\Universal_controller\Arduino_STM32-master_genericSTM32F103R\Release\core.a(rcc_f1.c.o)
                0x08006f34                rcc_clk_enable
 .text.rcc_reset_dev
                0x08006f64       0x34 C:\Users\Administrator\AppData\Local\Temp\VMBuilds\Universal_controller\Arduino_STM32-master_genericSTM32F103R\Release\core.a(rcc_f1.c.o)
                0x08006f64                rcc_reset_dev
 .text.rcc_set_prescaler
                0x08006f98       0x20 C:\Users\Administrator\AppData\Local\Temp\VMBuilds\Universal_controller\Arduino_STM32-master_genericSTM32F103R\Release\core.a(rcc_f1.c.o)
                0x08006f98                rcc_set_prescaler
 .text.rcc_clk_disable
                0x08006fb8       0x30 C:\Users\Administrator\AppData\Local\Temp\VMBuilds\Universal_controller\Arduino_STM32-master_genericSTM32F103R\Release\core.a(rcc_f1.c.o)
                0x08006fb8                rcc_clk_disable
 .text.systick_init
                0x08006fe8       0x10 C:\Users\Administrator\AppData\Local\Temp\VMBuilds\Universal_controller\Arduino_STM32-master_genericSTM32F103R\Release\core.a(systick.c.o)
                0x08006fe8                systick_init
 .text.__exc_systick
                0x08006ff8       0x1c C:\Users\Administrator\AppData\Local\Temp\VMBuilds\Universal_controller\Arduino_STM32-master_genericSTM32F103R\Release\core.a(systick.c.o)
                0x08006ff8                __exc_systick
 .text.timer_oc_set_mode
                0x08007014       0x32 C:\Users\Administrator\AppData\Local\Temp\VMBuilds\Universal_controller\Arduino_STM32-master_genericSTM32F103R\Release\core.a(timer.c.o)
 .text.timer_cc_enable
                0x08007046       0x1c C:\Users\Administrator\AppData\Local\Temp\VMBuilds\Universal_controller\Arduino_STM32-master_genericSTM32F103R\Release\core.a(timer.c.o)
 *fill*         0x08007062        0x2 
 .text.timer_foreach
                0x08007064       0x4c C:\Users\Administrator\AppData\Local\Temp\VMBuilds\Universal_controller\Arduino_STM32-master_genericSTM32F103R\Release\core.a(timer.c.o)
                0x08007064                timer_foreach
 .text.timer_init
                0x080070b0       0x14 C:\Users\Administrator\AppData\Local\Temp\VMBuilds\Universal_controller\Arduino_STM32-master_genericSTM32F103R\Release\core.a(timer.c.o)
                0x080070b0                timer_init
 .text.timer_has_cc_channel
                0x080070c4       0x30 C:\Users\Administrator\AppData\Local\Temp\VMBuilds\Universal_controller\Arduino_STM32-master_genericSTM32F103R\Release\core.a(timer.c.o)
                0x080070c4                timer_has_cc_channel
 .text.timer_detach_interrupt
                0x080070f4       0x1e C:\Users\Administrator\AppData\Local\Temp\VMBuilds\Universal_controller\Arduino_STM32-master_genericSTM32F103R\Release\core.a(timer.c.o)
                0x080070f4                timer_detach_interrupt
 .text.input_capture_mode
                0x08007112       0x1a C:\Users\Administrator\AppData\Local\Temp\VMBuilds\Universal_controller\Arduino_STM32-master_genericSTM32F103R\Release\core.a(timer.c.o)
                0x08007112                input_capture_mode
 .text.timer_set_mode
                0x0800712c       0x8e C:\Users\Administrator\AppData\Local\Temp\VMBuilds\Universal_controller\Arduino_STM32-master_genericSTM32F103R\Release\core.a(timer.c.o)
                0x0800712c                timer_set_mode
 *fill*         0x080071ba        0x2 
 .text.__irq_tim1_brk
                0x080071bc       0x24 C:\Users\Administrator\AppData\Local\Temp\VMBuilds\Universal_controller\Arduino_STM32-master_genericSTM32F103R\Release\core.a(timer.c.o)
                0x080071bc                __irq_tim1_brk
 .text.__irq_tim1_up
                0x080071e0       0x24 C:\Users\Administrator\AppData\Local\Temp\VMBuilds\Universal_controller\Arduino_STM32-master_genericSTM32F103R\Release\core.a(timer.c.o)
                0x080071e0                __irq_tim1_up
 .text.__irq_tim1_trg_com
                0x08007204       0x38 C:\Users\Administrator\AppData\Local\Temp\VMBuilds\Universal_controller\Arduino_STM32-master_genericSTM32F103R\Release\core.a(timer.c.o)
                0x08007204                __irq_tim1_trg_com
 .text.__irq_tim1_cc
                0x0800723c       0x54 C:\Users\Administrator\AppData\Local\Temp\VMBuilds\Universal_controller\Arduino_STM32-master_genericSTM32F103R\Release\core.a(timer.c.o)
                0x0800723c                __irq_tim1_cc
 .text.__irq_tim2
                0x08007290       0x70 C:\Users\Administrator\AppData\Local\Temp\VMBuilds\Universal_controller\Arduino_STM32-master_genericSTM32F103R\Release\core.a(timer.c.o)
                0x08007290                __irq_tim2
 .text.__irq_tim3
                0x08007300       0x70 C:\Users\Administrator\AppData\Local\Temp\VMBuilds\Universal_controller\Arduino_STM32-master_genericSTM32F103R\Release\core.a(timer.c.o)
                0x08007300                __irq_tim3
 .text.__irq_tim4
                0x08007370       0x70 C:\Users\Administrator\AppData\Local\Temp\VMBuilds\Universal_controller\Arduino_STM32-master_genericSTM32F103R\Release\core.a(timer.c.o)
                0x08007370                __irq_tim4
 .text.__irq_tim5
                0x080073e0       0x70 C:\Users\Administrator\AppData\Local\Temp\VMBuilds\Universal_controller\Arduino_STM32-master_genericSTM32F103R\Release\core.a(timer.c.o)
                0x080073e0                __irq_tim5
 .text.__irq_tim6
                0x08007450       0x24 C:\Users\Administrator\AppData\Local\Temp\VMBuilds\Universal_controller\Arduino_STM32-master_genericSTM32F103R\Release\core.a(timer.c.o)
                0x08007450                __irq_tim6
 .text.__irq_tim7
                0x08007474       0x24 C:\Users\Administrator\AppData\Local\Temp\VMBuilds\Universal_controller\Arduino_STM32-master_genericSTM32F103R\Release\core.a(timer.c.o)
                0x08007474                __irq_tim7
 .text.__irq_tim8_brk
                0x08007498       0x24 C:\Users\Administrator\AppData\Local\Temp\VMBuilds\Universal_controller\Arduino_STM32-master_genericSTM32F103R\Release\core.a(timer.c.o)
                0x08007498                __irq_tim8_brk
 .text.__irq_tim8_up
                0x080074bc       0x24 C:\Users\Administrator\AppData\Local\Temp\VMBuilds\Universal_controller\Arduino_STM32-master_genericSTM32F103R\Release\core.a(timer.c.o)
                0x080074bc                __irq_tim8_up
 .text.__irq_tim8_trg_com
                0x080074e0       0x38 C:\Users\Administrator\AppData\Local\Temp\VMBuilds\Universal_controller\Arduino_STM32-master_genericSTM32F103R\Release\core.a(timer.c.o)
                0x080074e0                __irq_tim8_trg_com
 .text.__irq_tim8_cc
                0x08007518       0x54 C:\Users\Administrator\AppData\Local\Temp\VMBuilds\Universal_controller\Arduino_STM32-master_genericSTM32F103R\Release\core.a(timer.c.o)
                0x08007518                __irq_tim8_cc
 .text.rb_remove
                0x0800756c       0x22 C:\Users\Administrator\AppData\Local\Temp\VMBuilds\Universal_controller\Arduino_STM32-master_genericSTM32F103R\Release\core.a(usart_f1.c.o)
 .text.rb_push_insert
                0x0800758e       0x4a C:\Users\Administrator\AppData\Local\Temp\VMBuilds\Universal_controller\Arduino_STM32-master_genericSTM32F103R\Release\core.a(usart_f1.c.o)
 .text.usart_config_gpios_async
                0x080075d8       0x4a C:\Users\Administrator\AppData\Local\Temp\VMBuilds\Universal_controller\Arduino_STM32-master_genericSTM32F103R\Release\core.a(usart_f1.c.o)
                0x080075d8                usart_config_gpios_async
 .text.usart_set_baud_rate
                0x08007622       0x3a C:\Users\Administrator\AppData\Local\Temp\VMBuilds\Universal_controller\Arduino_STM32-master_genericSTM32F103R\Release\core.a(usart_f1.c.o)
                0x08007622                usart_set_baud_rate
 .text.__irq_usart1
                0x0800765c       0x50 C:\Users\Administrator\AppData\Local\Temp\VMBuilds\Universal_controller\Arduino_STM32-master_genericSTM32F103R\Release\core.a(usart_f1.c.o)
                0x0800765c                __irq_usart1
 .text.__irq_usart2
                0x080076ac       0x50 C:\Users\Administrator\AppData\Local\Temp\VMBuilds\Universal_controller\Arduino_STM32-master_genericSTM32F103R\Release\core.a(usart_f1.c.o)
                0x080076ac                __irq_usart2
 .text.__irq_usart3
                0x080076fc       0x50 C:\Users\Administrator\AppData\Local\Temp\VMBuilds\Universal_controller\Arduino_STM32-master_genericSTM32F103R\Release\core.a(usart_f1.c.o)
                0x080076fc                __irq_usart3
 .text.__irq_uart4
                0x0800774c       0x50 C:\Users\Administrator\AppData\Local\Temp\VMBuilds\Universal_controller\Arduino_STM32-master_genericSTM32F103R\Release\core.a(usart_f1.c.o)
                0x0800774c                __irq_uart4
 .text.__irq_uart5
                0x0800779c       0x50 C:\Users\Administrator\AppData\Local\Temp\VMBuilds\Universal_controller\Arduino_STM32-master_genericSTM32F103R\Release\core.a(usart_f1.c.o)
                0x0800779c                __irq_uart5
 .text._usart_clock_freq
                0x080077ec       0x24 C:\Users\Administrator\AppData\Local\Temp\VMBuilds\Universal_controller\Arduino_STM32-master_genericSTM32F103R\Release\core.a(usart_private.c.o)
                0x080077ec                _usart_clock_freq
 .text.throb    0x08007810       0x54 C:\Users\Administrator\AppData\Local\Temp\VMBuilds\Universal_controller\Arduino_STM32-master_genericSTM32F103R\Release\core.a(util.c.o)
                0x08007810                throb
 .text.__error  0x08007864       0x14 C:\Users\Administrator\AppData\Local\Temp\VMBuilds\Universal_controller\Arduino_STM32-master_genericSTM32F103R\Release\core.a(util.c.o)
                0x08007864                __error
 .text.set_rx_tx_status0
                0x08007878       0x30 C:\Users\Administrator\AppData\Local\Temp\VMBuilds\Universal_controller\Arduino_STM32-master_genericSTM32F103R\Release\core.a(usb.c.o)
 .text.usb_resume
                0x080078a8       0xb0 C:\Users\Administrator\AppData\Local\Temp\VMBuilds\Universal_controller\Arduino_STM32-master_genericSTM32F103R\Release\core.a(usb.c.o)
 .text.usb_init_usblib
                0x08007958       0x48 C:\Users\Administrator\AppData\Local\Temp\VMBuilds\Universal_controller\Arduino_STM32-master_genericSTM32F103R\Release\core.a(usb.c.o)
                0x08007958                usb_init_usblib
 .text.__irq_usb_lp_can_rx0
                0x080079a0      0x18c C:\Users\Administrator\AppData\Local\Temp\VMBuilds\Universal_controller\Arduino_STM32-master_genericSTM32F103R\Release\core.a(usb.c.o)
                0x080079a0                __irq_usb_lp_can_rx0
 .text.usb_set_ep_rx_stat
                0x08007b2c       0x22 C:\Users\Administrator\AppData\Local\Temp\VMBuilds\Universal_controller\Arduino_STM32-master_genericSTM32F103R\Release\core.a(usb_cdcacm.c.o)
 *fill*         0x08007b4e        0x2 
 .text.vcomGetSetLineCoding
                0x08007b50       0x18 C:\Users\Administrator\AppData\Local\Temp\VMBuilds\Universal_controller\Arduino_STM32-master_genericSTM32F103R\Release\core.a(usb_cdcacm.c.o)
 .text.usbInit  0x08007b68       0x44 C:\Users\Administrator\AppData\Local\Temp\VMBuilds\Universal_controller\Arduino_STM32-master_genericSTM32F103R\Release\core.a(usb_cdcacm.c.o)
 .text.usbNoDataSetup
                0x08007bac       0x50 C:\Users\Administrator\AppData\Local\Temp\VMBuilds\Universal_controller\Arduino_STM32-master_genericSTM32F103R\Release\core.a(usb_cdcacm.c.o)
 .text.usbGetInterfaceSetting
                0x08007bfc       0x10 C:\Users\Administrator\AppData\Local\Temp\VMBuilds\Universal_controller\Arduino_STM32-master_genericSTM32F103R\Release\core.a(usb_cdcacm.c.o)
 .text.usbSetConfiguration
                0x08007c0c       0x1c C:\Users\Administrator\AppData\Local\Temp\VMBuilds\Universal_controller\Arduino_STM32-master_genericSTM32F103R\Release\core.a(usb_cdcacm.c.o)
 .text.usbSetDeviceAddress
                0x08007c28       0x10 C:\Users\Administrator\AppData\Local\Temp\VMBuilds\Universal_controller\Arduino_STM32-master_genericSTM32F103R\Release\core.a(usb_cdcacm.c.o)
 .text.usbGetStringDescriptor
                0x08007c38       0x20 C:\Users\Administrator\AppData\Local\Temp\VMBuilds\Universal_controller\Arduino_STM32-master_genericSTM32F103R\Release\core.a(usb_cdcacm.c.o)
 .text.usbGetConfigDescriptor
                0x08007c58        0xc C:\Users\Administrator\AppData\Local\Temp\VMBuilds\Universal_controller\Arduino_STM32-master_genericSTM32F103R\Release\core.a(usb_cdcacm.c.o)
 .text.usbGetDeviceDescriptor
                0x08007c64        0xc C:\Users\Administrator\AppData\Local\Temp\VMBuilds\Universal_controller\Arduino_STM32-master_genericSTM32F103R\Release\core.a(usb_cdcacm.c.o)
 .text.usbDataSetup
                0x08007c70       0x54 C:\Users\Administrator\AppData\Local\Temp\VMBuilds\Universal_controller\Arduino_STM32-master_genericSTM32F103R\Release\core.a(usb_cdcacm.c.o)
 .text.vcomDataRxCb
                0x08007cc4       0x8c C:\Users\Administrator\AppData\Local\Temp\VMBuilds\Universal_controller\Arduino_STM32-master_genericSTM32F103R\Release\core.a(usb_cdcacm.c.o)
 .text.vcomDataTxCb
                0x08007d50       0xa0 C:\Users\Administrator\AppData\Local\Temp\VMBuilds\Universal_controller\Arduino_STM32-master_genericSTM32F103R\Release\core.a(usb_cdcacm.c.o)
 .text.usb_cdcacm_tx.part.2
                0x08007df0       0x54 C:\Users\Administrator\AppData\Local\Temp\VMBuilds\Universal_controller\Arduino_STM32-master_genericSTM32F103R\Release\core.a(usb_cdcacm.c.o)
 .text.usbReset
                0x08007e44      0x15c C:\Users\Administrator\AppData\Local\Temp\VMBuilds\Universal_controller\Arduino_STM32-master_genericSTM32F103R\Release\core.a(usb_cdcacm.c.o)
 .text.usb_cdcacm_set_hooks
                0x08007fa0       0x1c C:\Users\Administrator\AppData\Local\Temp\VMBuilds\Universal_controller\Arduino_STM32-master_genericSTM32F103R\Release\core.a(usb_cdcacm.c.o)
                0x08007fa0                usb_cdcacm_set_hooks
 .text.usb_cdcacm_enable
                0x08007fbc       0x34 C:\Users\Administrator\AppData\Local\Temp\VMBuilds\Universal_controller\Arduino_STM32-master_genericSTM32F103R\Release\core.a(usb_cdcacm.c.o)
                0x08007fbc                usb_cdcacm_enable
 .text.usb_cdcacm_tx
                0x08007ff0        0xa C:\Users\Administrator\AppData\Local\Temp\VMBuilds\Universal_controller\Arduino_STM32-master_genericSTM32F103R\Release\core.a(usb_cdcacm.c.o)
                0x08007ff0                usb_cdcacm_tx
 *fill*         0x08007ffa        0x2 
 .text.usb_cdcacm_data_available
                0x08007ffc       0x18 C:\Users\Administrator\AppData\Local\Temp\VMBuilds\Universal_controller\Arduino_STM32-master_genericSTM32F103R\Release\core.a(usb_cdcacm.c.o)
                0x08007ffc                usb_cdcacm_data_available
 .text.usb_cdcacm_peek
                0x08008014       0x38 C:\Users\Administrator\AppData\Local\Temp\VMBuilds\Universal_controller\Arduino_STM32-master_genericSTM32F103R\Release\core.a(usb_cdcacm.c.o)
                0x08008014                usb_cdcacm_peek
 .text.usb_cdcacm_rx
                0x0800804c       0x34 C:\Users\Administrator\AppData\Local\Temp\VMBuilds\Universal_controller\Arduino_STM32-master_genericSTM32F103R\Release\core.a(usb_cdcacm.c.o)
                0x0800804c                usb_cdcacm_rx
 .text.usb_cdcacm_peek_ex
                0x08008080       0x40 C:\Users\Administrator\AppData\Local\Temp\VMBuilds\Universal_controller\Arduino_STM32-master_genericSTM32F103R\Release\core.a(usb_cdcacm.c.o)
                0x08008080                usb_cdcacm_peek_ex
 .text.usb_cdcacm_get_dtr
                0x080080c0       0x10 C:\Users\Administrator\AppData\Local\Temp\VMBuilds\Universal_controller\Arduino_STM32-master_genericSTM32F103R\Release\core.a(usb_cdcacm.c.o)
                0x080080c0                usb_cdcacm_get_dtr
 .text.usb_set_ep_rx_count
                0x080080d0       0x40 C:\Users\Administrator\AppData\Local\Temp\VMBuilds\Universal_controller\Arduino_STM32-master_genericSTM32F103R\Release\core.a(usb_reg_map.c.o)
                0x080080d0                usb_set_ep_rx_count
 .text.Standard_GetConfiguration
                0x08008110       0x24 C:\Users\Administrator\AppData\Local\Temp\VMBuilds\Universal_controller\Arduino_STM32-master_genericSTM32F103R\Release\core.a(usb_core.c.o)
                0x08008110                Standard_GetConfiguration
 .text.Standard_GetInterface
                0x08008134       0x24 C:\Users\Administrator\AppData\Local\Temp\VMBuilds\Universal_controller\Arduino_STM32-master_genericSTM32F103R\Release\core.a(usb_core.c.o)
                0x08008134                Standard_GetInterface
 .text.Standard_GetStatus
                0x08008158       0x88 C:\Users\Administrator\AppData\Local\Temp\VMBuilds\Universal_controller\Arduino_STM32-master_genericSTM32F103R\Release\core.a(usb_core.c.o)
                0x08008158                Standard_GetStatus
 .text.DataStageIn
                0x080081e0       0xac C:\Users\Administrator\AppData\Local\Temp\VMBuilds\Universal_controller\Arduino_STM32-master_genericSTM32F103R\Release\core.a(usb_core.c.o)
 .text.Standard_SetConfiguration
                0x0800828c       0x38 C:\Users\Administrator\AppData\Local\Temp\VMBuilds\Universal_controller\Arduino_STM32-master_genericSTM32F103R\Release\core.a(usb_core.c.o)
                0x0800828c                Standard_SetConfiguration
 .text.Standard_SetInterface
                0x080082c4       0x4c C:\Users\Administrator\AppData\Local\Temp\VMBuilds\Universal_controller\Arduino_STM32-master_genericSTM32F103R\Release\core.a(usb_core.c.o)
                0x080082c4                Standard_SetInterface
 .text.Standard_ClearFeature
                0x08008310       0xc4 C:\Users\Administrator\AppData\Local\Temp\VMBuilds\Universal_controller\Arduino_STM32-master_genericSTM32F103R\Release\core.a(usb_core.c.o)
                0x08008310                Standard_ClearFeature
 .text.Standard_SetEndPointFeature
                0x080083d4       0x7c C:\Users\Administrator\AppData\Local\Temp\VMBuilds\Universal_controller\Arduino_STM32-master_genericSTM32F103R\Release\core.a(usb_core.c.o)
                0x080083d4                Standard_SetEndPointFeature
 .text.Standard_SetDeviceFeature
                0x08008450       0x24 C:\Users\Administrator\AppData\Local\Temp\VMBuilds\Universal_controller\Arduino_STM32-master_genericSTM32F103R\Release\core.a(usb_core.c.o)
                0x08008450                Standard_SetDeviceFeature
 .text.Standard_GetDescriptorData
                0x08008474       0x1c C:\Users\Administrator\AppData\Local\Temp\VMBuilds\Universal_controller\Arduino_STM32-master_genericSTM32F103R\Release\core.a(usb_core.c.o)
                0x08008474                Standard_GetDescriptorData
 .text.Post0_Process
                0x08008490       0x40 C:\Users\Administrator\AppData\Local\Temp\VMBuilds\Universal_controller\Arduino_STM32-master_genericSTM32F103R\Release\core.a(usb_core.c.o)
                0x08008490                Post0_Process
 .text.Setup0_Process
                0x080084d0      0x2b8 C:\Users\Administrator\AppData\Local\Temp\VMBuilds\Universal_controller\Arduino_STM32-master_genericSTM32F103R\Release\core.a(usb_core.c.o)
                0x080084d0                Setup0_Process
 .text.Out0_Process
                0x08008788       0xc0 C:\Users\Administrator\AppData\Local\Temp\VMBuilds\Universal_controller\Arduino_STM32-master_genericSTM32F103R\Release\core.a(usb_core.c.o)
                0x08008788                Out0_Process
 .text.SetDeviceAddress
                0x08008848       0x38 C:\Users\Administrator\AppData\Local\Temp\VMBuilds\Universal_controller\Arduino_STM32-master_genericSTM32F103R\Release\core.a(usb_core.c.o)
                0x08008848                SetDeviceAddress
 .text.In0_Process
                0x08008880       0x5c C:\Users\Administrator\AppData\Local\Temp\VMBuilds\Universal_controller\Arduino_STM32-master_genericSTM32F103R\Release\core.a(usb_core.c.o)
                0x08008880                In0_Process
 .text.NOP_Process
                0x080088dc        0x2 C:\Users\Administrator\AppData\Local\Temp\VMBuilds\Universal_controller\Arduino_STM32-master_genericSTM32F103R\Release\core.a(usb_core.c.o)
                0x080088dc                NOP_Process
 .text.UserToPMABufferCopy
                0x080088de       0x1e C:\Users\Administrator\AppData\Local\Temp\VMBuilds\Universal_controller\Arduino_STM32-master_genericSTM32F103R\Release\core.a(usb_mem.c.o)
                0x080088de                UserToPMABufferCopy
 .text.PMAToUserBufferCopy
                0x080088fc       0x24 C:\Users\Administrator\AppData\Local\Temp\VMBuilds\Universal_controller\Arduino_STM32-master_genericSTM32F103R\Release\core.a(usb_mem.c.o)
                0x080088fc                PMAToUserBufferCopy
 .text.SetEPTxStatus
                0x08008920       0x2a C:\Users\Administrator\AppData\Local\Temp\VMBuilds\Universal_controller\Arduino_STM32-master_genericSTM32F103R\Release\core.a(usb_regs.c.o)
                0x08008920                SetEPTxStatus
 .text.ClearDTOG_RX
                0x0800894a       0x26 C:\Users\Administrator\AppData\Local\Temp\VMBuilds\Universal_controller\Arduino_STM32-master_genericSTM32F103R\Release\core.a(usb_regs.c.o)
                0x0800894a                ClearDTOG_RX
 .text.ClearDTOG_TX
                0x08008970       0x26 C:\Users\Administrator\AppData\Local\Temp\VMBuilds\Universal_controller\Arduino_STM32-master_genericSTM32F103R\Release\core.a(usb_regs.c.o)
                0x08008970                ClearDTOG_TX
 *fill*         0x08008996        0x2 
 .text.GetEPTxAddr
                0x08008998       0x1c C:\Users\Administrator\AppData\Local\Temp\VMBuilds\Universal_controller\Arduino_STM32-master_genericSTM32F103R\Release\core.a(usb_regs.c.o)
                0x08008998                GetEPTxAddr
 .text.GetEPRxAddr
                0x080089b4       0x1c C:\Users\Administrator\AppData\Local\Temp\VMBuilds\Universal_controller\Arduino_STM32-master_genericSTM32F103R\Release\core.a(usb_regs.c.o)
                0x080089b4                GetEPRxAddr
 .text.SetEPTxCount
                0x080089d0       0x1c C:\Users\Administrator\AppData\Local\Temp\VMBuilds\Universal_controller\Arduino_STM32-master_genericSTM32F103R\Release\core.a(usb_regs.c.o)
                0x080089d0                SetEPTxCount
 .text.SetEPRxCount
                0x080089ec       0x40 C:\Users\Administrator\AppData\Local\Temp\VMBuilds\Universal_controller\Arduino_STM32-master_genericSTM32F103R\Release\core.a(usb_regs.c.o)
                0x080089ec                SetEPRxCount
 .text.rb_full_count
                0x08008a2c       0x18 C:\Users\Administrator\AppData\Local\Temp\VMBuilds\Universal_controller\Arduino_STM32-master_genericSTM32F103R\Release\core.a(HardwareSerial.cpp.o)
 .text._ZN14HardwareSerial4readEv
                0x08008a44       0x38 C:\Users\Administrator\AppData\Local\Temp\VMBuilds\Universal_controller\Arduino_STM32-master_genericSTM32F103R\Release\core.a(HardwareSerial.cpp.o)
                0x08008a44                HardwareSerial::read()
 .text._ZN14HardwareSerial9availableEv
                0x08008a7c        0xc C:\Users\Administrator\AppData\Local\Temp\VMBuilds\Universal_controller\Arduino_STM32-master_genericSTM32F103R\Release\core.a(HardwareSerial.cpp.o)
                0x08008a7c                HardwareSerial::available()
 .text._ZN14HardwareSerial4peekEv
                0x08008a88       0x20 C:\Users\Administrator\AppData\Local\Temp\VMBuilds\Universal_controller\Arduino_STM32-master_genericSTM32F103R\Release\core.a(HardwareSerial.cpp.o)
                0x08008a88                HardwareSerial::peek()
 .text._ZN14HardwareSerial5flushEv
                0x08008aa8       0x18 C:\Users\Administrator\AppData\Local\Temp\VMBuilds\Universal_controller\Arduino_STM32-master_genericSTM32F103R\Release\core.a(HardwareSerial.cpp.o)
                0x08008aa8                HardwareSerial::flush()
 .text._ZN14HardwareSerial5writeEh
                0x08008ac0       0x1e C:\Users\Administrator\AppData\Local\Temp\VMBuilds\Universal_controller\Arduino_STM32-master_genericSTM32F103R\Release\core.a(HardwareSerial.cpp.o)
                0x08008ac0                HardwareSerial::write(unsigned char)
 *fill*         0x08008ade        0x2 
 .text._ZN14HardwareSerialC2EP9usart_devhh
                0x08008ae0       0x20 C:\Users\Administrator\AppData\Local\Temp\VMBuilds\Universal_controller\Arduino_STM32-master_genericSTM32F103R\Release\core.a(HardwareSerial.cpp.o)
                0x08008ae0                HardwareSerial::HardwareSerial(usart_dev*, unsigned char, unsigned char)
                0x08008ae0                HardwareSerial::HardwareSerial(usart_dev*, unsigned char, unsigned char)
 .text._ZN14HardwareSerial5beginEmh
                0x08008b00       0x68 C:\Users\Administrator\AppData\Local\Temp\VMBuilds\Universal_controller\Arduino_STM32-master_genericSTM32F103R\Release\core.a(HardwareSerial.cpp.o)
                0x08008b00                HardwareSerial::begin(unsigned long, unsigned char)
 .text._ZN14HardwareSerial5beginEm
                0x08008b68        0x6 C:\Users\Administrator\AppData\Local\Temp\VMBuilds\Universal_controller\Arduino_STM32-master_genericSTM32F103R\Release\core.a(HardwareSerial.cpp.o)
                0x08008b68                HardwareSerial::begin(unsigned long)
 .text.startup._Z7premainv
                0x08008b6e        0x4 C:\Users\Administrator\AppData\Local\Temp\VMBuilds\Universal_controller\Arduino_STM32-master_genericSTM32F103R\Release\core.a(main.cpp.o)
                0x08008b6e                premain()
 .text.startup.main
                0x08008b72        0xc C:\Users\Administrator\AppData\Local\Temp\VMBuilds\Universal_controller\Arduino_STM32-master_genericSTM32F103R\Release\core.a(main.cpp.o)
                0x08008b72                main
 .text._ZN5Print5writeEPKvm
                0x08008b7e       0x20 C:\Users\Administrator\AppData\Local\Temp\VMBuilds\Universal_controller\Arduino_STM32-master_genericSTM32F103R\Release\core.a(Print.cpp.o)
                0x08008b7e                Print::write(void const*, unsigned long)
 .text._ZN5Print5writeEPKc
                0x08008b9e       0x20 C:\Users\Administrator\AppData\Local\Temp\VMBuilds\Universal_controller\Arduino_STM32-master_genericSTM32F103R\Release\core.a(Print.cpp.o)
                0x08008b9e                Print::write(char const*)
 .text._ZN5Print5printERK6String
                0x08008bbe        0xa C:\Users\Administrator\AppData\Local\Temp\VMBuilds\Universal_controller\Arduino_STM32-master_genericSTM32F103R\Release\core.a(Print.cpp.o)
                0x08008bbe                Print::print(String const&)
 .text._ZN5Print5printEc
                0x08008bc8        0x6 C:\Users\Administrator\AppData\Local\Temp\VMBuilds\Universal_controller\Arduino_STM32-master_genericSTM32F103R\Release\core.a(Print.cpp.o)
                0x08008bc8                Print::print(char)
 .text._ZN5Print5printEPKc
                0x08008bce        0x6 C:\Users\Administrator\AppData\Local\Temp\VMBuilds\Universal_controller\Arduino_STM32-master_genericSTM32F103R\Release\core.a(Print.cpp.o)
                0x08008bce                Print::print(char const*)
 .text._ZN5Print7printlnEv
                0x08008bd4       0x18 C:\Users\Administrator\AppData\Local\Temp\VMBuilds\Universal_controller\Arduino_STM32-master_genericSTM32F103R\Release\core.a(Print.cpp.o)
                0x08008bd4                Print::println()
 .text._ZN5Print7printlnERK6String
                0x08008bec       0x14 C:\Users\Administrator\AppData\Local\Temp\VMBuilds\Universal_controller\Arduino_STM32-master_genericSTM32F103R\Release\core.a(Print.cpp.o)
                0x08008bec                Print::println(String const&)
 .text._ZN5Print7printlnEPKc
                0x08008c00       0x14 C:\Users\Administrator\AppData\Local\Temp\VMBuilds\Universal_controller\Arduino_STM32-master_genericSTM32F103R\Release\core.a(Print.cpp.o)
                0x08008c00                Print::println(char const*)
 .text._ZN5Print11printNumberEyh
                0x08008c14       0x6c C:\Users\Administrator\AppData\Local\Temp\VMBuilds\Universal_controller\Arduino_STM32-master_genericSTM32F103R\Release\core.a(Print.cpp.o)
                0x08008c14                Print::printNumber(unsigned long long, unsigned char)
 .text._ZN5Print5printExi
                0x08008c80       0x32 C:\Users\Administrator\AppData\Local\Temp\VMBuilds\Universal_controller\Arduino_STM32-master_genericSTM32F103R\Release\core.a(Print.cpp.o)
                0x08008c80                Print::print(long long, int)
 .text._ZN5Print5printEii
                0x08008cb2       0x12 C:\Users\Administrator\AppData\Local\Temp\VMBuilds\Universal_controller\Arduino_STM32-master_genericSTM32F103R\Release\core.a(Print.cpp.o)
                0x08008cb2                Print::print(int, int)
 .text._ZN5Print7printlnEii
                0x08008cc4       0x14 C:\Users\Administrator\AppData\Local\Temp\VMBuilds\Universal_controller\Arduino_STM32-master_genericSTM32F103R\Release\core.a(Print.cpp.o)
                0x08008cc4                Print::println(int, int)
 .text._ZN5Print5printEhi
                0x08008cd8       0x14 C:\Users\Administrator\AppData\Local\Temp\VMBuilds\Universal_controller\Arduino_STM32-master_genericSTM32F103R\Release\core.a(Print.cpp.o)
                0x08008cd8                Print::print(unsigned char, int)
 .text._ZN5Print7printlnEhi
                0x08008cec       0x14 C:\Users\Administrator\AppData\Local\Temp\VMBuilds\Universal_controller\Arduino_STM32-master_genericSTM32F103R\Release\core.a(Print.cpp.o)
                0x08008cec                Print::println(unsigned char, int)
 .text._ZN5Print7printlnEmi
                0x08008d00       0x1e C:\Users\Administrator\AppData\Local\Temp\VMBuilds\Universal_controller\Arduino_STM32-master_genericSTM32F103R\Release\core.a(Print.cpp.o)
                0x08008d00                Print::println(unsigned long, int)
 *fill*         0x08008d1e        0x2 
 .text._Z8pwmWriteht
                0x08008d20       0x24 C:\Users\Administrator\AppData\Local\Temp\VMBuilds\Universal_controller\Arduino_STM32-master_genericSTM32F103R\Release\core.a(pwm.cpp.o)
                0x08008d20                pwmWrite(unsigned char, unsigned short)
 .text._Z11analogWritehi
                0x08008d44       0x1c C:\Users\Administrator\AppData\Local\Temp\VMBuilds\Universal_controller\Arduino_STM32-master_genericSTM32F103R\Release\core.a(pwm.cpp.o)
                0x08008d44                analogWrite(unsigned char, int)
 .text._ZN9USBSerial9availableEv
                0x08008d60        0x4 C:\Users\Administrator\AppData\Local\Temp\VMBuilds\Universal_controller\Arduino_STM32-master_genericSTM32F103R\Release\core.a(usb_serial.cpp.o)
                0x08008d60                USBSerial::available()
 .text._ZN9USBSerial4peekEv
                0x08008d64       0x1e C:\Users\Administrator\AppData\Local\Temp\VMBuilds\Universal_controller\Arduino_STM32-master_genericSTM32F103R\Release\core.a(usb_serial.cpp.o)
                0x08008d64                USBSerial::peek()
 .text._ZN9USBSerial4readEv
                0x08008d82       0x1e C:\Users\Administrator\AppData\Local\Temp\VMBuilds\Universal_controller\Arduino_STM32-master_genericSTM32F103R\Release\core.a(usb_serial.cpp.o)
                0x08008d82                USBSerial::read()
 .text._ZL14ifaceSetupHookjPv
                0x08008da0       0x38 C:\Users\Administrator\AppData\Local\Temp\VMBuilds\Universal_controller\Arduino_STM32-master_genericSTM32F103R\Release\core.a(usb_serial.cpp.o)
 .text._ZL6rxHookjPv
                0x08008dd8       0xa0 C:\Users\Administrator\AppData\Local\Temp\VMBuilds\Universal_controller\Arduino_STM32-master_genericSTM32F103R\Release\core.a(usb_serial.cpp.o)
 .text._ZL10wait_resetv
                0x08008e78       0x10 C:\Users\Administrator\AppData\Local\Temp\VMBuilds\Universal_controller\Arduino_STM32-master_genericSTM32F103R\Release\core.a(usb_serial.cpp.o)
 .text._ZN9USBSerial5beginEv
                0x08008e88       0x3c C:\Users\Administrator\AppData\Local\Temp\VMBuilds\Universal_controller\Arduino_STM32-master_genericSTM32F103R\Release\core.a(usb_serial.cpp.o)
                0x08008e88                USBSerial::begin()
 .text._ZN9USBSerial5beginEm
                0x08008ec4        0xc C:\Users\Administrator\AppData\Local\Temp\VMBuilds\Universal_controller\Arduino_STM32-master_genericSTM32F103R\Release\core.a(usb_serial.cpp.o)
                0x08008ec4                USBSerial::begin(unsigned long)
 .text._ZN9USBSerial5writeEPKhm
                0x08008ed0       0x44 C:\Users\Administrator\AppData\Local\Temp\VMBuilds\Universal_controller\Arduino_STM32-master_genericSTM32F103R\Release\core.a(usb_serial.cpp.o)
                0x08008ed0                USBSerial::write(unsigned char const*, unsigned long)
 .text._ZN9USBSerial5writeEh
                0x08008f14       0x16 C:\Users\Administrator\AppData\Local\Temp\VMBuilds\Universal_controller\Arduino_STM32-master_genericSTM32F103R\Release\core.a(usb_serial.cpp.o)
                0x08008f14                USBSerial::write(unsigned char)
 .text._ZN9USBSerial5writeEPKc
                0x08008f2a       0x1a C:\Users\Administrator\AppData\Local\Temp\VMBuilds\Universal_controller\Arduino_STM32-master_genericSTM32F103R\Release\core.a(usb_serial.cpp.o)
                0x08008f2a                USBSerial::write(char const*)
 .text._ZN9USBSerial4readEPhm
                0x08008f44       0x1c C:\Users\Administrator\AppData\Local\Temp\VMBuilds\Universal_controller\Arduino_STM32-master_genericSTM32F103R\Release\core.a(usb_serial.cpp.o)
                0x08008f44                USBSerial::read(unsigned char*, unsigned long)
 .text._ZN9USBSerial5flushEv
                0x08008f60       0x1c C:\Users\Administrator\AppData\Local\Temp\VMBuilds\Universal_controller\Arduino_STM32-master_genericSTM32F103R\Release\core.a(usb_serial.cpp.o)
                0x08008f60                USBSerial::flush()
 .text.startup._GLOBAL__sub_I__ZN9USBSerial9_hasBegunE
                0x08008f7c       0x1c C:\Users\Administrator\AppData\Local\Temp\VMBuilds\Universal_controller\Arduino_STM32-master_genericSTM32F103R\Release\core.a(usb_serial.cpp.o)
 .text._Z10analogReadh
                0x08008f98       0x18 C:\Users\Administrator\AppData\Local\Temp\VMBuilds\Universal_controller\Arduino_STM32-master_genericSTM32F103R\Release\core.a(wirish_analog.cpp.o)
                0x08008f98                analogRead(unsigned char)
 .text._Z11digitalReadh
                0x08008fb0       0x28 C:\Users\Administrator\AppData\Local\Temp\VMBuilds\Universal_controller\Arduino_STM32-master_genericSTM32F103R\Release\core.a(wirish_digital.cpp.o)
                0x08008fb0                digitalRead(unsigned char)
 .text._Z12digitalWritehh
                0x08008fd8       0x2c C:\Users\Administrator\AppData\Local\Temp\VMBuilds\Universal_controller\Arduino_STM32-master_genericSTM32F103R\Release\core.a(wirish_digital.cpp.o)
                0x08008fd8                digitalWrite(unsigned char, unsigned char)
 .text._Z6randoml
                0x08009004       0x16 C:\Users\Administrator\AppData\Local\Temp\VMBuilds\Universal_controller\Arduino_STM32-master_genericSTM32F103R\Release\core.a(wirish_math.cpp.o)
                0x08009004                random(long)
 .text._Z6randomll
                0x0800901a       0x14 C:\Users\Administrator\AppData\Local\Temp\VMBuilds\Universal_controller\Arduino_STM32-master_genericSTM32F103R\Release\core.a(wirish_math.cpp.o)
                0x0800901a                random(long, long)
 *fill*         0x0800902e        0x2 
 .text._ZL6microsv
                0x08009030       0x34 C:\Users\Administrator\AppData\Local\Temp\VMBuilds\Universal_controller\Arduino_STM32-master_genericSTM32F103R\Release\core.a(wirish_time.cpp.o)
 .text._Z5delaym
                0x08009064       0x26 C:\Users\Administrator\AppData\Local\Temp\VMBuilds\Universal_controller\Arduino_STM32-master_genericSTM32F103R\Release\core.a(wirish_time.cpp.o)
                0x08009064                delay(unsigned long)
 .text._Z17delayMicrosecondsm
                0x0800908a       0x10 C:\Users\Administrator\AppData\Local\Temp\VMBuilds\Universal_controller\Arduino_STM32-master_genericSTM32F103R\Release\core.a(wirish_time.cpp.o)
                0x0800908a                delayMicroseconds(unsigned long)
 .text._ZN6StringD2Ev
                0x0800909a        0xe C:\Users\Administrator\AppData\Local\Temp\VMBuilds\Universal_controller\Arduino_STM32-master_genericSTM32F103R\Release\core.a(WString.cpp.o)
                0x0800909a                String::~String()
                0x0800909a                String::~String()
 .text._ZN6String10invalidateEv
                0x080090a8       0x16 C:\Users\Administrator\AppData\Local\Temp\VMBuilds\Universal_controller\Arduino_STM32-master_genericSTM32F103R\Release\core.a(WString.cpp.o)
                0x080090a8                String::invalidate()
 .text._ZN6String12changeBufferEj
                0x080090be       0x18 C:\Users\Administrator\AppData\Local\Temp\VMBuilds\Universal_controller\Arduino_STM32-master_genericSTM32F103R\Release\core.a(WString.cpp.o)
                0x080090be                String::changeBuffer(unsigned int)
 .text._ZN6String7reserveEj
                0x080090d6       0x28 C:\Users\Administrator\AppData\Local\Temp\VMBuilds\Universal_controller\Arduino_STM32-master_genericSTM32F103R\Release\core.a(WString.cpp.o)
                0x080090d6                String::reserve(unsigned int)
 .text._ZN6String4copyEPKcj
                0x080090fe       0x26 C:\Users\Administrator\AppData\Local\Temp\VMBuilds\Universal_controller\Arduino_STM32-master_genericSTM32F103R\Release\core.a(WString.cpp.o)
                0x080090fe                String::copy(char const*, unsigned int)
 .text._ZN6StringC2EPKc
                0x08009124       0x24 C:\Users\Administrator\AppData\Local\Temp\VMBuilds\Universal_controller\Arduino_STM32-master_genericSTM32F103R\Release\core.a(WString.cpp.o)
                0x08009124                String::String(char const*)
                0x08009124                String::String(char const*)
 .text._ZN6StringaSEPKc.part.3
                0x08009148       0x1a C:\Users\Administrator\AppData\Local\Temp\VMBuilds\Universal_controller\Arduino_STM32-master_genericSTM32F103R\Release\core.a(WString.cpp.o)
 .text._ZN6StringC2Ec
                0x08009162       0x20 C:\Users\Administrator\AppData\Local\Temp\VMBuilds\Universal_controller\Arduino_STM32-master_genericSTM32F103R\Release\core.a(WString.cpp.o)
                0x08009162                String::String(char)
                0x08009162                String::String(char)
 .text._ZN6StringC2Eih
                0x08009182       0x24 C:\Users\Administrator\AppData\Local\Temp\VMBuilds\Universal_controller\Arduino_STM32-master_genericSTM32F103R\Release\core.a(WString.cpp.o)
                0x08009182                String::String(int, unsigned char)
                0x08009182                String::String(int, unsigned char)
 .text._ZN6StringC2Ejh
                0x080091a6       0x24 C:\Users\Administrator\AppData\Local\Temp\VMBuilds\Universal_controller\Arduino_STM32-master_genericSTM32F103R\Release\core.a(WString.cpp.o)
                0x080091a6                String::String(unsigned int, unsigned char)
                0x080091a6                String::String(unsigned int, unsigned char)
 .text._ZN6String4moveERS_
                0x080091ca       0x3c C:\Users\Administrator\AppData\Local\Temp\VMBuilds\Universal_controller\Arduino_STM32-master_genericSTM32F103R\Release\core.a(WString.cpp.o)
                0x080091ca                String::move(String&)
 .text._ZN6StringaSERKS_
                0x08009206       0x1e C:\Users\Administrator\AppData\Local\Temp\VMBuilds\Universal_controller\Arduino_STM32-master_genericSTM32F103R\Release\core.a(WString.cpp.o)
                0x08009206                String::operator=(String const&)
 .text._ZN6StringC2ERKS_
                0x08009224       0x14 C:\Users\Administrator\AppData\Local\Temp\VMBuilds\Universal_controller\Arduino_STM32-master_genericSTM32F103R\Release\core.a(WString.cpp.o)
                0x08009224                String::String(String const&)
                0x08009224                String::String(String const&)
 .text._ZN6StringaSEOS_
                0x08009238       0x10 C:\Users\Administrator\AppData\Local\Temp\VMBuilds\Universal_controller\Arduino_STM32-master_genericSTM32F103R\Release\core.a(WString.cpp.o)
                0x08009238                String::operator=(String&&)
 .text._ZN6StringaSEPKc
                0x08009248       0x14 C:\Users\Administrator\AppData\Local\Temp\VMBuilds\Universal_controller\Arduino_STM32-master_genericSTM32F103R\Release\core.a(WString.cpp.o)
                0x08009248                String::operator=(char const*)
 .text._ZN6StringC2Efh
                0x0800925c       0x34 C:\Users\Administrator\AppData\Local\Temp\VMBuilds\Universal_controller\Arduino_STM32-master_genericSTM32F103R\Release\core.a(WString.cpp.o)
                0x0800925c                String::String(float, unsigned char)
                0x0800925c                String::String(float, unsigned char)
 .text._ZN6String6concatEPKcj
                0x08009290       0x2e C:\Users\Administrator\AppData\Local\Temp\VMBuilds\Universal_controller\Arduino_STM32-master_genericSTM32F103R\Release\core.a(WString.cpp.o)
                0x08009290                String::concat(char const*, unsigned int)
 .text._ZN6String6concatERKS_
                0x080092be        0x8 C:\Users\Administrator\AppData\Local\Temp\VMBuilds\Universal_controller\Arduino_STM32-master_genericSTM32F103R\Release\core.a(WString.cpp.o)
                0x080092be                String::concat(String const&)
 .text._ZN6String6concatEi
                0x080092c6       0x22 C:\Users\Administrator\AppData\Local\Temp\VMBuilds\Universal_controller\Arduino_STM32-master_genericSTM32F103R\Release\core.a(WString.cpp.o)
                0x080092c6                String::concat(int)
 .text._ZN6String6concatEj
                0x080092e8       0x22 C:\Users\Administrator\AppData\Local\Temp\VMBuilds\Universal_controller\Arduino_STM32-master_genericSTM32F103R\Release\core.a(WString.cpp.o)
                0x080092e8                String::concat(unsigned int)
 .text._ZN6String6concatEf
                0x0800930a       0x2c C:\Users\Administrator\AppData\Local\Temp\VMBuilds\Universal_controller\Arduino_STM32-master_genericSTM32F103R\Release\core.a(WString.cpp.o)
                0x0800930a                String::concat(float)
 .text._ZplRK15StringSumHelperRK6String
                0x08009336       0x18 C:\Users\Administrator\AppData\Local\Temp\VMBuilds\Universal_controller\Arduino_STM32-master_genericSTM32F103R\Release\core.a(WString.cpp.o)
                0x08009336                operator+(StringSumHelper const&, String const&)
 .text._ZplRK15StringSumHelperPKc
                0x0800934e       0x28 C:\Users\Administrator\AppData\Local\Temp\VMBuilds\Universal_controller\Arduino_STM32-master_genericSTM32F103R\Release\core.a(WString.cpp.o)
                0x0800934e                operator+(StringSumHelper const&, char const*)
 .text._ZplRK15StringSumHelperi
                0x08009376       0x14 C:\Users\Administrator\AppData\Local\Temp\VMBuilds\Universal_controller\Arduino_STM32-master_genericSTM32F103R\Release\core.a(WString.cpp.o)
                0x08009376                operator+(StringSumHelper const&, int)
 .text._ZplRK15StringSumHelperj
                0x0800938a       0x14 C:\Users\Administrator\AppData\Local\Temp\VMBuilds\Universal_controller\Arduino_STM32-master_genericSTM32F103R\Release\core.a(WString.cpp.o)
                0x0800938a                operator+(StringSumHelper const&, unsigned int)
 .text._ZplRK15StringSumHelperf
                0x0800939e       0x14 C:\Users\Administrator\AppData\Local\Temp\VMBuilds\Universal_controller\Arduino_STM32-master_genericSTM32F103R\Release\core.a(WString.cpp.o)
                0x0800939e                operator+(StringSumHelper const&, float)
 .text._ZNK6String9compareToERKS_
                0x080093b2       0x2a C:\Users\Administrator\AppData\Local\Temp\VMBuilds\Universal_controller\Arduino_STM32-master_genericSTM32F103R\Release\core.a(WString.cpp.o)
                0x080093b2                String::compareTo(String const&) const
 .text._ZNK6String6equalsERKS_
                0x080093dc       0x1a C:\Users\Administrator\AppData\Local\Temp\VMBuilds\Universal_controller\Arduino_STM32-master_genericSTM32F103R\Release\core.a(WString.cpp.o)
                0x080093dc                String::equals(String const&) const
 .text._ZNK6String7indexOfERKS_j
                0x080093f6       0x1e C:\Users\Administrator\AppData\Local\Temp\VMBuilds\Universal_controller\Arduino_STM32-master_genericSTM32F103R\Release\core.a(WString.cpp.o)
                0x080093f6                String::indexOf(String const&, unsigned int) const
 .text._ZNK6String7indexOfERKS_
                0x08009414        0x6 C:\Users\Administrator\AppData\Local\Temp\VMBuilds\Universal_controller\Arduino_STM32-master_genericSTM32F103R\Release\core.a(WString.cpp.o)
                0x08009414                String::indexOf(String const&) const
 *fill*         0x0800941a        0x2 
 .text._ZNK6String9substringEjj
                0x0800941c       0x4c C:\Users\Administrator\AppData\Local\Temp\VMBuilds\Universal_controller\Arduino_STM32-master_genericSTM32F103R\Release\core.a(WString.cpp.o)
                0x0800941c                String::substring(unsigned int, unsigned int) const
 .text._ZN6String6removeEjj
                0x08009468       0x32 C:\Users\Administrator\AppData\Local\Temp\VMBuilds\Universal_controller\Arduino_STM32-master_genericSTM32F103R\Release\core.a(WString.cpp.o)
                0x08009468                String::remove(unsigned int, unsigned int)
 .text._ZN6String11toUpperCaseEv
                0x0800949a       0x18 C:\Users\Administrator\AppData\Local\Temp\VMBuilds\Universal_controller\Arduino_STM32-master_genericSTM32F103R\Release\core.a(WString.cpp.o)
                0x0800949a                String::toUpperCase()
 *fill*         0x080094b2        0x2 
 .text._Z7pinModeh13WiringPinMode
                0x080094b4       0x84 C:\Users\Administrator\AppData\Local\Temp\VMBuilds\Universal_controller\Arduino_STM32-master_genericSTM32F103R\Release\core.a(wirish_digital_f1.cpp.o)
                0x080094b4                pinMode(unsigned char, WiringPinMode)
 .text.__empty  0x08009538        0x2 C:\Users\Administrator\AppData\Local\Temp\VMBuilds\Universal_controller\Arduino_STM32-master_genericSTM32F103R\Release\core.a(hooks.c.o)
                0x08009538                yield
 .text.ltoa     0x0800953a       0x70 C:\Users\Administrator\AppData\Local\Temp\VMBuilds\Universal_controller\Arduino_STM32-master_genericSTM32F103R\Release\core.a(itoa.c.o)
                0x0800953a                ltoa
 .text.itoa     0x080095aa        0x4 C:\Users\Administrator\AppData\Local\Temp\VMBuilds\Universal_controller\Arduino_STM32-master_genericSTM32F103R\Release\core.a(itoa.c.o)
                0x080095aa                itoa
 .text.ultoa    0x080095ae       0x52 C:\Users\Administrator\AppData\Local\Temp\VMBuilds\Universal_controller\Arduino_STM32-master_genericSTM32F103R\Release\core.a(itoa.c.o)
                0x080095ae                ultoa
 .text.utoa     0x08009600        0x4 C:\Users\Administrator\AppData\Local\Temp\VMBuilds\Universal_controller\Arduino_STM32-master_genericSTM32F103R\Release\core.a(itoa.c.o)
                0x08009600                utoa
 .text.dtostrf  0x08009604       0x28 C:\Users\Administrator\AppData\Local\Temp\VMBuilds\Universal_controller\Arduino_STM32-master_genericSTM32F103R\Release\core.a(dtostrf.c.o)
                0x08009604                dtostrf
 .text.data_register
                0x0800962c       0x28 C:\Users\Administrator\AppData\Local\Temp\VMBuilds\Universal_controller\Arduino_STM32-master_genericSTM32F103R\Release\core.a(bkp_f1.c.o)
 .text.bkp_init
                0x08009654       0x18 C:\Users\Administrator\AppData\Local\Temp\VMBuilds\Universal_controller\Arduino_STM32-master_genericSTM32F103R\Release\core.a(bkp_f1.c.o)
                0x08009654                bkp_init
 .text.bkp_enable_writes
                0x0800966c        0xc C:\Users\Administrator\AppData\Local\Temp\VMBuilds\Universal_controller\Arduino_STM32-master_genericSTM32F103R\Release\core.a(bkp_f1.c.o)
                0x0800966c                bkp_enable_writes
 .text.bkp_disable_writes
                0x08009678        0xc C:\Users\Administrator\AppData\Local\Temp\VMBuilds\Universal_controller\Arduino_STM32-master_genericSTM32F103R\Release\core.a(bkp_f1.c.o)
                0x08009678                bkp_disable_writes
 .text.bkp_write
                0x08009684        0xc C:\Users\Administrator\AppData\Local\Temp\VMBuilds\Universal_controller\Arduino_STM32-master_genericSTM32F103R\Release\core.a(bkp_f1.c.o)
                0x08009684                bkp_write
 .text.gpio_init
                0x08009690       0x14 C:\Users\Administrator\AppData\Local\Temp\VMBuilds\Universal_controller\Arduino_STM32-master_genericSTM32F103R\Release\core.a(gpio.c.o)
                0x08009690                gpio_init
 .text.i2c_start_condition
                0x080096a4       0x14 C:\Users\Administrator\AppData\Local\Temp\VMBuilds\Universal_controller\Arduino_STM32-master_genericSTM32F103R\Release\core.a(i2c.c.o)
 .text.i2c_stop_condition
                0x080096b8       0x1c C:\Users\Administrator\AppData\Local\Temp\VMBuilds\Universal_controller\Arduino_STM32-master_genericSTM32F103R\Release\core.a(i2c.c.o)
 .text._i2c_irq_handler
                0x080096d4      0x170 C:\Users\Administrator\AppData\Local\Temp\VMBuilds\Universal_controller\Arduino_STM32-master_genericSTM32F103R\Release\core.a(i2c.c.o)
                0x080096d4                _i2c_irq_handler
 .text._i2c_irq_error_handler
                0x08009844       0x28 C:\Users\Administrator\AppData\Local\Temp\VMBuilds\Universal_controller\Arduino_STM32-master_genericSTM32F103R\Release\core.a(i2c.c.o)
                0x08009844                _i2c_irq_error_handler
 .text.usart_init
                0x0800986c       0x4c C:\Users\Administrator\AppData\Local\Temp\VMBuilds\Universal_controller\Arduino_STM32-master_genericSTM32F103R\Release\core.a(usart.c.o)
                0x0800986c                usart_init
 .text.usart_enable
                0x080098b8       0x14 C:\Users\Administrator\AppData\Local\Temp\VMBuilds\Universal_controller\Arduino_STM32-master_genericSTM32F103R\Release\core.a(usart.c.o)
                0x080098b8                usart_enable
 .text.usart_tx
                0x080098cc       0x8e C:\Users\Administrator\AppData\Local\Temp\VMBuilds\Universal_controller\Arduino_STM32-master_genericSTM32F103R\Release\core.a(usart.c.o)
                0x080098cc                usart_tx
 *fill*         0x0800995a        0x2 
 .text.__aeabi_atexit
                0x0800995c        0xc c:/users/administrator/appdata/local/arduino15/packages/arduino/tools/arm-none-eabi-gcc/7-2017q4/bin/../lib/gcc/arm-none-eabi/7.2.1/../../../../arm-none-eabi/lib/thumb/v7-m\libstdc++.a(atexit_arm.o)
                0x0800995c                __aeabi_atexit
 .text.floorf   0x08009968       0x88 c:/users/administrator/appdata/local/arduino15/packages/arduino/tools/arm-none-eabi-gcc/7-2017q4/bin/../lib/gcc/arm-none-eabi/7.2.1/../../../../arm-none-eabi/lib/thumb/v7-m\libm.a(lib_a-sf_floor.o)
                0x08009968                floorf
 .text          0x080099f0      0x378 c:/users/administrator/appdata/local/arduino15/packages/arduino/tools/arm-none-eabi-gcc/7-2017q4/bin/../lib/gcc/arm-none-eabi/7.2.1/thumb/v7-m\libgcc.a(_arm_addsubdf3.o)
                0x080099f0                __aeabi_drsub
                0x080099f8                __aeabi_dsub
                0x080099f8                __subdf3
                0x080099fc                __aeabi_dadd
                0x080099fc                __adddf3
                0x08009c74                __floatunsidf
                0x08009c74                __aeabi_ui2d
                0x08009c94                __floatsidf
                0x08009c94                __aeabi_i2d
                0x08009cb8                __aeabi_f2d
                0x08009cb8                __extendsfdf2
                0x08009cfc                __floatundidf
                0x08009cfc                __aeabi_ul2d
                0x08009d0c                __floatdidf
                0x08009d0c                __aeabi_l2d
 .text          0x08009d68      0x424 c:/users/administrator/appdata/local/arduino15/packages/arduino/tools/arm-none-eabi-gcc/7-2017q4/bin/../lib/gcc/arm-none-eabi/7.2.1/thumb/v7-m\libgcc.a(_arm_muldivdf3.o)
                0x08009d68                __aeabi_dmul
                0x08009d68                __muldf3
                0x08009fbc                __divdf3
                0x08009fbc                __aeabi_ddiv
 .text          0x0800a18c      0x110 c:/users/administrator/appdata/local/arduino15/packages/arduino/tools/arm-none-eabi-gcc/7-2017q4/bin/../lib/gcc/arm-none-eabi/7.2.1/thumb/v7-m\libgcc.a(_arm_cmpdf2.o)
                0x0800a18c                __gtdf2
                0x0800a18c                __gedf2
                0x0800a194                __ltdf2
                0x0800a194                __ledf2
                0x0800a19c                __nedf2
                0x0800a19c                __eqdf2
                0x0800a19c                __cmpdf2
                0x0800a218                __aeabi_cdrcmple
                0x0800a228                __aeabi_cdcmpeq
                0x0800a228                __aeabi_cdcmple
                0x0800a238                __aeabi_dcmpeq
                0x0800a24c                __aeabi_dcmplt
                0x0800a260                __aeabi_dcmple
                0x0800a274                __aeabi_dcmpge
                0x0800a288                __aeabi_dcmpgt
 .text          0x0800a29c       0x50 c:/users/administrator/appdata/local/arduino15/packages/arduino/tools/arm-none-eabi-gcc/7-2017q4/bin/../lib/gcc/arm-none-eabi/7.2.1/thumb/v7-m\libgcc.a(_arm_fixdfsi.o)
                0x0800a29c                __aeabi_d2iz
                0x0800a29c                __fixdfsi
 .text          0x0800a2ec       0xa0 c:/users/administrator/appdata/local/arduino15/packages/arduino/tools/arm-none-eabi-gcc/7-2017q4/bin/../lib/gcc/arm-none-eabi/7.2.1/thumb/v7-m\libgcc.a(_arm_truncdfsf2.o)
                0x0800a2ec                __truncdfsf2
                0x0800a2ec                __aeabi_d2f
 .text          0x0800a38c      0x21c c:/users/administrator/appdata/local/arduino15/packages/arduino/tools/arm-none-eabi-gcc/7-2017q4/bin/../lib/gcc/arm-none-eabi/7.2.1/thumb/v7-m\libgcc.a(_arm_addsubsf3.o)
                0x0800a38c                __aeabi_frsub
                0x0800a394                __subsf3
                0x0800a394                __aeabi_fsub
                0x0800a398                __aeabi_fadd
                0x0800a398                __addsf3
                0x0800a4f8                __aeabi_ui2f
                0x0800a4f8                __floatunsisf
                0x0800a500                __aeabi_i2f
                0x0800a500                __floatsisf
                0x0800a51c                __aeabi_ul2f
                0x0800a51c                __floatundisf
                0x0800a52c                __aeabi_l2f
                0x0800a52c                __floatdisf
 .text          0x0800a5a8       0xec c:/users/administrator/appdata/local/arduino15/packages/arduino/tools/arm-none-eabi-gcc/7-2017q4/bin/../lib/gcc/arm-none-eabi/7.2.1/thumb/v7-m\libgcc.a(_arm_cmpsf2.o)
                0x0800a5a8                __gesf2
                0x0800a5a8                __gtsf2
                0x0800a5b0                __lesf2
                0x0800a5b0                __ltsf2
                0x0800a5b8                __nesf2
                0x0800a5b8                __eqsf2
                0x0800a5b8                __cmpsf2
                0x0800a618                __aeabi_cfrcmple
                0x0800a620                __aeabi_cfcmpeq
                0x0800a620                __aeabi_cfcmple
                0x0800a630                __aeabi_fcmpeq
                0x0800a644                __aeabi_fcmplt
                0x0800a658                __aeabi_fcmple
                0x0800a66c                __aeabi_fcmpge
                0x0800a680                __aeabi_fcmpgt
 .text          0x0800a694       0x4c c:/users/administrator/appdata/local/arduino15/packages/arduino/tools/arm-none-eabi-gcc/7-2017q4/bin/../lib/gcc/arm-none-eabi/7.2.1/thumb/v7-m\libgcc.a(_arm_fixsfsi.o)
                0x0800a694                __aeabi_f2iz
                0x0800a694                __fixsfsi
 .text          0x0800a6e0       0x30 c:/users/administrator/appdata/local/arduino15/packages/arduino/tools/arm-none-eabi-gcc/7-2017q4/bin/../lib/gcc/arm-none-eabi/7.2.1/thumb/v7-m\libgcc.a(_aeabi_uldivmod.o)
                0x0800a6e0                __aeabi_uldivmod
 .text          0x0800a710      0x2d0 c:/users/administrator/appdata/local/arduino15/packages/arduino/tools/arm-none-eabi-gcc/7-2017q4/bin/../lib/gcc/arm-none-eabi/7.2.1/thumb/v7-m\libgcc.a(_udivmoddi4.o)
                0x0800a710                __udivmoddi4
 .text          0x0800a9e0        0x4 c:/users/administrator/appdata/local/arduino15/packages/arduino/tools/arm-none-eabi-gcc/7-2017q4/bin/../lib/gcc/arm-none-eabi/7.2.1/thumb/v7-m\libgcc.a(_dvmd_tls.o)
                0x0800a9e0                __aeabi_idiv0
                0x0800a9e0                __aeabi_ldiv0
 .text.__cxa_atexit
                0x0800a9e4        0xc c:/users/administrator/appdata/local/arduino15/packages/arduino/tools/arm-none-eabi-gcc/7-2017q4/bin/../lib/gcc/arm-none-eabi/7.2.1/../../../../arm-none-eabi/lib/thumb/v7-m\libc.a(lib_a-cxa_atexit.o)
                0x0800a9e4                __cxa_atexit
 .text.__errno  0x0800a9f0        0xc c:/users/administrator/appdata/local/arduino15/packages/arduino/tools/arm-none-eabi-gcc/7-2017q4/bin/../lib/gcc/arm-none-eabi/7.2.1/../../../../arm-none-eabi/lib/thumb/v7-m\libc.a(lib_a-errno.o)
                0x0800a9f0                __errno
 .text.exit     0x0800a9fc       0x20 c:/users/administrator/appdata/local/arduino15/packages/arduino/tools/arm-none-eabi-gcc/7-2017q4/bin/../lib/gcc/arm-none-eabi/7.2.1/../../../../arm-none-eabi/lib/thumb/v7-m\libc.a(lib_a-exit.o)
                0x0800a9fc                exit
 .text.__libc_init_array
                0x0800aa1c       0x48 c:/users/administrator/appdata/local/arduino15/packages/arduino/tools/arm-none-eabi-gcc/7-2017q4/bin/../lib/gcc/arm-none-eabi/7.2.1/../../../../arm-none-eabi/lib/thumb/v7-m\libc.a(lib_a-init.o)
                0x0800aa1c                __libc_init_array
 .text.__locale_ctype_ptr
                0x0800aa64       0x1c c:/users/administrator/appdata/local/arduino15/packages/arduino/tools/arm-none-eabi-gcc/7-2017q4/bin/../lib/gcc/arm-none-eabi/7.2.1/../../../../arm-none-eabi/lib/thumb/v7-m\libc.a(lib_a-locale.o)
                0x0800aa64                __locale_ctype_ptr
 .text.malloc   0x0800aa80       0x10 c:/users/administrator/appdata/local/arduino15/packages/arduino/tools/arm-none-eabi-gcc/7-2017q4/bin/../lib/gcc/arm-none-eabi/7.2.1/../../../../arm-none-eabi/lib/thumb/v7-m\libc.a(lib_a-malloc.o)
                0x0800aa80                malloc
 .text.free     0x0800aa90       0x10 c:/users/administrator/appdata/local/arduino15/packages/arduino/tools/arm-none-eabi-gcc/7-2017q4/bin/../lib/gcc/arm-none-eabi/7.2.1/../../../../arm-none-eabi/lib/thumb/v7-m\libc.a(lib_a-malloc.o)
                0x0800aa90                free
 .text._malloc_r
                0x0800aaa0      0x524 c:/users/administrator/appdata/local/arduino15/packages/arduino/tools/arm-none-eabi-gcc/7-2017q4/bin/../lib/gcc/arm-none-eabi/7.2.1/../../../../arm-none-eabi/lib/thumb/v7-m\libc.a(lib_a-mallocr.o)
                0x0800aaa0                _malloc_r
 .text.__ascii_mbtowc
                0x0800afc4       0x2c c:/users/administrator/appdata/local/arduino15/packages/arduino/tools/arm-none-eabi-gcc/7-2017q4/bin/../lib/gcc/arm-none-eabi/7.2.1/../../../../arm-none-eabi/lib/thumb/v7-m\libc.a(lib_a-mbtowc_r.o)
                0x0800afc4                __ascii_mbtowc
 .text          0x0800aff0       0xec c:/users/administrator/appdata/local/arduino15/packages/arduino/tools/arm-none-eabi-gcc/7-2017q4/bin/../lib/gcc/arm-none-eabi/7.2.1/../../../../arm-none-eabi/lib/thumb/v7-m\libc.a(lib_a-memcpy.o)
                0x0800aff0                memcpy
 .text.memmove  0x0800b0dc       0xc4 c:/users/administrator/appdata/local/arduino15/packages/arduino/tools/arm-none-eabi-gcc/7-2017q4/bin/../lib/gcc/arm-none-eabi/7.2.1/../../../../arm-none-eabi/lib/thumb/v7-m\libc.a(lib_a-memmove.o)
                0x0800b0dc                memmove
 .text.memset   0x0800b1a0       0x94 c:/users/administrator/appdata/local/arduino15/packages/arduino/tools/arm-none-eabi-gcc/7-2017q4/bin/../lib/gcc/arm-none-eabi/7.2.1/../../../../arm-none-eabi/lib/thumb/v7-m\libc.a(lib_a-memset.o)
                0x0800b1a0                memset
 .text.__malloc_lock
                0x0800b234        0xc c:/users/administrator/appdata/local/arduino15/packages/arduino/tools/arm-none-eabi-gcc/7-2017q4/bin/../lib/gcc/arm-none-eabi/7.2.1/../../../../arm-none-eabi/lib/thumb/v7-m\libc.a(lib_a-mlock.o)
                0x0800b234                __malloc_lock
 .text.__malloc_unlock
                0x0800b240        0xc c:/users/administrator/appdata/local/arduino15/packages/arduino/tools/arm-none-eabi-gcc/7-2017q4/bin/../lib/gcc/arm-none-eabi/7.2.1/../../../../arm-none-eabi/lib/thumb/v7-m\libc.a(lib_a-mlock.o)
                0x0800b240                __malloc_unlock
 .text.rand     0x0800b24c       0x3c c:/users/administrator/appdata/local/arduino15/packages/arduino/tools/arm-none-eabi-gcc/7-2017q4/bin/../lib/gcc/arm-none-eabi/7.2.1/../../../../arm-none-eabi/lib/thumb/v7-m\libc.a(lib_a-rand.o)
                0x0800b24c                rand
 .text.realloc  0x0800b288       0x10 c:/users/administrator/appdata/local/arduino15/packages/arduino/tools/arm-none-eabi-gcc/7-2017q4/bin/../lib/gcc/arm-none-eabi/7.2.1/../../../../arm-none-eabi/lib/thumb/v7-m\libc.a(lib_a-realloc.o)
                0x0800b288                realloc
 .text._realloc_r
                0x0800b298      0x374 c:/users/administrator/appdata/local/arduino15/packages/arduino/tools/arm-none-eabi-gcc/7-2017q4/bin/../lib/gcc/arm-none-eabi/7.2.1/../../../../arm-none-eabi/lib/thumb/v7-m\libc.a(lib_a-reallocr.o)
                0x0800b298                _realloc_r
 .text._sbrk_r  0x0800b60c       0x24 c:/users/administrator/appdata/local/arduino15/packages/arduino/tools/arm-none-eabi-gcc/7-2017q4/bin/../lib/gcc/arm-none-eabi/7.2.1/../../../../arm-none-eabi/lib/thumb/v7-m\libc.a(lib_a-sbrkr.o)
                0x0800b60c                _sbrk_r
 .text.sprintf  0x0800b630       0x44 c:/users/administrator/appdata/local/arduino15/packages/arduino/tools/arm-none-eabi-gcc/7-2017q4/bin/../lib/gcc/arm-none-eabi/7.2.1/../../../../arm-none-eabi/lib/thumb/v7-m\libc.a(lib_a-sprintf.o)
                0x0800b630                sprintf
 .text.strchr   0x0800b674       0xe8 c:/users/administrator/appdata/local/arduino15/packages/arduino/tools/arm-none-eabi-gcc/7-2017q4/bin/../lib/gcc/arm-none-eabi/7.2.1/../../../../arm-none-eabi/lib/thumb/v7-m\libc.a(lib_a-strchr.o)
                0x0800b674                strchr
 .text          0x0800b75c      0x1bc c:/users/administrator/appdata/local/arduino15/packages/arduino/tools/arm-none-eabi-gcc/7-2017q4/bin/../lib/gcc/arm-none-eabi/7.2.1/../../../../arm-none-eabi/lib/thumb/v7-m\libc.a(lib_a-strcmp.o)
                0x0800b75c                strcmp
 .text.strcpy   0x0800b918       0xbc c:/users/administrator/appdata/local/arduino15/packages/arduino/tools/arm-none-eabi-gcc/7-2017q4/bin/../lib/gcc/arm-none-eabi/7.2.1/../../../../arm-none-eabi/lib/thumb/v7-m\libc.a(lib_a-strcpy.o)
                0x0800b918                strcpy
 .text.strlen   0x0800b9d4       0x5c c:/users/administrator/appdata/local/arduino15/packages/arduino/tools/arm-none-eabi-gcc/7-2017q4/bin/../lib/gcc/arm-none-eabi/7.2.1/../../../../arm-none-eabi/lib/thumb/v7-m\libc.a(lib_a-strlen-stub.o)
                0x0800b9d4                strlen
 .text.strncpy  0x0800ba30       0x64 c:/users/administrator/appdata/local/arduino15/packages/arduino/tools/arm-none-eabi-gcc/7-2017q4/bin/../lib/gcc/arm-none-eabi/7.2.1/../../../../arm-none-eabi/lib/thumb/v7-m\libc.a(lib_a-strncpy.o)
                0x0800ba30                strncpy
 .text.critical_factorization
                0x0800ba94       0xb4 c:/users/administrator/appdata/local/arduino15/packages/arduino/tools/arm-none-eabi-gcc/7-2017q4/bin/../lib/gcc/arm-none-eabi/7.2.1/../../../../arm-none-eabi/lib/thumb/v7-m\libc.a(lib_a-strstr.o)
 .text.two_way_long_needle
                0x0800bb48      0x1f8 c:/users/administrator/appdata/local/arduino15/packages/arduino/tools/arm-none-eabi-gcc/7-2017q4/bin/../lib/gcc/arm-none-eabi/7.2.1/../../../../arm-none-eabi/lib/thumb/v7-m\libc.a(lib_a-strstr.o)