Archive member included to satisfy reference by file (symbol)

C:\Users\Administrator\AppData\Local\Temp\VMBuilds\Universal_controller\Arduino_STM32-master_genericSTM32F103R\Release\core.a(exc.S.o)
                              (__exc_nmi)
C:\Users\Administrator\AppData\Local\Temp\VMBuilds\Universal_controller\Arduino_STM32-master_genericSTM32F103R\Release\core.a(isrs.S.o)
                              (__stm32reservedexception7)
C:\Users\Administrator\AppData\Local\Temp\VMBuilds\Universal_controller\Arduino_STM32-master_genericSTM32F103R\Release\core.a(vector_table.S.o)
                              (__stm32_vector_table)
C:\Users\Administrator\AppData\Local\Temp\VMBuilds\Universal_controller\Arduino_STM32-master_genericSTM32F103R\Release\core.a(adc.c.o)
                              C:\Users\Administrator\AppData\Local\Temp\VMBCore\arduino16x\1d5bbd1283c0998d3b1230e5801fb023\variant\boards.cpp.o (adc_set_sample_rate)
C:\Users\Administrator\AppData\Local\Temp\VMBuilds\Universal_controller\Arduino_STM32-master_genericSTM32F103R\Release\core.a(adc_f1.c.o)
                              C:\Users\Administrator\AppData\Local\Temp\VMBuilds\Universal_controller\Arduino_STM32-master_genericSTM32F103R\Release\core.a(vector_table.S.o) (__irq_adc)
C:\Users\Administrator\AppData\Local\Temp\VMBuilds\Universal_controller\Arduino_STM32-master_genericSTM32F103R\Release\core.a(dma_f1.c.o)
                              C:\Users\Administrator\AppData\Local\Temp\VMBuilds\Universal_controller\Arduino_STM32-master_genericSTM32F103R\Release\core.a(vector_table.S.o) (__irq_dma1_channel1)
C:\Users\Administrator\AppData\Local\Temp\VMBuilds\Universal_controller\Arduino_STM32-master_genericSTM32F103R\Release\core.a(exti.c.o)
                              C:\Users\Administrator\AppData\Local\Temp\VMBuilds\Universal_controller\Arduino_STM32-master_genericSTM32F103R\Release\core.a(vector_table.S.o) (__irq_exti0)
C:\Users\Administrator\AppData\Local\Temp\VMBuilds\Universal_controller\Arduino_STM32-master_genericSTM32F103R\Release\core.a(exti_f1.c.o)
                              C:\Users\Administrator\AppData\Local\Temp\VMBuilds\Universal_controller\Arduino_STM32-master_genericSTM32F103R\Release\core.a(exti.c.o) (exti_select)
C:\Users\Administrator\AppData\Local\Temp\VMBuilds\Universal_controller\Arduino_STM32-master_genericSTM32F103R\Release\core.a(flash.c.o)
                              C:\Users\Administrator\AppData\Local\Temp\VMBCore\arduino16x\1d5bbd1283c0998d3b1230e5801fb023\variant\boards.cpp.o (flash_set_latency)
C:\Users\Administrator\AppData\Local\Temp\VMBuilds\Universal_controller\Arduino_STM32-master_genericSTM32F103R\Release\core.a(gpio_f1.c.o)
                              C:\Users\Administrator\AppData\Local\Temp\VMBCore\arduino16x\1d5bbd1283c0998d3b1230e5801fb023\variant\boards_setup.cpp.o (gpio_init_all)
C:\Users\Administrator\AppData\Local\Temp\VMBuilds\Universal_controller\Arduino_STM32-master_genericSTM32F103R\Release\core.a(i2c_f1.c.o)
                              C:\Users\Administrator\AppData\Local\Temp\VMBuilds\Universal_controller\Arduino_STM32-master_genericSTM32F103R\Release\core.a(vector_table.S.o) (__irq_i2c1_ev)
C:\Users\Administrator\AppData\Local\Temp\VMBuilds\Universal_controller\Arduino_STM32-master_genericSTM32F103R\Release\core.a(nvic.c.o)
                              C:\Users\Administrator\AppData\Local\Temp\VMBuilds\Universal_controller\Arduino_STM32-master_genericSTM32F103R\Release\core.a(i2c_f1.c.o) (nvic_irq_set_priority)
C:\Users\Administrator\AppData\Local\Temp\VMBuilds\Universal_controller\Arduino_STM32-master_genericSTM32F103R\Release\core.a(rcc.c.o)
                              C:\Users\Administrator\AppData\Local\Temp\VMBCore\arduino16x\1d5bbd1283c0998d3b1230e5801fb023\variant\boards.cpp.o (rcc_switch_sysclk)
C:\Users\Administrator\AppData\Local\Temp\VMBuilds\Universal_controller\Arduino_STM32-master_genericSTM32F103R\Release\core.a(rcc_f1.c.o)
                              C:\Users\Administrator\AppData\Local\Temp\VMBCore\arduino16x\1d5bbd1283c0998d3b1230e5801fb023\variant\boards.cpp.o (rcc_configure_pll)
C:\Users\Administrator\AppData\Local\Temp\VMBuilds\Universal_controller\Arduino_STM32-master_genericSTM32F103R\Release\core.a(systick.c.o)
                              C:\Users\Administrator\AppData\Local\Temp\VMBCore\arduino16x\1d5bbd1283c0998d3b1230e5801fb023\variant\boards.cpp.o (systick_init)
C:\Users\Administrator\AppData\Local\Temp\VMBuilds\Universal_controller\Arduino_STM32-master_genericSTM32F103R\Release\core.a(timer.c.o)
                              C:\Users\Administrator\AppData\Local\Temp\VMBCore\arduino16x\1d5bbd1283c0998d3b1230e5801fb023\variant\boards.cpp.o (timer_foreach)
C:\Users\Administrator\AppData\Local\Temp\VMBuilds\Universal_controller\Arduino_STM32-master_genericSTM32F103R\Release\core.a(usart_f1.c.o)
[...]
Memory Configuration

Name             Origin             Length             Attributes
ram              0x20000000         0x0000c000         xrw
rom              0x08000000         0x00040000         xr
*default*        0x00000000         0xffffffff

Linker script and memory map

LOAD c:/users/administrator/appdata/local/arduino15/packages/arduino/tools/arm-none-eabi-gcc/7-2017q4/bin/../lib/gcc/arm-none-eabi/7.2.1/thumb/v7-m/crti.o
LOAD c:/users/administrator/appdata/local/arduino15/packages/arduino/tools/arm-none-eabi-gcc/7-2017q4/bin/../lib/gcc/arm-none-eabi/7.2.1/thumb/v7-m/crtbegin.o
LOAD c:/users/administrator/appdata/local/arduino15/packages/arduino/tools/arm-none-eabi-gcc/7-2017q4/bin/../lib/gcc/arm-none-eabi/7.2.1/../../../../arm-none-eabi/lib/thumb/v7-m/crt0.o
LOAD c:/users/administrator/appdata/local/arduino15/packages/arduino/tools/arm-none-eabi-gcc/7-2017q4/bin/../lib/gcc/arm-none-eabi/7.2.1/thumb/v7-m\libgcc.a
START GROUP
LOAD Universal_controller.cpp.o
LOAD AT24CXX.cpp.o
LOAD i2c.cpp.o
LOAD user_A011_E011.cpp.o
LOAD user_crc8.cpp.o
LOAD user_initialization.cpp.o
LOAD user_judgement.cpp.o
LOAD user_lorainit.cpp.o
LOAD EEPROM\flash_stm32.c.o
LOAD EEPROM\EEPROM.cpp.o
LOAD C:\Users\Administrator\AppData\Local\Temp\VMBCore\arduino16x\1d5bbd1283c0998d3b1230e5801fb023\variant\board.cpp.o
LOAD C:\Users\Administrator\AppData\Local\Temp\VMBCore\arduino16x\1d5bbd1283c0998d3b1230e5801fb023\variant\boards.cpp.o
LOAD C:\Users\Administrator\AppData\Local\Temp\VMBCore\arduino16x\1d5bbd1283c0998d3b1230e5801fb023\variant\boards_setup.cpp.o
LOAD C:\Users\Administrator\AppData\Local\Temp\VMBCore\arduino16x\1d5bbd1283c0998d3b1230e5801fb023\variant\start.S.o
LOAD C:\Users\Administrator\AppData\Local\Temp\VMBCore\arduino16x\1d5bbd1283c0998d3b1230e5801fb023\variant\start_c.c.o
LOAD C:\Users\Administrator\AppData\Local\Temp\VMBCore\arduino16x\1d5bbd1283c0998d3b1230e5801fb023\variant\syscalls.c.o
LOAD C:\Users\Administrator\AppData\Local\Temp\VMBuilds\Universal_controller\Arduino_STM32-master_genericSTM32F103R\Release\core.a
END GROUP
LOAD c:/users/administrator/appdata/local/arduino15/packages/arduino/tools/arm-none-eabi-gcc/7-2017q4/bin/../lib/gcc/arm-none-eabi/7.2.1/../../../../arm-none-eabi/lib/thumb/v7-m\libstdc++.a
LOAD c:/users/administrator/appdata/local/arduino15/packages/arduino/tools/arm-none-eabi-gcc/7-2017q4/bin/../lib/gcc/arm-none-eabi/7.2.1/../../../../arm-none-eabi/lib/thumb/v7-m\libm.a
START GROUP
LOAD c:/users/administrator/appdata/local/arduino15/packages/arduino/tools/arm-none-eabi-gcc/7-2017q4/bin/../lib/gcc/arm-none-eabi/7.2.1/thumb/v7-m\libgcc.a
LOAD c:/users/administrator/appdata/local/arduino15/packages/arduino/tools/arm-none-eabi-gcc/7-2017q4/bin/../lib/gcc/arm-none-eabi/7.2.1/../../../../arm-none-eabi/lib/thumb/v7-m\libc.a
END GROUP
LOAD c:/users/administrator/appdata/local/arduino15/packages/arduino/tools/arm-none-eabi-gcc/7-2017q4/bin/../lib/gcc/arm-none-eabi/7.2.1/thumb/v7-m/crtend.o
LOAD c:/users/administrator/appdata/local/arduino15/packages/arduino/tools/arm-none-eabi-gcc/7-2017q4/bin/../lib/gcc/arm-none-eabi/7.2.1/thumb/v7-m/crtn.o
START GROUP
LOAD c:/users/administrator/appdata/local/arduino15/packages/arduino/tools/arm-none-eabi-gcc/7-2017q4/bin/../lib/gcc/arm-none-eabi/7.2.1/thumb/v7-m\libgcc.a
LOAD c:/users/administrator/appdata/local/arduino15/packages/arduino/tools/arm-none-eabi-gcc/7-2017q4/bin/../lib/gcc/arm-none-eabi/7.2.1/../../../../arm-none-eabi/lib/thumb/v7-m\libc.a
LOAD c:/users/administrator/appdata/local/arduino15/packages/arduino/tools/arm-none-eabi-gcc/7-2017q4/bin/../lib/gcc/arm-none-eabi/7.2.1/../../../../arm-none-eabi/lib/thumb/v7-m\libm.a
END GROUP
START GROUP
LOAD c:/users/administrator/appdata/local/arduino15/packages/arduino/tools/arm-none-eabi-gcc/7-2017q4/bin/../lib/gcc/arm-none-eabi/7.2.1/../../../../arm-none-eabi/lib/thumb/v7-m\libnosys.a
END GROUP
                0x2000c000                PROVIDE (__msp_init, (ORIGIN (ram) + LENGTH (ram)))
                0x08002710                PROVIDE (__exc_reset, __start__)

.text           0x08000000     0x6a40
                0x08000000                __text_start__ = .
 *(.stm32.interrupt_vector)
 .stm32.interrupt_vector
                0x08000000      0x130 C:\Users\Administrator\AppData\Local\Temp\VMBuilds\Universal_controller\Arduino_STM32-master_genericSTM32F103R\Release\core.a(vector_table.S.o)
                0x08000000                __stm32_vector_table
 *(.text .text.* .gnu.linkonce.t.*)
 .text          0x08000130       0x40 c:/users/administrator/appdata/local/arduino15/packages/arduino/tools/arm-none-eabi-gcc/7-2017q4/bin/../lib/gcc/arm-none-eabi/7.2.1/thumb/v7-m/crtbegin.o
 .text._Z5setupv
                0x08000170      0x118 Universal_controller.cpp.o
                0x08000170                setup()
 .text.startup._GLOBAL__sub_I__Z5setupv
                0x08000288       0x48 Universal_controller.cpp.o
 .text._Z24LORA_Receive_informationv
                0x080002d0      0x114 Universal_controller.cpp.o
                0x080002d0                LORA_Receive_information()
 .text._Z4loopv
                0x080003e4      0x110 Universal_controller.cpp.o
                0x080003e4                loop()
 .text._Z19AT24CXX_ReadOneBytej
                0x080004f4       0x46 AT24CXX.cpp.o
                0x080004f4                AT24CXX_ReadOneByte(unsigned int)
 .text._Z20AT24CXX_WriteOneBytejh
                0x0800053a       0x4e AT24CXX.cpp.o
                0x0800053a                AT24CXX_WriteOneByte(unsigned int, unsigned char)
 .text._Z7i2cInitv
                0x08000588       0x26 i2c.cpp.o
                0x08000588                i2cInit()
 .text._Z7SDA_Outv
                0x080005ae        0x8 i2c.cpp.o
                0x080005ae                SDA_Out()
 .text._Z6SDA_Inv
                0x080005b6        0x8 i2c.cpp.o
                0x080005b6                SDA_In()
 .text._Z5Startv
                0x080005be       0x36 i2c.cpp.o
                0x080005be                Start()
 .text._Z4Stopv
                0x080005f4       0x36 i2c.cpp.o
                0x080005f4                Stop()
 .text._Z3Ackv  0x0800062a       0x36 i2c.cpp.o
                0x0800062a                Ack()
 .text._Z4NAckv
                0x08000660       0x36 i2c.cpp.o
                0x08000660                NAck()
 .text._Z8Wait_Ackv
                0x08000696       0x4a i2c.cpp.o
                0x08000696                Wait_Ack()
 .text._Z9Send_Byteh
                0x080006e0       0x4a i2c.cpp.o
                0x080006e0                Send_Byte(unsigned char)
 .text._Z9Read_Byteh
                0x0800072a       0x50 i2c.cpp.o
                0x0800072a                Read_Byte(unsigned char)
 *fill*         0x0800077a        0x2 
 .text._Z9E011_initv
                0x0800077c      0x110 user_A011_E011.cpp.o
                0x0800077c                E011_init()
 .text._Z9Send_E011i
                0x0800088c      0x1f8 user_A011_E011.cpp.o
                0x0800088c                Send_E011(int)
 .text._Z7GetCrc8Phi
                0x08000a84       0x2c user_crc8.cpp.o
                0x08000a84                GetCrc8(unsigned char*, int)
 .text._Z14Initializationv
                0x08000ab0      0x35c user_initialization.cpp.o
                0x08000ab0                Initialization()
 .text._Z14Send_Data_Lampv
                0x08000e0c       0x1c user_initialization.cpp.o
                0x08000e0c                Send_Data_Lamp()
 .text._Z17Receive_data_lampv
                0x08000e28       0x1c user_initialization.cpp.o
                0x08000e28                Receive_data_lamp()
 .text._Z10addr_writev
                0x08000e44      0x180 user_lorainit.cpp.o
                0x08000e44                addr_write()
 .text._Z19LORA_Initializationv
                0x08000fc4     0x14ac user_lorainit.cpp.o
                0x08000fc4                LORA_Initialization()
 .text.startup._GLOBAL__sub_I__ZN11EEPROMClass12EE_CheckPageEmt
                0x08002470       0x20 EEPROM\EEPROM.cpp.o
 .text.startup._GLOBAL__sub_I_PIN_MAP
                0x08002490       0x74 C:\Users\Administrator\AppData\Local\Temp\VMBCore\arduino16x\1d5bbd1283c0998d3b1230e5801fb023\variant\board.cpp.o
 .text._ZL18adc_default_configP7adc_dev
                0x08002504       0x1c C:\Users\Administrator\AppData\Local\Temp\VMBCore\arduino16x\1d5bbd1283c0998d3b1230e5801fb023\variant\boards.cpp.o
 .text._ZL20timer_default_configP9timer_dev
                0x08002520       0xa8 C:\Users\Administrator\AppData\Local\Temp\VMBCore\arduino16x\1d5bbd1283c0998d3b1230e5801fb023\variant\boards.cpp.o
 .text._Z9boardInitv
                0x080025c8        0x2 C:\Users\Administrator\AppData\Local\Temp\VMBCore\arduino16x\1d5bbd1283c0998d3b1230e5801fb023\variant\boards.cpp.o
                0x080025c8                boardInit()
 *fill*         0x080025ca        0x2 
 .text._Z4initv
                0x080025cc       0xbc C:\Users\Administrator\AppData\Local\Temp\VMBCore\arduino16x\1d5bbd1283c0998d3b1230e5801fb023\variant\boards.cpp.o
                0x080025cc                init()
 .text._ZN6wirish4priv15board_reset_pllEv
                0x08002688        0x2 C:\Users\Administrator\AppData\Local\Temp\VMBCore\arduino16x\1d5bbd1283c0998d3b1230e5801fb023\variant\boards_setup.cpp.o
                0x08002688                wirish::priv::board_reset_pll()
 .text._ZN6wirish4priv28board_setup_clock_prescalersEv
                0x0800268a       0x2e C:\Users\Administrator\AppData\Local\Temp\VMBCore\arduino16x\1d5bbd1283c0998d3b1230e5801fb023\variant\boards_setup.cpp.o
                0x0800268a                wirish::priv::board_setup_clock_prescalers()
 .text._ZN6wirish4priv16board_setup_gpioEv
                0x080026b8        0x4 C:\Users\Administrator\AppData\Local\Temp\VMBCore\arduino16x\1d5bbd1283c0998d3b1230e5801fb023\variant\boards_setup.cpp.o
                0x080026b8                wirish::priv::board_setup_gpio()
 .text._ZN6wirish4priv15board_setup_usbEv
                0x080026bc       0x50 C:\Users\Administrator\AppData\Local\Temp\VMBCore\arduino16x\1d5bbd1283c0998d3b1230e5801fb023\variant\boards_setup.cpp.o
                0x080026bc                wirish::priv::board_setup_usb()
 .text._ZN6wirish4priv11series_initEv
                0x0800270c        0x4 C:\Users\Administrator\AppData\Local\Temp\VMBCore\arduino16x\1d5bbd1283c0998d3b1230e5801fb023\variant\boards_setup.cpp.o
                0x0800270c                wirish::priv::series_init()
 .text          0x08002710       0x10 C:\Users\Administrator\AppData\Local\Temp\VMBCore\arduino16x\1d5bbd1283c0998d3b1230e5801fb023\variant\start.S.o
                0x08002710                __start__
 .text.start_c  0x08002720       0x60 C:\Users\Administrator\AppData\Local\Temp\VMBCore\arduino16x\1d5bbd1283c0998d3b1230e5801fb023\variant\start_c.c.o
                0x08002720                start_c
 .text._sbrk    0x08002780       0x44 C:\Users\Administrator\AppData\Local\Temp\VMBCore\arduino16x\1d5bbd1283c0998d3b1230e5801fb023\variant\syscalls.c.o
                0x08002780                _sbrk
 .text._exit    0x080027c4        0x2 C:\Users\Administrator\AppData\Local\Temp\VMBCore\arduino16x\1d5bbd1283c0998d3b1230e5801fb023\variant\syscalls.c.o
                0x080027c4                _exit
 *fill*         0x080027c6        0xa 
 .text          0x080027d0       0x54 C:\Users\Administrator\AppData\Local\Temp\VMBuilds\Universal_controller\Arduino_STM32-master_genericSTM32F103R\Release\core.a(exc.S.o)
                0x080027d0                __exc_nmi
                0x080027d4                __exc_hardfault
                0x080027d8                __exc_memmanage
                0x080027dc                __exc_busfault
                0x080027e0                __exc_usagefault
 .text          0x08002824        0x2 C:\Users\Administrator\AppData\Local\Temp\VMBuilds\Universal_controller\Arduino_STM32-master_genericSTM32F103R\Release\core.a(isrs.S.o)
                0x08002824                __stm32reservedexception9
                0x08002824                __irq_sdio
                0x08002824                __irq_fsmc
                0x08002824                __exc_debug_monitor
                0x08002824                __exc_svc
                0x08002824                __irq_can_rx1
                0x08002824                __irq_spi2
                0x08002824                __irq_can_sce
                0x08002824                __irq_pvd
                0x08002824                __irq_tamper
                0x08002824                __default_handler
                0x08002824                __irq_wwdg
                0x08002824                __stm32reservedexception10
                0x08002824                __irq_flash
                0x08002824                __stm32reservedexception13
                0x08002824                __irq_rtc
                0x08002824                __irq_spi1
                0x08002824                __stm32reservedexception7
                0x08002824                __irq_usb_hp_can_tx
                0x08002824                __irq_rtcalarm
                0x08002824                __irq_spi3
                0x08002824                __stm32reservedexception8
                0x08002824                __exc_pendsv
                0x08002824                __irq_usbwakeup
                0x08002824                __irq_rcc
 .text.adc_init
                0x08002826       0x14 C:\Users\Administrator\AppData\Local\Temp\VMBuilds\Universal_controller\Arduino_STM32-master_genericSTM32F103R\Release\core.a(adc.c.o)
                0x08002826                adc_init
 .text.adc_set_extsel
                0x0800283a       0x12 C:\Users\Administrator\AppData\Local\Temp\VMBuilds\Universal_controller\Arduino_STM32-master_genericSTM32F103R\Release\core.a(adc.c.o)
                0x0800283a                adc_set_extsel
 .text.adc_set_sample_rate
                0x0800284c       0x2a C:\Users\Administrator\AppData\Local\Temp\VMBuilds\Universal_controller\Arduino_STM32-master_genericSTM32F103R\Release\core.a(adc.c.o)
                0x0800284c                adc_set_sample_rate
 *fill*         0x08002876        0x2 
 .text.__irq_adc
                0x08002878       0x54 C:\Users\Administrator\AppData\Local\Temp\VMBuilds\Universal_controller\Arduino_STM32-master_genericSTM32F103R\Release\core.a(adc_f1.c.o)
                0x08002878                __irq_adc
 .text.__irq_adc3
                0x080028cc       0x54 C:\Users\Administrator\AppData\Local\Temp\VMBuilds\Universal_controller\Arduino_STM32-master_genericSTM32F103R\Release\core.a(adc_f1.c.o)
                0x080028cc                __irq_adc3
 .text.adc_calibrate
                0x08002920       0x24 C:\Users\Administrator\AppData\Local\Temp\VMBuilds\Universal_controller\Arduino_STM32-master_genericSTM32F103R\Release\core.a(adc_f1.c.o)
                0x08002920                adc_calibrate
 .text.adc_set_prescaler
                0x08002944        0x8 C:\Users\Administrator\AppData\Local\Temp\VMBuilds\Universal_controller\Arduino_STM32-master_genericSTM32F103R\Release\core.a(adc_f1.c.o)
                0x08002944                adc_set_prescaler
 .text.adc_foreach
                0x0800294c       0x28 C:\Users\Administrator\AppData\Local\Temp\VMBuilds\Universal_controller\Arduino_STM32-master_genericSTM32F103R\Release\core.a(adc_f1.c.o)
                0x0800294c                adc_foreach
 .text.adc_enable_single_swstart
                0x08002974       0x36 C:\Users\Administrator\AppData\Local\Temp\VMBuilds\Universal_controller\Arduino_STM32-master_genericSTM32F103R\Release\core.a(adc_f1.c.o)
                0x08002974                adc_enable_single_swstart
 *fill*         0x080029aa        0x2 
 .text.__irq_dma1_channel1
                0x080029ac       0x18 C:\Users\Administrator\AppData\Local\Temp\VMBuilds\Universal_controller\Arduino_STM32-master_genericSTM32F103R\Release\core.a(dma_f1.c.o)
                0x080029ac                __irq_dma1_channel1
 .text.__irq_dma1_channel2
                0x080029c4       0x18 C:\Users\Administrator\AppData\Local\Temp\VMBuilds\Universal_controller\Arduino_STM32-master_genericSTM32F103R\Release\core.a(dma_f1.c.o)
                0x080029c4                __irq_dma1_channel2
 .text.__irq_dma1_channel3
                0x080029dc       0x1c C:\Users\Administrator\AppData\Local\Temp\VMBuilds\Universal_controller\Arduino_STM32-master_genericSTM32F103R\Release\core.a(dma_f1.c.o)
                0x080029dc                __irq_dma1_channel3
 .text.__irq_dma1_channel4
                0x080029f8       0x1c C:\Users\Administrator\AppData\Local\Temp\VMBuilds\Universal_controller\Arduino_STM32-master_genericSTM32F103R\Release\core.a(dma_f1.c.o)
                0x080029f8                __irq_dma1_channel4
 .text.__irq_dma1_channel5
                0x08002a14       0x1c C:\Users\Administrator\AppData\Local\Temp\VMBuilds\Universal_controller\Arduino_STM32-master_genericSTM32F103R\Release\core.a(dma_f1.c.o)
                0x08002a14                __irq_dma1_channel5
 .text.__irq_dma1_channel6
                0x08002a30       0x1c C:\Users\Administrator\AppData\Local\Temp\VMBuilds\Universal_controller\Arduino_STM32-master_genericSTM32F103R\Release\core.a(dma_f1.c.o)
                0x08002a30                __irq_dma1_channel6
 .text.__irq_dma1_channel7
                0x08002a4c       0x1c C:\Users\Administrator\AppData\Local\Temp\VMBuilds\Universal_controller\Arduino_STM32-master_genericSTM32F103R\Release\core.a(dma_f1.c.o)
                0x08002a4c                __irq_dma1_channel7
 .text.__irq_dma2_channel1
                0x08002a68       0x18 C:\Users\Administrator\AppData\Local\Temp\VMBuilds\Universal_controller\Arduino_STM32-master_genericSTM32F103R\Release\core.a(dma_f1.c.o)
                0x08002a68                __irq_dma2_channel1
 .text.__irq_dma2_channel2
                0x08002a80       0x18 C:\Users\Administrator\AppData\Local\Temp\VMBuilds\Universal_controller\Arduino_STM32-master_genericSTM32F103R\Release\core.a(dma_f1.c.o)
                0x08002a80                __irq_dma2_channel2
 .text.__irq_dma2_channel3
                0x08002a98       0x1c C:\Users\Administrator\AppData\Local\Temp\VMBuilds\Universal_controller\Arduino_STM32-master_genericSTM32F103R\Release\core.a(dma_f1.c.o)
                0x08002a98                __irq_dma2_channel3
 .text.__irq_dma2_channel4_5
                0x08002ab4       0x4c C:\Users\Administrator\AppData\Local\Temp\VMBuilds\Universal_controller\Arduino_STM32-master_genericSTM32F103R\Release\core.a(dma_f1.c.o)
                0x08002ab4                __irq_dma2_channel4_5
 .text.__irq_exti0
                0x08002b00       0x20 C:\Users\Administrator\AppData\Local\Temp\VMBuilds\Universal_controller\Arduino_STM32-master_genericSTM32F103R\Release\core.a(exti.c.o)
                0x08002b00                __irq_exti0
 .text.__irq_exti1
                0x08002b20       0x20 C:\Users\Administrator\AppData\Local\Temp\VMBuilds\Universal_controller\Arduino_STM32-master_genericSTM32F103R\Release\core.a(exti.c.o)
                0x08002b20                __irq_exti1
 .text.__irq_exti2
                0x08002b40       0x20 C:\Users\Administrator\AppData\Local\Temp\VMBuilds\Universal_controller\Arduino_STM32-master_genericSTM32F103R\Release\core.a(exti.c.o)
                0x08002b40                __irq_exti2
 .text.__irq_exti3
                0x08002b60       0x20 C:\Users\Administrator\AppData\Local\Temp\VMBuilds\Universal_controller\Arduino_STM32-master_genericSTM32F103R\Release\core.a(exti.c.o)
                0x08002b60                __irq_exti3
 .text.__irq_exti4
                0x08002b80       0x20 C:\Users\Administrator\AppData\Local\Temp\VMBuilds\Universal_controller\Arduino_STM32-master_genericSTM32F103R\Release\core.a(exti.c.o)
                0x08002b80                __irq_exti4
 .text.__irq_exti9_5
                0x08002ba0       0x48 C:\Users\Administrator\AppData\Local\Temp\VMBuilds\Universal_controller\Arduino_STM32-master_genericSTM32F103R\Release\core.a(exti.c.o)
                0x08002ba0                __irq_exti9_5
 .text.__irq_exti15_10
                0x08002be8       0x48 C:\Users\Administrator\AppData\Local\Temp\VMBuilds\Universal_controller\Arduino_STM32-master_genericSTM32F103R\Release\core.a(exti.c.o)
                0x08002be8                __irq_exti15_10
 .text.flash_set_latency
                0x08002c30       0x14 C:\Users\Administrator\AppData\Local\Temp\VMBuilds\Universal_controller\Arduino_STM32-master_genericSTM32F103R\Release\core.a(flash.c.o)
                0x08002c30                flash_set_latency
 .text.gpio_init_all
                0x08002c44       0x30 C:\Users\Administrator\AppData\Local\Temp\VMBuilds\Universal_controller\Arduino_STM32-master_genericSTM32F103R\Release\core.a(gpio_f1.c.o)
                0x08002c44                gpio_init_all
 .text.gpio_set_mode
                0x08002c74       0x4e C:\Users\Administrator\AppData\Local\Temp\VMBuilds\Universal_controller\Arduino_STM32-master_genericSTM32F103R\Release\core.a(gpio_f1.c.o)
                0x08002c74                gpio_set_mode
 .text.afio_init
                0x08002cc2       0x12 C:\Users\Administrator\AppData\Local\Temp\VMBuilds\Universal_controller\Arduino_STM32-master_genericSTM32F103R\Release\core.a(gpio_f1.c.o)
                0x08002cc2                afio_init
 .text.__irq_i2c1_ev
                0x08002cd4        0xc C:\Users\Administrator\AppData\Local\Temp\VMBuilds\Universal_controller\Arduino_STM32-master_genericSTM32F103R\Release\core.a(i2c_f1.c.o)
                0x08002cd4                __irq_i2c1_ev
 .text.__irq_i2c2_ev
                0x08002ce0        0xc C:\Users\Administrator\AppData\Local\Temp\VMBuilds\Universal_controller\Arduino_STM32-master_genericSTM32F103R\Release\core.a(i2c_f1.c.o)
                0x08002ce0                __irq_i2c2_ev
 .text.__irq_i2c1_er
                0x08002cec        0xc C:\Users\Administrator\AppData\Local\Temp\VMBuilds\Universal_controller\Arduino_STM32-master_genericSTM32F103R\Release\core.a(i2c_f1.c.o)
                0x08002cec                __irq_i2c1_er
 .text.__irq_i2c2_er
                0x08002cf8        0xc C:\Users\Administrator\AppData\Local\Temp\VMBuilds\Universal_controller\Arduino_STM32-master_genericSTM32F103R\Release\core.a(i2c_f1.c.o)
                0x08002cf8                __irq_i2c2_er
 .text._i2c_irq_priority_fixup
                0x08002d04       0x1c C:\Users\Administrator\AppData\Local\Temp\VMBuilds\Universal_controller\Arduino_STM32-master_genericSTM32F103R\Release\core.a(i2c_f1.c.o)
                0x08002d04                _i2c_irq_priority_fixup
 .text.nvic_irq_set_priority
                0x08002d20       0x28 C:\Users\Administrator\AppData\Local\Temp\VMBuilds\Universal_controller\Arduino_STM32-master_genericSTM32F103R\Release\core.a(nvic.c.o)
                0x08002d20                nvic_irq_set_priority
 .text.nvic_init
                0x08002d48       0x2c C:\Users\Administrator\AppData\Local\Temp\VMBuilds\Universal_controller\Arduino_STM32-master_genericSTM32F103R\Release\core.a(nvic.c.o)
                0x08002d48                nvic_init
 .text.nvic_sys_reset
                0x08002d74       0x1c C:\Users\Administrator\AppData\Local\Temp\VMBuilds\Universal_controller\Arduino_STM32-master_genericSTM32F103R\Release\core.a(nvic.c.o)
                0x08002d74                nvic_sys_reset
 .text.rcc_dev_clk
                0x08002d90        0xc C:\Users\Administrator\AppData\Local\Temp\VMBuilds\Universal_controller\Arduino_STM32-master_genericSTM32F103R\Release\core.a(rcc.c.o)
                0x08002d90                rcc_dev_clk
 .text.rcc_switch_sysclk
                0x08002d9c       0x20 C:\Users\Administrator\AppData\Local\Temp\VMBuilds\Universal_controller\Arduino_STM32-master_genericSTM32F103R\Release\core.a(rcc.c.o)
                0x08002d9c                rcc_switch_sysclk
 .text.rcc_turn_on_clk
                0x08002dbc       0x18 C:\Users\Administrator\AppData\Local\Temp\VMBuilds\Universal_controller\Arduino_STM32-master_genericSTM32F103R\Release\core.a(rcc.c.o)
                0x08002dbc                rcc_turn_on_clk
 .text.rcc_turn_off_clk
                0x08002dd4       0x1c C:\Users\Administrator\AppData\Local\Temp\VMBuilds\Universal_controller\Arduino_STM32-master_genericSTM32F103R\Release\core.a(rcc.c.o)
                0x08002dd4                rcc_turn_off_clk
 .text.rcc_is_clk_ready
                0x08002df0       0x18 C:\Users\Administrator\AppData\Local\Temp\VMBuilds\Universal_controller\Arduino_STM32-master_genericSTM32F103R\Release\core.a(rcc.c.o)
                0x08002df0                rcc_is_clk_ready
 .text.rcc_configure_pll
                0x08002e08       0x1c C:\Users\Administrator\AppData\Local\Temp\VMBuilds\Universal_controller\Arduino_STM32-master_genericSTM32F103R\Release\core.a(rcc_f1.c.o)
                0x08002e08                rcc_configure_pll
 .text.rcc_clk_enable
                0x08002e24       0x30 C:\Users\Administrator\AppData\Local\Temp\VMBuilds\Universal_controller\Arduino_STM32-master_genericSTM32F103R\Release\core.a(rcc_f1.c.o)
                0x08002e24                rcc_clk_enable
 .text.rcc_reset_dev
                0x08002e54       0x34 C:\Users\Administrator\AppData\Local\Temp\VMBuilds\Universal_controller\Arduino_STM32-master_genericSTM32F103R\Release\core.a(rcc_f1.c.o)
                0x08002e54                rcc_reset_dev
 .text.rcc_set_prescaler
                0x08002e88       0x20 C:\Users\Administrator\AppData\Local\Temp\VMBuilds\Universal_controller\Arduino_STM32-master_genericSTM32F103R\Release\core.a(rcc_f1.c.o)
                0x08002e88                rcc_set_prescaler
 .text.rcc_clk_disable
                0x08002ea8       0x30 C:\Users\Administrator\AppData\Local\Temp\VMBuilds\Universal_controller\Arduino_STM32-master_genericSTM32F103R\Release\core.a(rcc_f1.c.o)
                0x08002ea8                rcc_clk_disable
 .text.systick_init
                0x08002ed8       0x10 C:\Users\Administrator\AppData\Local\Temp\VMBuilds\Universal_controller\Arduino_STM32-master_genericSTM32F103R\Release\core.a(systick.c.o)
                0x08002ed8                systick_init
 .text.__exc_systick
                0x08002ee8       0x1c C:\Users\Administrator\AppData\Local\Temp\VMBuilds\Universal_controller\Arduino_STM32-master_genericSTM32F103R\Release\core.a(systick.c.o)
                0x08002ee8                __exc_systick
 .text.timer_oc_set_mode
                0x08002f04       0x32 C:\Users\Administrator\AppData\Local\Temp\VMBuilds\Universal_controller\Arduino_STM32-master_genericSTM32F103R\Release\core.a(timer.c.o)
 .text.timer_cc_enable
                0x08002f36       0x1c C:\Users\Administrator\AppData\Local\Temp\VMBuilds\Universal_controller\Arduino_STM32-master_genericSTM32F103R\Release\core.a(timer.c.o)
 *fill*         0x08002f52        0x2 
 .text.timer_foreach
                0x08002f54       0x4c C:\Users\Administrator\AppData\Local\Temp\VMBuilds\Universal_controller\Arduino_STM32-master_genericSTM32F103R\Release\core.a(timer.c.o)
                0x08002f54                timer_foreach
 .text.timer_init
                0x08002fa0       0x14 C:\Users\Administrator\AppData\Local\Temp\VMBuilds\Universal_controller\Arduino_STM32-master_genericSTM32F103R\Release\core.a(timer.c.o)
                0x08002fa0                timer_init
 .text.timer_has_cc_channel
                0x08002fb4       0x30 C:\Users\Administrator\AppData\Local\Temp\VMBuilds\Universal_controller\Arduino_STM32-master_genericSTM32F103R\Release\core.a(timer.c.o)
                0x08002fb4                timer_has_cc_channel
 .text.timer_detach_interrupt
                0x08002fe4       0x1e C:\Users\Administrator\AppData\Local\Temp\VMBuilds\Universal_controller\Arduino_STM32-master_genericSTM32F103R\Release\core.a(timer.c.o)
                0x08002fe4                timer_detach_interrupt
 .text.input_capture_mode
                0x08003002       0x1a C:\Users\Administrator\AppData\Local\Temp\VMBuilds\Universal_controller\Arduino_STM32-master_genericSTM32F103R\Release\core.a(timer.c.o)
                0x08003002                input_capture_mode
 .text.timer_set_mode
                0x0800301c       0x8e C:\Users\Administrator\AppData\Local\Temp\VMBuilds\Universal_controller\Arduino_STM32-master_genericSTM32F103R\Release\core.a(timer.c.o)
                0x0800301c                timer_set_mode
 *fill*         0x080030aa        0x2 
 .text.__irq_tim1_brk
                0x080030ac       0x24 C:\Users\Administrator\AppData\Local\Temp\VMBuilds\Universal_controller\Arduino_STM32-master_genericSTM32F103R\Release\core.a(timer.c.o)
                0x080030ac                __irq_tim1_brk
 .text.__irq_tim1_up
                0x080030d0       0x24 C:\Users\Administrator\AppData\Local\Temp\VMBuilds\Universal_controller\Arduino_STM32-master_genericSTM32F103R\Release\core.a(timer.c.o)
                0x080030d0                __irq_tim1_up
 .text.__irq_tim1_trg_com
                0x080030f4       0x38 C:\Users\Administrator\AppData\Local\Temp\VMBuilds\Universal_controller\Arduino_STM32-master_genericSTM32F103R\Release\core.a(timer.c.o)
                0x080030f4                __irq_tim1_trg_com
 .text.__irq_tim1_cc
                0x0800312c       0x54 C:\Users\Administrator\AppData\Local\Temp\VMBuilds\Universal_controller\Arduino_STM32-master_genericSTM32F103R\Release\core.a(timer.c.o)
                0x0800312c                __irq_tim1_cc
 .text.__irq_tim2
                0x08003180       0x70 C:\Users\Administrator\AppData\Local\Temp\VMBuilds\Universal_controller\Arduino_STM32-master_genericSTM32F103R\Release\core.a(timer.c.o)
                0x08003180                __irq_tim2
 .text.__irq_tim3
                0x080031f0       0x70 C:\Users\Administrator\AppData\Local\Temp\VMBuilds\Universal_controller\Arduino_STM32-master_genericSTM32F103R\Release\core.a(timer.c.o)
                0x080031f0                __irq_tim3
 .text.__irq_tim4
                0x08003260       0x70 C:\Users\Administrator\AppData\Local\Temp\VMBuilds\Universal_controller\Arduino_STM32-master_genericSTM32F103R\Release\core.a(timer.c.o)
                0x08003260                __irq_tim4
 .text.__irq_tim5
                0x080032d0       0x70 C:\Users\Administrator\AppData\Local\Temp\VMBuilds\Universal_controller\Arduino_STM32-master_genericSTM32F103R\Release\core.a(timer.c.o)
                0x080032d0                __irq_tim5
 .text.__irq_tim6
                0x08003340       0x24 C:\Users\Administrator\AppData\Local\Temp\VMBuilds\Universal_controller\Arduino_STM32-master_genericSTM32F103R\Release\core.a(timer.c.o)
                0x08003340                __irq_tim6
 .text.__irq_tim7
                0x08003364       0x24 C:\Users\Administrator\AppData\Local\Temp\VMBuilds\Universal_controller\Arduino_STM32-master_genericSTM32F103R\Release\core.a(timer.c.o)
                0x08003364                __irq_tim7
 .text.__irq_tim8_brk
                0x08003388       0x24 C:\Users\Administrator\AppData\Local\Temp\VMBuilds\Universal_controller\Arduino_STM32-master_genericSTM32F103R\Release\core.a(timer.c.o)
                0x08003388                __irq_tim8_brk
 .text.__irq_tim8_up
                0x080033ac       0x24 C:\Users\Administrator\AppData\Local\Temp\VMBuilds\Universal_controller\Arduino_STM32-master_genericSTM32F103R\Release\core.a(timer.c.o)
                0x080033ac                __irq_tim8_up
 .text.__irq_tim8_trg_com
                0x080033d0       0x38 C:\Users\Administrator\AppData\Local\Temp\VMBuilds\Universal_controller\Arduino_STM32-master_genericSTM32F103R\Release\core.a(timer.c.o)
                0x080033d0                __irq_tim8_trg_com
 .text.__irq_tim8_cc
                0x08003408       0x54 C:\Users\Administrator\AppData\Local\Temp\VMBuilds\Universal_controller\Arduino_STM32-master_genericSTM32F103R\Release\core.a(timer.c.o)
                0x08003408                __irq_tim8_cc
 .text.rb_remove
                0x0800345c       0x22 C:\Users\Administrator\AppData\Local\Temp\VMBuilds\Universal_controller\Arduino_STM32-master_genericSTM32F103R\Release\core.a(usart_f1.c.o)
 .text.rb_push_insert
                0x0800347e       0x4a C:\Users\Administrator\AppData\Local\Temp\VMBuilds\Universal_controller\Arduino_STM32-master_genericSTM32F103R\Release\core.a(usart_f1.c.o)
 .text.usart_config_gpios_async
                0x080034c8       0x4a C:\Users\Administrator\AppData\Local\Temp\VMBuilds\Universal_controller\Arduino_STM32-master_genericSTM32F103R\Release\core.a(usart_f1.c.o)
                0x080034c8                usart_config_gpios_async
 .text.usart_set_baud_rate
                0x08003512       0x3a C:\Users\Administrator\AppData\Local\Temp\VMBuilds\Universal_controller\Arduino_STM32-master_genericSTM32F103R\Release\core.a(usart_f1.c.o)
                0x08003512                usart_set_baud_rate
 .text.__irq_usart1
                0x0800354c       0x50 C:\Users\Administrator\AppData\Local\Temp\VMBuilds\Universal_controller\Arduino_STM32-master_genericSTM32F103R\Release\core.a(usart_f1.c.o)
                0x0800354c                __irq_usart1
 .text.__irq_usart2
                0x0800359c       0x50 C:\Users\Administrator\AppData\Local\Temp\VMBuilds\Universal_controller\Arduino_STM32-master_genericSTM32F103R\Release\core.a(usart_f1.c.o)
                0x0800359c                __irq_usart2
 .text.__irq_usart3
                0x080035ec       0x50 C:\Users\Administrator\AppData\Local\Temp\VMBuilds\Universal_controller\Arduino_STM32-master_genericSTM32F103R\Release\core.a(usart_f1.c.o)
                0x080035ec                __irq_usart3
 .text.__irq_uart4
                0x0800363c       0x50 C:\Users\Administrator\AppData\Local\Temp\VMBuilds\Universal_controller\Arduino_STM32-master_genericSTM32F103R\Release\core.a(usart_f1.c.o)
                0x0800363c                __irq_uart4
 .text.__irq_uart5
                0x0800368c       0x50 C:\Users\Administrator\AppData\Local\Temp\VMBuilds\Universal_controller\Arduino_STM32-master_genericSTM32F103R\Release\core.a(usart_f1.c.o)
                0x0800368c                __irq_uart5
 .text._usart_clock_freq
                0x080036dc       0x24 C:\Users\Administrator\AppData\Local\Temp\VMBuilds\Universal_controller\Arduino_STM32-master_genericSTM32F103R\Release\core.a(usart_private.c.o)
                0x080036dc                _usart_clock_freq
 .text.throb    0x08003700       0x54 C:\Users\Administrator\AppData\Local\Temp\VMBuilds\Universal_controller\Arduino_STM32-master_genericSTM32F103R\Release\core.a(util.c.o)
                0x08003700                throb
 .text.__error  0x08003754       0x14 C:\Users\Administrator\AppData\Local\Temp\VMBuilds\Universal_controller\Arduino_STM32-master_genericSTM32F103R\Release\core.a(util.c.o)
                0x08003754                __error
 .text.set_rx_tx_status0
                0x08003768       0x30 C:\Users\Administrator\AppData\Local\Temp\VMBuilds\Universal_controller\Arduino_STM32-master_genericSTM32F103R\Release\core.a(usb.c.o)
 .text.usb_resume
                0x08003798       0xb0 C:\Users\Administrator\AppData\Local\Temp\VMBuilds\Universal_controller\Arduino_STM32-master_genericSTM32F103R\Release\core.a(usb.c.o)
 .text.usb_init_usblib
                0x08003848       0x48 C:\Users\Administrator\AppData\Local\Temp\VMBuilds\Universal_controller\Arduino_STM32-master_genericSTM32F103R\Release\core.a(usb.c.o)
                0x08003848                usb_init_usblib
 .text.__irq_usb_lp_can_rx0
                0x08003890      0x18c C:\Users\Administrator\AppData\Local\Temp\VMBuilds\Universal_controller\Arduino_STM32-master_genericSTM32F103R\Release\core.a(usb.c.o)
                0x08003890                __irq_usb_lp_can_rx0
 .text.usb_set_ep_rx_stat
                0x08003a1c       0x22 C:\Users\Administrator\AppData\Local\Temp\VMBuilds\Universal_controller\Arduino_STM32-master_genericSTM32F103R\Release\core.a(usb_cdcacm.c.o)
 *fill*         0x08003a3e        0x2 
 .text.vcomGetSetLineCoding
                0x08003a40       0x18 C:\Users\Administrator\AppData\Local\Temp\VMBuilds\Universal_controller\Arduino_STM32-master_genericSTM32F103R\Release\core.a(usb_cdcacm.c.o)
 .text.usbInit  0x08003a58       0x44 C:\Users\Administrator\AppData\Local\Temp\VMBuilds\Universal_controller\Arduino_STM32-master_genericSTM32F103R\Release\core.a(usb_cdcacm.c.o)
 .text.usbNoDataSetup
                0x08003a9c       0x50 C:\Users\Administrator\AppData\Local\Temp\VMBuilds\Universal_controller\Arduino_STM32-master_genericSTM32F103R\Release\core.a(usb_cdcacm.c.o)
 .text.usbGetInterfaceSetting
                0x08003aec       0x10 C:\Users\Administrator\AppData\Local\Temp\VMBuilds\Universal_controller\Arduino_STM32-master_genericSTM32F103R\Release\core.a(usb_cdcacm.c.o)
 .text.usbSetConfiguration
                0x08003afc       0x1c C:\Users\Administrator\AppData\Local\Temp\VMBuilds\Universal_controller\Arduino_STM32-master_genericSTM32F103R\Release\core.a(usb_cdcacm.c.o)
 .text.usbSetDeviceAddress
                0x08003b18       0x10 C:\Users\Administrator\AppData\Local\Temp\VMBuilds\Universal_controller\Arduino_STM32-master_genericSTM32F103R\Release\core.a(usb_cdcacm.c.o)
 .text.usbGetStringDescriptor
                0x08003b28       0x20 C:\Users\Administrator\AppData\Local\Temp\VMBuilds\Universal_controller\Arduino_STM32-master_genericSTM32F103R\Release\core.a(usb_cdcacm.c.o)
 .text.usbGetConfigDescriptor
                0x08003b48        0xc C:\Users\Administrator\AppData\Local\Temp\VMBuilds\Universal_controller\Arduino_STM32-master_genericSTM32F103R\Release\core.a(usb_cdcacm.c.o)
 .text.usbGetDeviceDescriptor
                0x08003b54        0xc C:\Users\Administrator\AppData\Local\Temp\VMBuilds\Universal_controller\Arduino_STM32-master_genericSTM32F103R\Release\core.a(usb_cdcacm.c.o)
 .text.usbDataSetup
                0x08003b60       0x54 C:\Users\Administrator\AppData\Local\Temp\VMBuilds\Universal_controller\Arduino_STM32-master_genericSTM32F103R\Release\core.a(usb_cdcacm.c.o)
 .text.vcomDataRxCb
                0x08003bb4       0x8c C:\Users\Administrator\AppData\Local\Temp\VMBuilds\Universal_controller\Arduino_STM32-master_genericSTM32F103R\Release\core.a(usb_cdcacm.c.o)
 .text.vcomDataTxCb
                0x08003c40       0xa0 C:\Users\Administrator\AppData\Local\Temp\VMBuilds\Universal_controller\Arduino_STM32-master_genericSTM32F103R\Release\core.a(usb_cdcacm.c.o)
 .text.usb_cdcacm_tx.part.2
                0x08003ce0       0x54 C:\Users\Administrator\AppData\Local\Temp\VMBuilds\Universal_controller\Arduino_STM32-master_genericSTM32F103R\Release\core.a(usb_cdcacm.c.o)
 .text.usbReset
                0x08003d34      0x15c C:\Users\Administrator\AppData\Local\Temp\VMBuilds\Universal_controller\Arduino_STM32-master_genericSTM32F103R\Release\core.a(usb_cdcacm.c.o)
 .text.usb_cdcacm_set_hooks
                0x08003e90       0x1c C:\Users\Administrator\AppData\Local\Temp\VMBuilds\Universal_controller\Arduino_STM32-master_genericSTM32F103R\Release\core.a(usb_cdcacm.c.o)
                0x08003e90                usb_cdcacm_set_hooks
 .text.usb_cdcacm_enable
                0x08003eac       0x34 C:\Users\Administrator\AppData\Local\Temp\VMBuilds\Universal_controller\Arduino_STM32-master_genericSTM32F103R\Release\core.a(usb_cdcacm.c.o)
                0x08003eac                usb_cdcacm_enable
 .text.usb_cdcacm_tx
                0x08003ee0        0xa C:\Users\Administrator\AppData\Local\Temp\VMBuilds\Universal_controller\Arduino_STM32-master_genericSTM32F103R\Release\core.a(usb_cdcacm.c.o)
                0x08003ee0                usb_cdcacm_tx
 *fill*         0x08003eea        0x2 
 .text.usb_cdcacm_data_available
                0x08003eec       0x18 C:\Users\Administrator\AppData\Local\Temp\VMBuilds\Universal_controller\Arduino_STM32-master_genericSTM32F103R\Release\core.a(usb_cdcacm.c.o)
                0x08003eec                usb_cdcacm_data_available
 .text.usb_cdcacm_peek
                0x08003f04       0x38 C:\Users\Administrator\AppData\Local\Temp\VMBuilds\Universal_controller\Arduino_STM32-master_genericSTM32F103R\Release\core.a(usb_cdcacm.c.o)
                0x08003f04                usb_cdcacm_peek
 .text.usb_cdcacm_rx
                0x08003f3c       0x34 C:\Users\Administrator\AppData\Local\Temp\VMBuilds\Universal_controller\Arduino_STM32-master_genericSTM32F103R\Release\core.a(usb_cdcacm.c.o)
                0x08003f3c                usb_cdcacm_rx
 .text.usb_cdcacm_peek_ex
                0x08003f70       0x40 C:\Users\Administrator\AppData\Local\Temp\VMBuilds\Universal_controller\Arduino_STM32-master_genericSTM32F103R\Release\core.a(usb_cdcacm.c.o)
                0x08003f70                usb_cdcacm_peek_ex
 .text.usb_cdcacm_get_dtr
                0x08003fb0       0x10 C:\Users\Administrator\AppData\Local\Temp\VMBuilds\Universal_controller\Arduino_STM32-master_genericSTM32F103R\Release\core.a(usb_cdcacm.c.o)
                0x08003fb0                usb_cdcacm_get_dtr
 .text.usb_set_ep_rx_count
                0x08003fc0       0x40 C:\Users\Administrator\AppData\Local\Temp\VMBuilds\Universal_controller\Arduino_STM32-master_genericSTM32F103R\Release\core.a(usb_reg_map.c.o)
                0x08003fc0                usb_set_ep_rx_count
 .text.Standard_GetConfiguration
                0x08004000       0x24 C:\Users\Administrator\AppData\Local\Temp\VMBuilds\Universal_controller\Arduino_STM32-master_genericSTM32F103R\Release\core.a(usb_core.c.o)
                0x08004000                Standard_GetConfiguration
 .text.Standard_GetInterface
                0x08004024       0x24 C:\Users\Administrator\AppData\Local\Temp\VMBuilds\Universal_controller\Arduino_STM32-master_genericSTM32F103R\Release\core.a(usb_core.c.o)
                0x08004024                Standard_GetInterface
 .text.Standard_GetStatus
                0x08004048       0x88 C:\Users\Administrator\AppData\Local\Temp\VMBuilds\Universal_controller\Arduino_STM32-master_genericSTM32F103R\Release\core.a(usb_core.c.o)
                0x08004048                Standard_GetStatus
 .text.DataStageIn
                0x080040d0       0xac C:\Users\Administrator\AppData\Local\Temp\VMBuilds\Universal_controller\Arduino_STM32-master_genericSTM32F103R\Release\core.a(usb_core.c.o)
 .text.Standard_SetConfiguration
                0x0800417c       0x38 C:\Users\Administrator\AppData\Local\Temp\VMBuilds\Universal_controller\Arduino_STM32-master_genericSTM32F103R\Release\core.a(usb_core.c.o)
                0x0800417c                Standard_SetConfiguration
 .text.Standard_SetInterface
                0x080041b4       0x4c C:\Users\Administrator\AppData\Local\Temp\VMBuilds\Universal_controller\Arduino_STM32-master_genericSTM32F103R\Release\core.a(usb_core.c.o)
                0x080041b4                Standard_SetInterface
 .text.Standard_ClearFeature
                0x08004200       0xc4 C:\Users\Administrator\AppData\Local\Temp\VMBuilds\Universal_controller\Arduino_STM32-master_genericSTM32F103R\Release\core.a(usb_core.c.o)
                0x08004200                Standard_ClearFeature
 .text.Standard_SetEndPointFeature
                0x080042c4       0x7c C:\Users\Administrator\AppData\Local\Temp\VMBuilds\Universal_controller\Arduino_STM32-master_genericSTM32F103R\Release\core.a(usb_core.c.o)
                0x080042c4                Standard_SetEndPointFeature
 .text.Standard_SetDeviceFeature
                0x08004340       0x24 C:\Users\Administrator\AppData\Local\Temp\VMBuilds\Universal_controller\Arduino_STM32-master_genericSTM32F103R\Release\core.a(usb_core.c.o)
                0x08004340                Standard_SetDeviceFeature
 .text.Standard_GetDescriptorData
                0x08004364       0x1c C:\Users\Administrator\AppData\Local\Temp\VMBuilds\Universal_controller\Arduino_STM32-master_genericSTM32F103R\Release\core.a(usb_core.c.o)
                0x08004364                Standard_GetDescriptorData
 .text.Post0_Process
                0x08004380       0x40 C:\Users\Administrator\AppData\Local\Temp\VMBuilds\Universal_controller\Arduino_STM32-master_genericSTM32F103R\Release\core.a(usb_core.c.o)
                0x08004380                Post0_Process
 .text.Setup0_Process
                0x080043c0      0x2b8 C:\Users\Administrator\AppData\Local\Temp\VMBuilds\Universal_controller\Arduino_STM32-master_genericSTM32F103R\Release\core.a(usb_core.c.o)
                0x080043c0                Setup0_Process
 .text.Out0_Process
                0x08004678       0xc0 C:\Users\Administrator\AppData\Local\Temp\VMBuilds\Universal_controller\Arduino_STM32-master_genericSTM32F103R\Release\core.a(usb_core.c.o)
                0x08004678                Out0_Process
 .text.SetDeviceAddress
                0x08004738       0x38 C:\Users\Administrator\AppData\Local\Temp\VMBuilds\Universal_controller\Arduino_STM32-master_genericSTM32F103R\Release\core.a(usb_core.c.o)
                0x08004738                SetDeviceAddress
 .text.In0_Process
                0x08004770       0x5c C:\Users\Administrator\AppData\Local\Temp\VMBuilds\Universal_controller\Arduino_STM32-master_genericSTM32F103R\Release\core.a(usb_core.c.o)
                0x08004770                In0_Process
 .text.NOP_Process
                0x080047cc        0x2 C:\Users\Administrator\AppData\Local\Temp\VMBuilds\Universal_controller\Arduino_STM32-master_genericSTM32F103R\Release\core.a(usb_core.c.o)
                0x080047cc                NOP_Process
 .text.UserToPMABufferCopy
                0x080047ce       0x1e C:\Users\Administrator\AppData\Local\Temp\VMBuilds\Universal_controller\Arduino_STM32-master_genericSTM32F103R\Release\core.a(usb_mem.c.o)
                0x080047ce                UserToPMABufferCopy
 .text.PMAToUserBufferCopy
                0x080047ec       0x24 C:\Users\Administrator\AppData\Local\Temp\VMBuilds\Universal_controller\Arduino_STM32-master_genericSTM32F103R\Release\core.a(usb_mem.c.o)
                0x080047ec                PMAToUserBufferCopy
 .text.SetEPTxStatus
                0x08004810       0x2a C:\Users\Administrator\AppData\Local\Temp\VMBuilds\Universal_controller\Arduino_STM32-master_genericSTM32F103R\Release\core.a(usb_regs.c.o)
                0x08004810                SetEPTxStatus
 .text.ClearDTOG_RX
                0x0800483a       0x26 C:\Users\Administrator\AppData\Local\Temp\VMBuilds\Universal_controller\Arduino_STM32-master_genericSTM32F103R\Release\core.a(usb_regs.c.o)
                0x0800483a                ClearDTOG_RX
 .text.ClearDTOG_TX
                0x08004860       0x26 C:\Users\Administrator\AppData\Local\Temp\VMBuilds\Universal_controller\Arduino_STM32-master_genericSTM32F103R\Release\core.a(usb_regs.c.o)
                0x08004860                ClearDTOG_TX
 *fill*         0x08004886        0x2 
 .text.GetEPTxAddr
                0x08004888       0x1c C:\Users\Administrator\AppData\Local\Temp\VMBuilds\Universal_controller\Arduino_STM32-master_genericSTM32F103R\Release\core.a(usb_regs.c.o)
                0x08004888                GetEPTxAddr
 .text.GetEPRxAddr
                0x080048a4       0x1c C:\Users\Administrator\AppData\Local\Temp\VMBuilds\Universal_controller\Arduino_STM32-master_genericSTM32F103R\Release\core.a(usb_regs.c.o)
                0x080048a4                GetEPRxAddr
 .text.SetEPTxCount
                0x080048c0       0x1c C:\Users\Administrator\AppData\Local\Temp\VMBuilds\Universal_controller\Arduino_STM32-master_genericSTM32F103R\Release\core.a(usb_regs.c.o)
                0x080048c0                SetEPTxCount
 .text.SetEPRxCount
                0x080048dc       0x40 C:\Users\Administrator\AppData\Local\Temp\VMBuilds\Universal_controller\Arduino_STM32-master_genericSTM32F103R\Release\core.a(usb_regs.c.o)
                0x080048dc                SetEPRxCount
 .text.rb_full_count
                0x0800491c       0x18 C:\Users\Administrator\AppData\Local\Temp\VMBuilds\Universal_controller\Arduino_STM32-master_genericSTM32F103R\Release\core.a(HardwareSerial.cpp.o)
 .text._ZN14HardwareSerial4readEv
                0x08004934       0x38 C:\Users\Administrator\AppData\Local\Temp\VMBuilds\Universal_controller\Arduino_STM32-master_genericSTM32F103R\Release\core.a(HardwareSerial.cpp.o)
                0x08004934                HardwareSerial::read()
 .text._ZN14HardwareSerial9availableEv
                0x0800496c        0xc C:\Users\Administrator\AppData\Local\Temp\VMBuilds\Universal_controller\Arduino_STM32-master_genericSTM32F103R\Release\core.a(HardwareSerial.cpp.o)
                0x0800496c                HardwareSerial::available()
 .text._ZN14HardwareSerial4peekEv
                0x08004978       0x20 C:\Users\Administrator\AppData\Local\Temp\VMBuilds\Universal_controller\Arduino_STM32-master_genericSTM32F103R\Release\core.a(HardwareSerial.cpp.o)
                0x08004978                HardwareSerial::peek()
 .text._ZN14HardwareSerial5flushEv
                0x08004998       0x18 C:\Users\Administrator\AppData\Local\Temp\VMBuilds\Universal_controller\Arduino_STM32-master_genericSTM32F103R\Release\core.a(HardwareSerial.cpp.o)
                0x08004998                HardwareSerial::flush()
 .text._ZN14HardwareSerial5writeEh
                0x080049b0       0x1e C:\Users\Administrator\AppData\Local\Temp\VMBuilds\Universal_controller\Arduino_STM32-master_genericSTM32F103R\Release\core.a(HardwareSerial.cpp.o)
                0x080049b0                HardwareSerial::write(unsigned char)
 *fill*         0x080049ce        0x2 
 .text._ZN14HardwareSerialC2EP9usart_devhh
                0x080049d0       0x20 C:\Users\Administrator\AppData\Local\Temp\VMBuilds\Universal_controller\Arduino_STM32-master_genericSTM32F103R\Release\core.a(HardwareSerial.cpp.o)
                0x080049d0                HardwareSerial::HardwareSerial(usart_dev*, unsigned char, unsigned char)
                0x080049d0                HardwareSerial::HardwareSerial(usart_dev*, unsigned char, unsigned char)
 .text._ZN14HardwareSerial5beginEmh
                0x080049f0       0x68 C:\Users\Administrator\AppData\Local\Temp\VMBuilds\Universal_controller\Arduino_STM32-master_genericSTM32F103R\Release\core.a(HardwareSerial.cpp.o)
                0x080049f0                HardwareSerial::begin(unsigned long, unsigned char)
 .text._ZN14HardwareSerial5beginEm
                0x08004a58        0x6 C:\Users\Administrator\AppData\Local\Temp\VMBuilds\Universal_controller\Arduino_STM32-master_genericSTM32F103R\Release\core.a(HardwareSerial.cpp.o)
                0x08004a58                HardwareSerial::begin(unsigned long)
 .text.startup._Z7premainv
                0x08004a5e        0x4 C:\Users\Administrator\AppData\Local\Temp\VMBuilds\Universal_controller\Arduino_STM32-master_genericSTM32F103R\Release\core.a(main.cpp.o)
                0x08004a5e                premain()
 .text.startup.main
                0x08004a62        0xc C:\Users\Administrator\AppData\Local\Temp\VMBuilds\Universal_controller\Arduino_STM32-master_genericSTM32F103R\Release\core.a(main.cpp.o)
                0x08004a62                main
 .text._ZN5Print5writeEPKvm
                0x08004a6e       0x20 C:\Users\Administrator\AppData\Local\Temp\VMBuilds\Universal_controller\Arduino_STM32-master_genericSTM32F103R\Release\core.a(Print.cpp.o)
                0x08004a6e                Print::write(void const*, unsigned long)
 .text._ZN5Print5writeEPKc
                0x08004a8e       0x20 C:\Users\Administrator\AppData\Local\Temp\VMBuilds\Universal_controller\Arduino_STM32-master_genericSTM32F103R\Release\core.a(Print.cpp.o)
                0x08004a8e                Print::write(char const*)
 .text._ZN5Print5printERK6String
                0x08004aae        0xa C:\Users\Administrator\AppData\Local\Temp\VMBuilds\Universal_controller\Arduino_STM32-master_genericSTM32F103R\Release\core.a(Print.cpp.o)
                0x08004aae                Print::print(String const&)
 .text._ZN5Print5printEc
                0x08004ab8        0x6 C:\Users\Administrator\AppData\Local\Temp\VMBuilds\Universal_controller\Arduino_STM32-master_genericSTM32F103R\Release\core.a(Print.cpp.o)
                0x08004ab8                Print::print(char)
 .text._ZN5Print5printEPKc
                0x08004abe        0x6 C:\Users\Administrator\AppData\Local\Temp\VMBuilds\Universal_controller\Arduino_STM32-master_genericSTM32F103R\Release\core.a(Print.cpp.o)
                0x08004abe                Print::print(char const*)
 .text._ZN5Print7printlnEv
                0x08004ac4       0x18 C:\Users\Administrator\AppData\Local\Temp\VMBuilds\Universal_controller\Arduino_STM32-master_genericSTM32F103R\Release\core.a(Print.cpp.o)
                0x08004ac4                Print::println()
 .text._ZN5Print7printlnERK6String
                0x08004adc       0x14 C:\Users\Administrator\AppData\Local\Temp\VMBuilds\Universal_controller\Arduino_STM32-master_genericSTM32F103R\Release\core.a(Print.cpp.o)
                0x08004adc                Print::println(String const&)
 .text._ZN5Print7printlnEPKc
                0x08004af0       0x14 C:\Users\Administrator\AppData\Local\Temp\VMBuilds\Universal_controller\Arduino_STM32-master_genericSTM32F103R\Release\core.a(Print.cpp.o)
                0x08004af0                Print::println(char const*)
 .text._ZN5Print11printNumberEyh
                0x08004b04       0x6c C:\Users\Administrator\AppData\Local\Temp\VMBuilds\Universal_controller\Arduino_STM32-master_genericSTM32F103R\Release\core.a(Print.cpp.o)
                0x08004b04                Print::printNumber(unsigned long long, unsigned char)
 .text._ZN5Print5printExi
                0x08004b70       0x32 C:\Users\Administrator\AppData\Local\Temp\VMBuilds\Universal_controller\Arduino_STM32-master_genericSTM32F103R\Release\core.a(Print.cpp.o)
                0x08004b70                Print::print(long long, int)
 .text._ZN5Print5printEii
                0x08004ba2       0x12 C:\Users\Administrator\AppData\Local\Temp\VMBuilds\Universal_controller\Arduino_STM32-master_genericSTM32F103R\Release\core.a(Print.cpp.o)
                0x08004ba2                Print::print(int, int)
 .text._ZN5Print7printlnEii
                0x08004bb4       0x14 C:\Users\Administrator\AppData\Local\Temp\VMBuilds\Universal_controller\Arduino_STM32-master_genericSTM32F103R\Release\core.a(Print.cpp.o)
                0x08004bb4                Print::println(int, int)
 .text._ZN5Print5printEhi
                0x08004bc8       0x14 C:\Users\Administrator\AppData\Local\Temp\VMBuilds\Universal_controller\Arduino_STM32-master_genericSTM32F103R\Release\core.a(Print.cpp.o)
                0x08004bc8                Print::print(unsigned char, int)
 .text._ZN5Print7printlnEhi
                0x08004bdc       0x14 C:\Users\Administrator\AppData\Local\Temp\VMBuilds\Universal_controller\Arduino_STM32-master_genericSTM32F103R\Release\core.a(Print.cpp.o)
                0x08004bdc                Print::println(unsigned char, int)
 .text._ZN6Stream9timedReadEv
                0x08004bf0       0x2c C:\Users\Administrator\AppData\Local\Temp\VMBuilds\Universal_controller\Arduino_STM32-master_genericSTM32F103R\Release\core.a(Stream.cpp.o)
                0x08004bf0                Stream::timedRead()
 .text._ZN6Stream10readStringEv
                0x08004c1c       0x28 C:\Users\Administrator\AppData\Local\Temp\VMBuilds\Universal_controller\Arduino_STM32-master_genericSTM32F103R\Release\core.a(Stream.cpp.o)
                0x08004c1c                Stream::readString()
 .text._ZN9USBSerial9availableEv
                0x08004c44        0x4 C:\Users\Administrator\AppData\Local\Temp\VMBuilds\Universal_controller\Arduino_STM32-master_genericSTM32F103R\Release\core.a(usb_serial.cpp.o)
                0x08004c44                USBSerial::available()
 .text._ZN9USBSerial4peekEv
                0x08004c48       0x1e C:\Users\Administrator\AppData\Local\Temp\VMBuilds\Universal_controller\Arduino_STM32-master_genericSTM32F103R\Release\core.a(usb_serial.cpp.o)
                0x08004c48                USBSerial::peek()
 .text._ZN9USBSerial4readEv
                0x08004c66       0x1e C:\Users\Administrator\AppData\Local\Temp\VMBuilds\Universal_controller\Arduino_STM32-master_genericSTM32F103R\Release\core.a(usb_serial.cpp.o)
                0x08004c66                USBSerial::read()
 .text._ZL14ifaceSetupHookjPv
                0x08004c84       0x38 C:\Users\Administrator\AppData\Local\Temp\VMBuilds\Universal_controller\Arduino_STM32-master_genericSTM32F103R\Release\core.a(usb_serial.cpp.o)
 .text._ZL6rxHookjPv
                0x08004cbc       0xa0 C:\Users\Administrator\AppData\Local\Temp\VMBuilds\Universal_controller\Arduino_STM32-master_genericSTM32F103R\Release\core.a(usb_serial.cpp.o)
 .text._ZL10wait_resetv
                0x08004d5c       0x10 C:\Users\Administrator\AppData\Local\Temp\VMBuilds\Universal_controller\Arduino_STM32-master_genericSTM32F103R\Release\core.a(usb_serial.cpp.o)
 .text._ZN9USBSerial5beginEv
                0x08004d6c       0x3c C:\Users\Administrator\AppData\Local\Temp\VMBuilds\Universal_controller\Arduino_STM32-master_genericSTM32F103R\Release\core.a(usb_serial.cpp.o)
                0x08004d6c                USBSerial::begin()
 .text._ZN9USBSerial5beginEm
                0x08004da8        0xc C:\Users\Administrator\AppData\Local\Temp\VMBuilds\Universal_controller\Arduino_STM32-master_genericSTM32F103R\Release\core.a(usb_serial.cpp.o)
                0x08004da8                USBSerial::begin(unsigned long)
 .text._ZN9USBSerial5writeEPKhm
                0x08004db4       0x44 C:\Users\Administrator\AppData\Local\Temp\VMBuilds\Universal_controller\Arduino_STM32-master_genericSTM32F103R\Release\core.a(usb_serial.cpp.o)
                0x08004db4                USBSerial::write(unsigned char const*, unsigned long)
 .text._ZN9USBSerial5writeEh
                0x08004df8       0x16 C:\Users\Administrator\AppData\Local\Temp\VMBuilds\Universal_controller\Arduino_STM32-master_genericSTM32F103R\Release\core.a(usb_serial.cpp.o)
                0x08004df8                USBSerial::write(unsigned char)
 .text._ZN9USBSerial5writeEPKc
                0x08004e0e       0x1a C:\Users\Administrator\AppData\Local\Temp\VMBuilds\Universal_controller\Arduino_STM32-master_genericSTM32F103R\Release\core.a(usb_serial.cpp.o)
                0x08004e0e                USBSerial::write(char const*)
 .text._ZN9USBSerial4readEPhm
                0x08004e28       0x1c C:\Users\Administrator\AppData\Local\Temp\VMBuilds\Universal_controller\Arduino_STM32-master_genericSTM32F103R\Release\core.a(usb_serial.cpp.o)
                0x08004e28                USBSerial::read(unsigned char*, unsigned long)
 .text._ZN9USBSerial5flushEv
                0x08004e44       0x1c C:\Users\Administrator\AppData\Local\Temp\VMBuilds\Universal_controller\Arduino_STM32-master_genericSTM32F103R\Release\core.a(usb_serial.cpp.o)
                0x08004e44                USBSerial::flush()
 .text.startup._GLOBAL__sub_I__ZN9USBSerial9_hasBegunE
                0x08004e60       0x1c C:\Users\Administrator\AppData\Local\Temp\VMBuilds\Universal_controller\Arduino_STM32-master_genericSTM32F103R\Release\core.a(usb_serial.cpp.o)
 .text._Z11digitalReadh
                0x08004e7c       0x28 C:\Users\Administrator\AppData\Local\Temp\VMBuilds\Universal_controller\Arduino_STM32-master_genericSTM32F103R\Release\core.a(wirish_digital.cpp.o)
                0x08004e7c                digitalRead(unsigned char)
 .text._Z12digitalWritehh
                0x08004ea4       0x2c C:\Users\Administrator\AppData\Local\Temp\VMBuilds\Universal_controller\Arduino_STM32-master_genericSTM32F103R\Release\core.a(wirish_digital.cpp.o)
                0x08004ea4                digitalWrite(unsigned char, unsigned char)
 .text._ZL6microsv
                0x08004ed0       0x34 C:\Users\Administrator\AppData\Local\Temp\VMBuilds\Universal_controller\Arduino_STM32-master_genericSTM32F103R\Release\core.a(wirish_time.cpp.o)
 .text._Z5delaym
                0x08004f04       0x26 C:\Users\Administrator\AppData\Local\Temp\VMBuilds\Universal_controller\Arduino_STM32-master_genericSTM32F103R\Release\core.a(wirish_time.cpp.o)
                0x08004f04                delay(unsigned long)
 .text._Z17delayMicrosecondsm
                0x08004f2a       0x10 C:\Users\Administrator\AppData\Local\Temp\VMBuilds\Universal_controller\Arduino_STM32-master_genericSTM32F103R\Release\core.a(wirish_time.cpp.o)
                0x08004f2a                delayMicroseconds(unsigned long)
 .text._ZN6StringD2Ev
                0x08004f3a        0xe C:\Users\Administrator\AppData\Local\Temp\VMBuilds\Universal_controller\Arduino_STM32-master_genericSTM32F103R\Release\core.a(WString.cpp.o)
                0x08004f3a                String::~String()
                0x08004f3a                String::~String()
 .text._ZN6String10invalidateEv
                0x08004f48       0x16 C:\Users\Administrator\AppData\Local\Temp\VMBuilds\Universal_controller\Arduino_STM32-master_genericSTM32F103R\Release\core.a(WString.cpp.o)
                0x08004f48                String::invalidate()
 .text._ZN6String12changeBufferEj
                0x08004f5e       0x18 C:\Users\Administrator\AppData\Local\Temp\VMBuilds\Universal_controller\Arduino_STM32-master_genericSTM32F103R\Release\core.a(WString.cpp.o)
                0x08004f5e                String::changeBuffer(unsigned int)
 .text._ZN6String7reserveEj
                0x08004f76       0x28 C:\Users\Administrator\AppData\Local\Temp\VMBuilds\Universal_controller\Arduino_STM32-master_genericSTM32F103R\Release\core.a(WString.cpp.o)
                0x08004f76                String::reserve(unsigned int)
 .text._ZN6String4copyEPKcj
                0x08004f9e       0x26 C:\Users\Administrator\AppData\Local\Temp\VMBuilds\Universal_controller\Arduino_STM32-master_genericSTM32F103R\Release\core.a(WString.cpp.o)
                0x08004f9e                String::copy(char const*, unsigned int)
 .text._ZN6StringC2EPKc
                0x08004fc4       0x24 C:\Users\Administrator\AppData\Local\Temp\VMBuilds\Universal_controller\Arduino_STM32-master_genericSTM32F103R\Release\core.a(WString.cpp.o)
                0x08004fc4                String::String(char const*)
                0x08004fc4                String::String(char const*)
 .text._ZN6StringaSEPKc.part.3
                0x08004fe8       0x1a C:\Users\Administrator\AppData\Local\Temp\VMBuilds\Universal_controller\Arduino_STM32-master_genericSTM32F103R\Release\core.a(WString.cpp.o)
 .text._ZN6StringC2Eih
                0x08005002       0x24 C:\Users\Administrator\AppData\Local\Temp\VMBuilds\Universal_controller\Arduino_STM32-master_genericSTM32F103R\Release\core.a(WString.cpp.o)
                0x08005002                String::String(int, unsigned char)
                0x08005002                String::String(int, unsigned char)
 .text._ZN6StringC2Ejh
                0x08005026       0x24 C:\Users\Administrator\AppData\Local\Temp\VMBuilds\Universal_controller\Arduino_STM32-master_genericSTM32F103R\Release\core.a(WString.cpp.o)
                0x08005026                String::String(unsigned int, unsigned char)
                0x08005026                String::String(unsigned int, unsigned char)
 .text._ZN6String4moveERS_
                0x0800504a       0x3c C:\Users\Administrator\AppData\Local\Temp\VMBuilds\Universal_controller\Arduino_STM32-master_genericSTM32F103R\Release\core.a(WString.cpp.o)
                0x0800504a                String::move(String&)
 .text._ZN6StringaSERKS_
                0x08005086       0x1e C:\Users\Administrator\AppData\Local\Temp\VMBuilds\Universal_controller\Arduino_STM32-master_genericSTM32F103R\Release\core.a(WString.cpp.o)
                0x08005086                String::operator=(String const&)
 .text._ZN6StringC2ERKS_
                0x080050a4       0x14 C:\Users\Administrator\AppData\Local\Temp\VMBuilds\Universal_controller\Arduino_STM32-master_genericSTM32F103R\Release\core.a(WString.cpp.o)
                0x080050a4                String::String(String const&)
                0x080050a4                String::String(String const&)
 .text._ZN6StringaSEOS_
                0x080050b8       0x10 C:\Users\Administrator\AppData\Local\Temp\VMBuilds\Universal_controller\Arduino_STM32-master_genericSTM32F103R\Release\core.a(WString.cpp.o)
                0x080050b8                String::operator=(String&&)
 .text._ZN6String6concatEPKcj
                0x080050c8       0x2e C:\Users\Administrator\AppData\Local\Temp\VMBuilds\Universal_controller\Arduino_STM32-master_genericSTM32F103R\Release\core.a(WString.cpp.o)
                0x080050c8                String::concat(char const*, unsigned int)
 .text._ZN6String6concatERKS_
                0x080050f6        0x8 C:\Users\Administrator\AppData\Local\Temp\VMBuilds\Universal_controller\Arduino_STM32-master_genericSTM32F103R\Release\core.a(WString.cpp.o)
                0x080050f6                String::concat(String const&)
 .text._ZN6String6concatEc
                0x080050fe       0x1a C:\Users\Administrator\AppData\Local\Temp\VMBuilds\Universal_controller\Arduino_STM32-master_genericSTM32F103R\Release\core.a(WString.cpp.o)
                0x080050fe                String::concat(char)
 .text._ZplRK15StringSumHelperRK6String
                0x08005118       0x18 C:\Users\Administrator\AppData\Local\Temp\VMBuilds\Universal_controller\Arduino_STM32-master_genericSTM32F103R\Release\core.a(WString.cpp.o)
                0x08005118                operator+(StringSumHelper const&, String const&)
 .text._ZNK6String8getBytesEPhjj
                0x08005130       0x30 C:\Users\Administrator\AppData\Local\Temp\VMBuilds\Universal_controller\Arduino_STM32-master_genericSTM32F103R\Release\core.a(WString.cpp.o)
                0x08005130                String::getBytes(unsigned char*, unsigned int, unsigned int) const
 .text._ZN6String6removeEjj
                0x08005160       0x32 C:\Users\Administrator\AppData\Local\Temp\VMBuilds\Universal_controller\Arduino_STM32-master_genericSTM32F103R\Release\core.a(WString.cpp.o)
                0x08005160                String::remove(unsigned int, unsigned int)
 .text._ZN6String11toUpperCaseEv
                0x08005192       0x18 C:\Users\Administrator\AppData\Local\Temp\VMBuilds\Universal_controller\Arduino_STM32-master_genericSTM32F103R\Release\core.a(WString.cpp.o)
                0x08005192                String::toUpperCase()
 *fill*         0x080051aa        0x2 
 .text._Z7pinModeh13WiringPinMode
                0x080051ac       0x84 C:\Users\Administrator\AppData\Local\Temp\VMBuilds\Universal_controller\Arduino_STM32-master_genericSTM32F103R\Release\core.a(wirish_digital_f1.cpp.o)
                0x080051ac                pinMode(unsigned char, WiringPinMode)
 .text.__empty  0x08005230        0x2 C:\Users\Administrator\AppData\Local\Temp\VMBuilds\Universal_controller\Arduino_STM32-master_genericSTM32F103R\Release\core.a(hooks.c.o)
                0x08005230                yield
 .text.ltoa     0x08005232       0x70 C:\Users\Administrator\AppData\Local\Temp\VMBuilds\Universal_controller\Arduino_STM32-master_genericSTM32F103R\Release\core.a(itoa.c.o)
                0x08005232                ltoa
 .text.itoa     0x080052a2        0x4 C:\Users\Administrator\AppData\Local\Temp\VMBuilds\Universal_controller\Arduino_STM32-master_genericSTM32F103R\Release\core.a(itoa.c.o)
                0x080052a2                itoa
 .text.ultoa    0x080052a6       0x52 C:\Users\Administrator\AppData\Local\Temp\VMBuilds\Universal_controller\Arduino_STM32-master_genericSTM32F103R\Release\core.a(itoa.c.o)
                0x080052a6                ultoa
 .text.utoa     0x080052f8        0x4 C:\Users\Administrator\AppData\Local\Temp\VMBuilds\Universal_controller\Arduino_STM32-master_genericSTM32F103R\Release\core.a(itoa.c.o)
                0x080052f8                utoa
 .text.data_register
                0x080052fc       0x28 C:\Users\Administrator\AppData\Local\Temp\VMBuilds\Universal_controller\Arduino_STM32-master_genericSTM32F103R\Release\core.a(bkp_f1.c.o)
 .text.bkp_init
                0x08005324       0x18 C:\Users\Administrator\AppData\Local\Temp\VMBuilds\Universal_controller\Arduino_STM32-master_genericSTM32F103R\Release\core.a(bkp_f1.c.o)
                0x08005324                bkp_init
 .text.bkp_enable_writes
                0x0800533c        0xc C:\Users\Administrator\AppData\Local\Temp\VMBuilds\Universal_controller\Arduino_STM32-master_genericSTM32F103R\Release\core.a(bkp_f1.c.o)
                0x0800533c                bkp_enable_writes
 .text.bkp_disable_writes
                0x08005348        0xc C:\Users\Administrator\AppData\Local\Temp\VMBuilds\Universal_controller\Arduino_STM32-master_genericSTM32F103R\Release\core.a(bkp_f1.c.o)
                0x08005348                bkp_disable_writes
 .text.bkp_write
                0x08005354        0xc C:\Users\Administrator\AppData\Local\Temp\VMBuilds\Universal_controller\Arduino_STM32-master_genericSTM32F103R\Release\core.a(bkp_f1.c.o)
                0x08005354                bkp_write
 .text.gpio_init
                0x08005360       0x14 C:\Users\Administrator\AppData\Local\Temp\VMBuilds\Universal_controller\Arduino_STM32-master_genericSTM32F103R\Release\core.a(gpio.c.o)
                0x08005360                gpio_init
 .text.i2c_start_condition
                0x08005374       0x14 C:\Users\Administrator\AppData\Local\Temp\VMBuilds\Universal_controller\Arduino_STM32-master_genericSTM32F103R\Release\core.a(i2c.c.o)
 .text.i2c_stop_condition
                0x08005388       0x1c C:\Users\Administrator\AppData\Local\Temp\VMBuilds\Universal_controller\Arduino_STM32-master_genericSTM32F103R\Release\core.a(i2c.c.o)
 .text._i2c_irq_handler
                0x080053a4      0x170 C:\Users\Administrator\AppData\Local\Temp\VMBuilds\Universal_controller\Arduino_STM32-master_genericSTM32F103R\Release\core.a(i2c.c.o)
                0x080053a4                _i2c_irq_handler
 .text._i2c_irq_error_handler
                0x08005514       0x28 C:\Users\Administrator\AppData\Local\Temp\VMBuilds\Universal_controller\Arduino_STM32-master_genericSTM32F103R\Release\core.a(i2c.c.o)
                0x08005514                _i2c_irq_error_handler
 .text.usart_init
                0x0800553c       0x4c C:\Users\Administrator\AppData\Local\Temp\VMBuilds\Universal_controller\Arduino_STM32-master_genericSTM32F103R\Release\core.a(usart.c.o)
                0x0800553c                usart_init
 .text.usart_enable
                0x08005588       0x14 C:\Users\Administrator\AppData\Local\Temp\VMBuilds\Universal_controller\Arduino_STM32-master_genericSTM32F103R\Release\core.a(usart.c.o)
                0x08005588                usart_enable
 .text.usart_tx
                0x0800559c       0x8e C:\Users\Administrator\AppData\Local\Temp\VMBuilds\Universal_controller\Arduino_STM32-master_genericSTM32F103R\Release\core.a(usart.c.o)
                0x0800559c                usart_tx
 *fill*         0x0800562a        0x2 
 .text.__aeabi_atexit
                0x0800562c        0xc c:/users/administrator/appdata/local/arduino15/packages/arduino/tools/arm-none-eabi-gcc/7-2017q4/bin/../lib/gcc/arm-none-eabi/7.2.1/../../../../arm-none-eabi/lib/thumb/v7-m\libstdc++.a(atexit_arm.o)
                0x0800562c                __aeabi_atexit
 .text          0x08005638       0x30 c:/users/administrator/appdata/local/arduino15/packages/arduino/tools/arm-none-eabi-gcc/7-2017q4/bin/../lib/gcc/arm-none-eabi/7.2.1/thumb/v7-m\libgcc.a(_aeabi_uldivmod.o)
                0x08005638                __aeabi_uldivmod
 .text          0x08005668      0x2d0 c:/users/administrator/appdata/local/arduino15/packages/arduino/tools/arm-none-eabi-gcc/7-2017q4/bin/../lib/gcc/arm-none-eabi/7.2.1/thumb/v7-m\libgcc.a(_udivmoddi4.o)
                0x08005668                __udivmoddi4
 .text          0x08005938        0x4 c:/users/administrator/appdata/local/arduino15/packages/arduino/tools/arm-none-eabi-gcc/7-2017q4/bin/../lib/gcc/arm-none-eabi/7.2.1/thumb/v7-m\libgcc.a(_dvmd_tls.o)
                0x08005938                __aeabi_idiv0
                0x08005938                __aeabi_ldiv0
 .text.__cxa_atexit
                0x0800593c        0xc c:/users/administrator/appdata/local/arduino15/packages/arduino/tools/arm-none-eabi-gcc/7-2017q4/bin/../lib/gcc/arm-none-eabi/7.2.1/../../../../arm-none-eabi/lib/thumb/v7-m\libc.a(lib_a-cxa_atexit.o)
                0x0800593c                __cxa_atexit
 .text.__errno  0x08005948        0xc c:/users/administrator/appdata/local/arduino15/packages/arduino/tools/arm-none-eabi-gcc/7-2017q4/bin/../lib/gcc/arm-none-eabi/7.2.1/../../../../arm-none-eabi/lib/thumb/v7-m\libc.a(lib_a-errno.o)
                0x08005948                __errno
 .text.exit     0x08005954       0x20 c:/users/administrator/appdata/local/arduino15/packages/arduino/tools/arm-none-eabi-gcc/7-2017q4/bin/../lib/gcc/arm-none-eabi/7.2.1/../../../../arm-none-eabi/lib/thumb/v7-m\libc.a(lib_a-exit.o)
                0x08005954                exit
 .text.__libc_init_array
                0x08005974       0x48 c:/users/administrator/appdata/local/arduino15/packages/arduino/tools/arm-none-eabi-gcc/7-2017q4/bin/../lib/gcc/arm-none-eabi/7.2.1/../../../../arm-none-eabi/lib/thumb/v7-m\libc.a(lib_a-init.o)
                0x08005974                __libc_init_array
 .text.__locale_ctype_ptr
                0x080059bc       0x1c c:/users/administrator/appdata/local/arduino15/packages/arduino/tools/arm-none-eabi-gcc/7-2017q4/bin/../lib/gcc/arm-none-eabi/7.2.1/../../../../arm-none-eabi/lib/thumb/v7-m\libc.a(lib_a-locale.o)
                0x080059bc                __locale_ctype_ptr
 .text.malloc   0x080059d8       0x10 c:/users/administrator/appdata/local/arduino15/packages/arduino/tools/arm-none-eabi-gcc/7-2017q4/bin/../lib/gcc/arm-none-eabi/7.2.1/../../../../arm-none-eabi/lib/thumb/v7-m\libc.a(lib_a-malloc.o)
                0x080059d8                malloc
 .text.free     0x080059e8       0x10 c:/users/administrator/appdata/local/arduino15/packages/arduino/tools/arm-none-eabi-gcc/7-2017q4/bin/../lib/gcc/arm-none-eabi/7.2.1/../../../../arm-none-eabi/lib/thumb/v7-m\libc.a(lib_a-malloc.o)
                0x080059e8                free
 .text._malloc_r
                0x080059f8      0x524 c:/users/administrator/appdata/local/arduino15/packages/arduino/tools/arm-none-eabi-gcc/7-2017q4/bin/../lib/gcc/arm-none-eabi/7.2.1/../../../../arm-none-eabi/lib/thumb/v7-m\libc.a(lib_a-mallocr.o)
                0x080059f8                _malloc_r
 .text.__ascii_mbtowc
                0x08005f1c       0x2c c:/users/administrator/appdata/local/arduino15/packages/arduino/tools/arm-none-eabi-gcc/7-2017q4/bin/../lib/gcc/arm-none-eabi/7.2.1/../../../../arm-none-eabi/lib/thumb/v7-m\libc.a(lib_a-mbtowc_r.o)
                0x08005f1c                __ascii_mbtowc
 .text.memmove  0x08005f48       0xc4 c:/users/administrator/appdata/local/arduino15/packages/arduino/tools/arm-none-eabi-gcc/7-2017q4/bin/../lib/gcc/arm-none-eabi/7.2.1/../../../../arm-none-eabi/lib/thumb/v7-m\libc.a(lib_a-memmove.o)
                0x08005f48                memmove
 .text.__malloc_lock
                0x0800600c        0xc c:/users/administrator/appdata/local/arduino15/packages/arduino/tools/arm-none-eabi-gcc/7-2017q4/bin/../lib/gcc/arm-none-eabi/7.2.1/../../../../arm-none-eabi/lib/thumb/v7-m\libc.a(lib_a-mlock.o)
                0x0800600c                __malloc_lock
 .text.__malloc_unlock
                0x08006018        0xc c:/users/administrator/appdata/local/arduino15/packages/arduino/tools/arm-none-eabi-gcc/7-2017q4/bin/../lib/gcc/arm-none-eabi/7.2.1/../../../../arm-none-eabi/lib/thumb/v7-m\libc.a(lib_a-mlock.o)
                0x08006018                __malloc_unlock
 .text.realloc  0x08006024       0x10 c:/users/administrator/appdata/local/arduino15/packages/arduino/tools/arm-none-eabi-gcc/7-2017q4/bin/../lib/gcc/arm-none-eabi/7.2.1/../../../../arm-none-eabi/lib/thumb/v7-m\libc.a(lib_a-realloc.o)
                0x08006024                realloc
 .text._realloc_r
                0x08006034      0x374 c:/users/administrator/appdata/local/arduino15/packages/arduino/tools/arm-none-eabi-gcc/7-2017q4/bin/../lib/gcc/arm-none-eabi/7.2.1/../../../../arm-none-eabi/lib/thumb/v7-m\libc.a(lib_a-reallocr.o)
                0x08006034                _realloc_r
 .text._sbrk_r  0x080063a8       0x24 c:/users/administrator/appdata/local/arduino15/packages/arduino/tools/arm-none-eabi-gcc/7-2017q4/bin/../lib/gcc/arm-none-eabi/7.2.1/../../../../arm-none-eabi/lib/thumb/v7-m\libc.a(lib_a-sbrkr.o)
                0x080063a8                _sbrk_r
 .text.strcpy   0x080063cc       0xbc c:/users/administrator/appdata/local/arduino15/packages/arduino/tools/arm-none-eabi-gcc/7-2017q4/bin/../lib/gcc/arm-none-eabi/7.2.1/../../../../arm-none-eabi/lib/thumb/v7-m\libc.a(lib_a-strcpy.o)
                0x080063cc                strcpy
 .text.strlen   0x08006488       0x5c c:/users/administrator/appdata/local/arduino15/packages/arduino/tools/arm-none-eabi-gcc/7-2017q4/bin/../lib/gcc/arm-none-eabi/7.2.1/../../../../arm-none-eabi/lib/thumb/v7-m\libc.a(lib_a-strlen-stub.o)
                0x08006488                strlen
 .text.strncpy  0x080064e4       0x64 c:/users/administrator/appdata/local/arduino15/packages/arduino/tools/arm-none-eabi-gcc/7-2017q4/bin/../lib/gcc/arm-none-eabi/7.2.1/../../../../arm-none-eabi/lib/thumb/v7-m\libc.a(lib_a-strncpy.o)
                0x080064e4                strncpy
 .text.toupper  0x08006548       0x1c c:/users/administrator/appdata/local/arduino15/packages/arduino/tools/arm-none-eabi-gcc/7-2017q4/bin/../lib/gcc/arm-none-eabi/7.2.1/../../../../arm-none-eabi/lib/thumb/v7-m\libc.a(lib_a-toupper.o)
                0x08006548                toupper
 .text.__ascii_wctomb
                0x08006564       0x18 c:/users/administrator/appdata/local/arduino15/packages/arduino/tools/arm-none-eabi-gcc/7-2017q4/bin/../lib/gcc/arm-none-eabi/7.2.1/../../../../arm-none-eabi/lib/thumb/v7-m\libc.a(lib_a-wctomb_r.o)
                0x08006564                __ascii_wctomb
 .text.__register_exitproc
                0x0800657c       0xc0 c:/users/administrator/appdata/local/arduino15/packages/arduino/tools/arm-none-eabi-gcc/7-2017q4/bin/../lib/gcc/arm-none-eabi/7.2.1/../../../../arm-none-eabi/lib/thumb/v7-m\libc.a(lib_a-__atexit.o)
                0x0800657c                __register_exitproc
 .text.startup.register_fini
                0x0800663c       0x14 c:/users/administrator/appdata/local/arduino15/packages/arduino/tools/arm-none-eabi-gcc/7-2017q4/bin/../lib/gcc/arm-none-eabi/7.2.1/../../../../arm-none-eabi/lib/thumb/v7-m\libc.a(lib_a-__call_atexit.o)
 .text.__call_exitprocs
                0x08006650       0xe8 c:/users/administrator/appdata/local/arduino15/packages/arduino/tools/arm-none-eabi-gcc/7-2017q4/bin/../lib/gcc/arm-none-eabi/7.2.1/../../../../arm-none-eabi/lib/thumb/v7-m\libc.a(lib_a-__call_atexit.o)
                0x08006650                __call_exitprocs
 .text.atexit   0x08006738        0xc c:/users/administrator/appdata/local/arduino15/packages/arduino/tools/arm-none-eabi-gcc/7-2017q4/bin/../lib/gcc/arm-none-eabi/7.2.1/../../../../arm-none-eabi/lib/thumb/v7-m\libc.a(lib_a-atexit.o)
                0x08006738                atexit
 .text.__libc_fini_array
                0x08006744       0x34 c:/users/administrator/appdata/local/arduino15/packages/arduino/tools/arm-none-eabi-gcc/7-2017q4/bin/../lib/gcc/arm-none-eabi/7.2.1/../../../../arm-none-eabi/lib/thumb/v7-m\libc.a(lib_a-fini.o)
                0x08006744                __libc_fini_array
 .text._malloc_trim_r
                0x08006778       0xa0 c:/users/administrator/appdata/local/arduino15/packages/arduino/tools/arm-none-eabi-gcc/7-2017q4/bin/../lib/gcc/arm-none-eabi/7.2.1/../../../../arm-none-eabi/lib/thumb/v7-m\libc.a(lib_a-freer.o)
                0x08006778                _malloc_trim_r
 .text._free_r  0x08006818      0x1e8 c:/users/administrator/appdata/local/arduino15/packages/arduino/tools/arm-none-eabi-gcc/7-2017q4/bin/../lib/gcc/arm-none-eabi/7.2.1/../../../../arm-none-eabi/lib/thumb/v7-m\libc.a(lib_a-freer.o)
                0x08006818                _free_r
 .text.__retarget_lock_acquire_recursive
                0x08006a00        0x4 c:/users/administrator/appdata/local/arduino15/packages/arduino/tools/arm-none-eabi-gcc/7-2017q4/bin/../lib/gcc/arm-none-eabi/7.2.1/../../../../arm-none-eabi/lib/thumb/v7-m\libc.a(lib_a-lock.o)
                0x08006a00                __retarget_lock_acquire_recursive
 .text.__retarget_lock_release_recursive
                0x08006a04        0x4 c:/users/administrator/appdata/local/arduino15/packages/arduino/tools/arm-none-eabi-gcc/7-2017q4/bin/../lib/gcc/arm-none-eabi/7.2.1/../../../../arm-none-eabi/lib/thumb/v7-m\libc.a(lib_a-lock.o)
                0x08006a04                __retarget_lock_release_recursive
 *(.plt)
 *(.gnu.warning)
 *(.glue_7t)
 .glue_7t       0x08006a08        0x0 linker stubs
 *(.glue_7)
 .glue_7        0x08006a08        0x0 linker stubs
 *(.vfp11_veneer)
 .vfp11_veneer  0x08006a08        0x0 linker stubs
 *(.ARM.extab* .gnu.linkonce.armextab.*)
 *(.gcc_except_table)
 *(.eh_frame_hdr)
 *(.eh_frame)
 .eh_frame      0x08006a08        0x0 c:/users/administrator/appdata/local/arduino15/packages/arduino/tools/arm-none-eabi-gcc/7-2017q4/bin/../lib/gcc/arm-none-eabi/7.2.1/thumb/v7-m/crtbegin.o
                0x08006a08                . = ALIGN (0x4)
 *(.init)
 .init          0x08006a08        0x4 c:/users/administrator/appdata/local/arduino15/packages/arduino/tools/arm-none-eabi-gcc/7-2017q4/bin/../lib/gcc/arm-none-eabi/7.2.1/thumb/v7-m/crti.o
                0x08006a08                _init
 .init          0x08006a0c        0x8 c:/users/administrator/appdata/local/arduino15/packages/arduino/tools/arm-none-eabi-gcc/7-2017q4/bin/../lib/gcc/arm-none-eabi/7.2.1/thumb/v7-m/crtn.o
                0x08006a14                . = ALIGN (0x4)
                0x08006a14                __preinit_array_start = .
 *(.preinit_array)
                0x08006a14                __preinit_array_end = .
                0x08006a14                . = ALIGN (0x4)
                0x08006a14                __init_array_start = .
 *(SORT_BY_NAME(.init_array.*))
 .init_array.00000
                0x08006a14        0x4 c:/users/administrator/appdata/local/arduino15/packages/arduino/tools/arm-none-eabi-gcc/7-2017q4/bin/../lib/gcc/arm-none-eabi/7.2.1/../../../../arm-none-eabi/lib/thumb/v7-m\libc.a(lib_a-__call_atexit.o)
 .init_array.00101
                0x08006a18        0x4 C:\Users\Administrator\AppData\Local\Temp\VMBuilds\Universal_controller\Arduino_STM32-master_genericSTM32F103R\Release\core.a(main.cpp.o)
 *(.init_array)
 .init_array    0x08006a1c        0x4 c:/users/administrator/appdata/local/arduino15/packages/arduino/tools/arm-none-eabi-gcc/7-2017q4/bin/../lib/gcc/arm-none-eabi/7.2.1/thumb/v7-m/crtbegin.o
 .init_array    0x08006a20        0x4 Universal_controller.cpp.o
 .init_array    0x08006a24        0x4 EEPROM\EEPROM.cpp.o
 .init_array    0x08006a28        0x4 C:\Users\Administrator\AppData\Local\Temp\VMBCore\arduino16x\1d5bbd1283c0998d3b1230e5801fb023\variant\board.cpp.o
 .init_array    0x08006a2c        0x4 C:\Users\Administrator\AppData\Local\Temp\VMBuilds\Universal_controller\Arduino_STM32-master_genericSTM32F103R\Release\core.a(usb_serial.cpp.o)
                0x08006a30                __init_array_end = .
                0x08006a30                . = ALIGN (0x4)
 *crtbegin.o(.ctors)
 *(EXCLUDE_FILE(*crtend.o) .ctors)
 *(SORT_BY_NAME(.ctors.*))
 *crtend.o(.ctors)
                0x08006a30                . = ALIGN (0x4)
 *(.fini)
 .fini          0x08006a30        0x4 c:/users/administrator/appdata/local/arduino15/packages/arduino/tools/arm-none-eabi-gcc/7-2017q4/bin/../lib/gcc/arm-none-eabi/7.2.1/thumb/v7-m/crti.o
                0x08006a30                _fini
 .fini          0x08006a34        0x8 c:/users/administrator/appdata/local/arduino15/packages/arduino/tools/arm-none-eabi-gcc/7-2017q4/bin/../lib/gcc/arm-none-eabi/7.2.1/thumb/v7-m/crtn.o
                0x08006a3c                . = ALIGN (0x4)
                0x08006a3c                __fini_array_start = .
 *(.fini_array)
 .fini_array    0x08006a3c        0x4 c:/users/administrator/appdata/local/arduino15/packages/arduino/tools/arm-none-eabi-gcc/7-2017q4/bin/../lib/gcc/arm-none-eabi/7.2.1/thumb/v7-m/crtbegin.o
 *(SORT_BY_NAME(.fini_array.*))
                0x08006a40                __fini_array_end = .
 *crtbegin.o(.dtors)
 *(EXCLUDE_FILE(*crtend.o) .dtors)
 *(SORT_BY_NAME(.dtors.*))
 *crtend.o(.dtors)

.v4_bx          0x08006a40        0x0
 .v4_bx         0x08006a40        0x0 linker stubs

.iplt           0x08006a40        0x0
 .iplt          0x08006a40        0x0 c:/users/administrator/appdata/local/arduino15/packages/arduino/tools/arm-none-eabi-gcc/7-2017q4/bin/../lib/gcc/arm-none-eabi/7.2.1/thumb/v7-m/crtbegin.o

.text.align     0x08006a40        0x0
                0x08006a40                . = ALIGN (0x8)
                0x08006a40                __text_end__ = .
                0x08006a40                __exidx_start = .

.ARM.exidx      0x08006a40        0x8
 *(.ARM.exidx* .gnu.linkonce.armexidx.*)
 .ARM.exidx     0x08006a40        0x8 C:\Users\Administrator\AppData\Local\Temp\VMBCore\arduino16x\1d5bbd1283c0998d3b1230e5801fb023\variant\start.S.o
 .ARM.exidx.text.__aeabi_atexit
                0x08006a48        0x0 c:/users/administrator/appdata/local/arduino15/packages/arduino/tools/arm-none-eabi-gcc/7-2017q4/bin/../lib/gcc/arm-none-eabi/7.2.1/../../../../arm-none-eabi/lib/thumb/v7-m\libstdc++.a(atexit_arm.o)
                                  0x8 (size before relaxing)
 .ARM.exidx     0x08006a48        0x0 c:/users/administrator/appdata/local/arduino15/packages/arduino/tools/arm-none-eabi-gcc/7-2017q4/bin/../lib/gcc/arm-none-eabi/7.2.1/thumb/v7-m\libgcc.a(_udivmoddi4.o)
                                  0x8 (size before relaxing)
                0x08006a48                __exidx_end = .

.data           0x20000000     0x1000 load address 0x08006a48
                0x20000000                __data_start__ = .
                0x20000000        0x4 LONG 0x0
                0x20000008                . = ALIGN (0x8)
 *fill*         0x20000004        0x4 
 *(.got.plt)
 *(.got)
 *(.data .data.* .gnu.linkonce.d.*)
 .data          0x20000008        0x4 c:/users/administrator/appdata/local/arduino15/packages/arduino/tools/arm-none-eabi-gcc/7-2017q4/bin/../lib/gcc/arm-none-eabi/7.2.1/thumb/v7-m/crtbegin.o
                0x20000008                __dso_handle
 .data._ZL12E011_DataLen
                0x2000000c        0x4 user_A011_E011.cpp.o
 .data._ZL13E011_FrameId1
                0x20000010        0x4 user_A011_E011.cpp.o
 .data._ZL13E011_FrameId2
                0x20000014        0x4 user_A011_E011.cpp.o
 .data._ZL14E011_FrameEnd1
                0x20000018        0x4 user_A011_E011.cpp.o
 .data._ZL14E011_FrameEnd2
                0x2000001c        0x4 user_A011_E011.cpp.o
 .data._ZL14E011_FrameEnd3
                0x20000020        0x4 user_A011_E011.cpp.o
 .data._ZL14E011_FrameEnd4
                0x20000024        0x4 user_A011_E011.cpp.o
 .data._ZL14E011_FrameEnd5
                0x20000028        0x4 user_A011_E011.cpp.o
 .data._ZL14E011_FrameEnd6
                0x2000002c        0x4 user_A011_E011.cpp.o
 .data._ZL14E011_FrameHead
                0x20000030        0x4 user_A011_E011.cpp.o
 .data._ZL18E011_DeviceTypeID1
                0x20000034        0x4 user_A011_E011.cpp.o
 .data._ZL18E011_DeviceTypeID2
                0x20000038        0x4 user_A011_E011.cpp.o
 .data._ZN6wirish4priv15w_board_pll_cfgE
                0x2000003c        0x8 C:\Users\Administrator\AppData\Local\Temp\VMBCore\arduino16x\1d5bbd1283c0998d3b1230e5801fb023\variant\boards_setup.cpp.o
                0x2000003c                wirish::priv::w_board_pll_cfg
 .data._ZN6wirish4priv9w_adc_preE
                0x20000044        0x2 C:\Users\Administrator\AppData\Local\Temp\VMBCore\arduino16x\1d5bbd1283c0998d3b1230e5801fb023\variant\boards_setup.cpp.o
                0x20000044                wirish::priv::w_adc_pre
 .data._ZN6wirish4priv9w_adc_smpE
                0x20000046        0x1 C:\Users\Administrator\AppData\Local\Temp\VMBCore\arduino16x\1d5bbd1283c0998d3b1230e5801fb023\variant\boards_setup.cpp.o
                0x20000046                wirish::priv::w_adc_smp
 *fill*         0x20000047        0x1 
 .data._ZN6wirish4privL8pll_dataE
                0x20000048        0x4 C:\Users\Administrator\AppData\Local\Temp\VMBCore\arduino16x\1d5bbd1283c0998d3b1230e5801fb023\variant\boards_setup.cpp.o
 .data.ADC1     0x2000004c        0x4 C:\Users\Administrator\AppData\Local\Temp\VMBuilds\Universal_controller\Arduino_STM32-master_genericSTM32F103R\Release\core.a(adc_f1.c.o)
                0x2000004c                ADC1
 .data.ADC2     0x20000050        0x4 C:\Users\Administrator\AppData\Local\Temp\VMBuilds\Universal_controller\Arduino_STM32-master_genericSTM32F103R\Release\core.a(adc_f1.c.o)
                0x20000050                ADC2
 .data.ADC3     0x20000054        0x4 C:\Users\Administrator\AppData\Local\Temp\VMBuilds\Universal_controller\Arduino_STM32-master_genericSTM32F103R\Release\core.a(adc_f1.c.o)
                0x20000054                ADC3
 .data.adc1     0x20000058       0x18 C:\Users\Administrator\AppData\Local\Temp\VMBuilds\Universal_controller\Arduino_STM32-master_genericSTM32F103R\Release\core.a(adc_f1.c.o)
                0x20000058                adc1
 .data.adc2     0x20000070        0x8 C:\Users\Administrator\AppData\Local\Temp\VMBuilds\Universal_controller\Arduino_STM32-master_genericSTM32F103R\Release\core.a(adc_f1.c.o)
                0x20000070                adc2
 .data.adc3     0x20000078       0x18 C:\Users\Administrator\AppData\Local\Temp\VMBuilds\Universal_controller\Arduino_STM32-master_genericSTM32F103R\Release\core.a(adc_f1.c.o)
                0x20000078                adc3
 .data.DMA1     0x20000090        0x4 C:\Users\Administrator\AppData\Local\Temp\VMBuilds\Universal_controller\Arduino_STM32-master_genericSTM32F103R\Release\core.a(dma_f1.c.o)
                0x20000090                DMA1
 .data.DMA2     0x20000094        0x4 C:\Users\Administrator\AppData\Local\Temp\VMBuilds\Universal_controller\Arduino_STM32-master_genericSTM32F103R\Release\core.a(dma_f1.c.o)
                0x20000094                DMA2
 .data.dma1     0x20000098       0x40 C:\Users\Administrator\AppData\Local\Temp\VMBuilds\Universal_controller\Arduino_STM32-master_genericSTM32F103R\Release\core.a(dma_f1.c.o)
 .data.dma2     0x200000d8       0x30 C:\Users\Administrator\AppData\Local\Temp\VMBuilds\Universal_controller\Arduino_STM32-master_genericSTM32F103R\Release\core.a(dma_f1.c.o)
 .data.gpioa    0x20000108        0x8 C:\Users\Administrator\AppData\Local\Temp\VMBuilds\Universal_controller\Arduino_STM32-master_genericSTM32F103R\Release\core.a(gpio_f1.c.o)
                0x20000108                gpioa
 .data.gpiob    0x20000110        0x8 C:\Users\Administrator\AppData\Local\Temp\VMBuilds\Universal_controller\Arduino_STM32-master_genericSTM32F103R\Release\core.a(gpio_f1.c.o)
                0x20000110                gpiob
 .data.gpioc    0x20000118        0x8 C:\Users\Administrator\AppData\Local\Temp\VMBuilds\Universal_controller\Arduino_STM32-master_genericSTM32F103R\Release\core.a(gpio_f1.c.o)
                0x20000118                gpioc
 .data.gpiod    0x20000120        0x8 C:\Users\Administrator\AppData\Local\Temp\VMBuilds\Universal_controller\Arduino_STM32-master_genericSTM32F103R\Release\core.a(gpio_f1.c.o)
                0x20000120                gpiod
 .data.i2c1     0x20000128       0x24 C:\Users\Administrator\AppData\Local\Temp\VMBuilds\Universal_controller\Arduino_STM32-master_genericSTM32F103R\Release\core.a(i2c_f1.c.o)
 .data.i2c2     0x2000014c       0x24 C:\Users\Administrator\AppData\Local\Temp\VMBuilds\Universal_controller\Arduino_STM32-master_genericSTM32F103R\Release\core.a(i2c_f1.c.o)
 .data.enable_regs.4454
                0x20000170        0xc C:\Users\Administrator\AppData\Local\Temp\VMBuilds\Universal_controller\Arduino_STM32-master_genericSTM32F103R\Release\core.a(rcc_f1.c.o)
 .data.enable_regs.4467
                0x2000017c        0xc C:\Users\Administrator\AppData\Local\Temp\VMBuilds\Universal_controller\Arduino_STM32-master_genericSTM32F103R\Release\core.a(rcc_f1.c.o)
 .data.reset_regs.4458
                0x20000188        0x8 C:\Users\Administrator\AppData\Local\Temp\VMBuilds\Universal_controller\Arduino_STM32-master_genericSTM32F103R\Release\core.a(rcc_f1.c.o)
 .data.timer1   0x20000190       0x28 C:\Users\Administrator\AppData\Local\Temp\VMBuilds\Universal_controller\Arduino_STM32-master_genericSTM32F103R\Release\core.a(timer.c.o)
                0x20000190                timer1
 .data.timer2   0x200001b8       0x24 C:\Users\Administrator\AppData\Local\Temp\VMBuilds\Universal_controller\Arduino_STM32-master_genericSTM32F103R\Release\core.a(timer.c.o)
                0x200001b8                timer2
 .data.timer3   0x200001dc       0x24 C:\Users\Administrator\AppData\Local\Temp\VMBuilds\Universal_controller\Arduino_STM32-master_genericSTM32F103R\Release\core.a(timer.c.o)
                0x200001dc                timer3
 .data.timer4   0x20000200       0x24 C:\Users\Administrator\AppData\Local\Temp\VMBuilds\Universal_controller\Arduino_STM32-master_genericSTM32F103R\Release\core.a(timer.c.o)
                0x20000200                timer4
 .data.timer5   0x20000224       0x24 C:\Users\Administrator\AppData\Local\Temp\VMBuilds\Universal_controller\Arduino_STM32-master_genericSTM32F103R\Release\core.a(timer.c.o)
                0x20000224                timer5
 .data.timer6   0x20000248        0xc C:\Users\Administrator\AppData\Local\Temp\VMBuilds\Universal_controller\Arduino_STM32-master_genericSTM32F103R\Release\core.a(timer.c.o)
                0x20000248                timer6
 .data.timer7   0x20000254        0xc C:\Users\Administrator\AppData\Local\Temp\VMBuilds\Universal_controller\Arduino_STM32-master_genericSTM32F103R\Release\core.a(timer.c.o)
                0x20000254                timer7
 .data.timer8   0x20000260       0x28 C:\Users\Administrator\AppData\Local\Temp\VMBuilds\Universal_controller\Arduino_STM32-master_genericSTM32F103R\Release\core.a(timer.c.o)
                0x20000260                timer8
 .data.UART4    0x20000288        0x4 C:\Users\Administrator\AppData\Local\Temp\VMBuilds\Universal_controller\Arduino_STM32-master_genericSTM32F103R\Release\core.a(usart_f1.c.o)
                0x20000288                UART4