Archive member included to satisfy reference by file (symbol)

C:\Users\Administrator\AppData\Local\Temp\VMBuilds\Universal_controller\Arduino_STM32-master_genericSTM32F103R\Release\core.a(exc.S.o)
                              (__exc_nmi)
C:\Users\Administrator\AppData\Local\Temp\VMBuilds\Universal_controller\Arduino_STM32-master_genericSTM32F103R\Release\core.a(isrs.S.o)
                              (__stm32reservedexception7)
C:\Users\Administrator\AppData\Local\Temp\VMBuilds\Universal_controller\Arduino_STM32-master_genericSTM32F103R\Release\core.a(vector_table.S.o)
                              (__stm32_vector_table)
C:\Users\Administrator\AppData\Local\Temp\VMBuilds\Universal_controller\Arduino_STM32-master_genericSTM32F103R\Release\core.a(adc.c.o)
                              C:\Users\Administrator\AppData\Local\Temp\VMBCore\arduino16x\1d5bbd1283c0998d3b1230e5801fb023\variant\boards.cpp.o (adc_set_sample_rate)
C:\Users\Administrator\AppData\Local\Temp\VMBuilds\Universal_controller\Arduino_STM32-master_genericSTM32F103R\Release\core.a(adc_f1.c.o)
                              C:\Users\Administrator\AppData\Local\Temp\VMBuilds\Universal_controller\Arduino_STM32-master_genericSTM32F103R\Release\core.a(vector_table.S.o) (__irq_adc)
C:\Users\Administrator\AppData\Local\Temp\VMBuilds\Universal_controller\Arduino_STM32-master_genericSTM32F103R\Release\core.a(dma_f1.c.o)
                              C:\Users\Administrator\AppData\Local\Temp\VMBuilds\Universal_controller\Arduino_STM32-master_genericSTM32F103R\Release\core.a(vector_table.S.o) (__irq_dma1_channel1)
C:\Users\Administrator\AppData\Local\Temp\VMBuilds\Universal_controller\Arduino_STM32-master_genericSTM32F103R\Release\core.a(exti.c.o)
                              C:\Users\Administrator\AppData\Local\Temp\VMBuilds\Universal_controller\Arduino_STM32-master_genericSTM32F103R\Release\core.a(vector_table.S.o) (__irq_exti0)
C:\Users\Administrator\AppData\Local\Temp\VMBuilds\Universal_controller\Arduino_STM32-master_genericSTM32F103R\Release\core.a(exti_f1.c.o)
                              C:\Users\Administrator\AppData\Local\Temp\VMBuilds\Universal_controller\Arduino_STM32-master_genericSTM32F103R\Release\core.a(exti.c.o) (exti_select)
C:\Users\Administrator\AppData\Local\Temp\VMBuilds\Universal_controller\Arduino_STM32-master_genericSTM32F103R\Release\core.a(flash.c.o)
                              C:\Users\Administrator\AppData\Local\Temp\VMBCore\arduino16x\1d5bbd1283c0998d3b1230e5801fb023\variant\boards.cpp.o (flash_set_latency)
C:\Users\Administrator\AppData\Local\Temp\VMBuilds\Universal_controller\Arduino_STM32-master_genericSTM32F103R\Release\core.a(gpio_f1.c.o)
                              C:\Users\Administrator\AppData\Local\Temp\VMBCore\arduino16x\1d5bbd1283c0998d3b1230e5801fb023\variant\boards_setup.cpp.o (gpio_init_all)
C:\Users\Administrator\AppData\Local\Temp\VMBuilds\Universal_controller\Arduino_STM32-master_genericSTM32F103R\Release\core.a(i2c_f1.c.o)
                              C:\Users\Administrator\AppData\Local\Temp\VMBuilds\Universal_controller\Arduino_STM32-master_genericSTM32F103R\Release\core.a(vector_table.S.o) (__irq_i2c1_ev)
C:\Users\Administrator\AppData\Local\Temp\VMBuilds\Universal_controller\Arduino_STM32-master_genericSTM32F103R\Release\core.a(nvic.c.o)
                              C:\Users\Administrator\AppData\Local\Temp\VMBuilds\Universal_controller\Arduino_STM32-master_genericSTM32F103R\Release\core.a(i2c_f1.c.o) (nvic_irq_set_priority)
C:\Users\Administrator\AppData\Local\Temp\VMBuilds\Universal_controller\Arduino_STM32-master_genericSTM32F103R\Release\core.a(rcc.c.o)
                              C:\Users\Administrator\AppData\Local\Temp\VMBCore\arduino16x\1d5bbd1283c0998d3b1230e5801fb023\variant\boards.cpp.o (rcc_switch_sysclk)
C:\Users\Administrator\AppData\Local\Temp\VMBuilds\Universal_controller\Arduino_STM32-master_genericSTM32F103R\Release\core.a(rcc_f1.c.o)
                              C:\Users\Administrator\AppData\Local\Temp\VMBCore\arduino16x\1d5bbd1283c0998d3b1230e5801fb023\variant\boards.cpp.o (rcc_configure_pll)
C:\Users\Administrator\AppData\Local\Temp\VMBuilds\Universal_controller\Arduino_STM32-master_genericSTM32F103R\Release\core.a(systick.c.o)
                              C:\Users\Administrator\AppData\Local\Temp\VMBCore\arduino16x\1d5bbd1283c0998d3b1230e5801fb023\variant\boards.cpp.o (systick_init)
C:\Users\Administrator\AppData\Local\Temp\VMBuilds\Universal_controller\Arduino_STM32-master_genericSTM32F103R\Release\core.a(timer.c.o)
                              C:\Users\Administrator\AppData\Local\Temp\VMBCore\arduino16x\1d5bbd1283c0998d3b1230e5801fb023\variant\boards.cpp.o (timer_foreach)
C:\Users\Administrator\AppData\Local\Temp\VMBuilds\Universal_controller\Arduino_STM32-master_genericSTM32F103R\Release\core.a(usart_f1.c.o)
[...]
Memory Configuration

Name             Origin             Length             Attributes
ram              0x20000000         0x0000c000         xrw
rom              0x08000000         0x00040000         xr
*default*        0x00000000         0xffffffff

Linker script and memory map

LOAD c:/users/administrator/appdata/local/arduino15/packages/arduino/tools/arm-none-eabi-gcc/7-2017q4/bin/../lib/gcc/arm-none-eabi/7.2.1/thumb/v7-m/crti.o
LOAD c:/users/administrator/appdata/local/arduino15/packages/arduino/tools/arm-none-eabi-gcc/7-2017q4/bin/../lib/gcc/arm-none-eabi/7.2.1/thumb/v7-m/crtbegin.o
LOAD c:/users/administrator/appdata/local/arduino15/packages/arduino/tools/arm-none-eabi-gcc/7-2017q4/bin/../lib/gcc/arm-none-eabi/7.2.1/../../../../arm-none-eabi/lib/thumb/v7-m/crt0.o
LOAD c:/users/administrator/appdata/local/arduino15/packages/arduino/tools/arm-none-eabi-gcc/7-2017q4/bin/../lib/gcc/arm-none-eabi/7.2.1/thumb/v7-m\libgcc.a
START GROUP
LOAD Universal_controller.cpp.o
LOAD AT24CXX.cpp.o
LOAD i2c.cpp.o
LOAD user_A011_E011.cpp.o
LOAD user_A021_E021.cpp.o
LOAD user_A025_E025.cpp.o
LOAD user_crc8.cpp.o
LOAD user_HEXtoDEC.cpp.o
LOAD user_initialization.cpp.o
LOAD user_judgement.cpp.o
LOAD user_lorainit.cpp.o
LOAD user_Set_Correlation.cpp.o
LOAD EEPROM\flash_stm32.c.o
LOAD EEPROM\EEPROM.cpp.o
LOAD C:\Users\Administrator\AppData\Local\Temp\VMBCore\arduino16x\1d5bbd1283c0998d3b1230e5801fb023\variant\board.cpp.o
LOAD C:\Users\Administrator\AppData\Local\Temp\VMBCore\arduino16x\1d5bbd1283c0998d3b1230e5801fb023\variant\boards.cpp.o
LOAD C:\Users\Administrator\AppData\Local\Temp\VMBCore\arduino16x\1d5bbd1283c0998d3b1230e5801fb023\variant\boards_setup.cpp.o
LOAD C:\Users\Administrator\AppData\Local\Temp\VMBCore\arduino16x\1d5bbd1283c0998d3b1230e5801fb023\variant\start.S.o
LOAD C:\Users\Administrator\AppData\Local\Temp\VMBCore\arduino16x\1d5bbd1283c0998d3b1230e5801fb023\variant\start_c.c.o
LOAD C:\Users\Administrator\AppData\Local\Temp\VMBCore\arduino16x\1d5bbd1283c0998d3b1230e5801fb023\variant\syscalls.c.o
LOAD C:\Users\Administrator\AppData\Local\Temp\VMBuilds\Universal_controller\Arduino_STM32-master_genericSTM32F103R\Release\core.a
END GROUP
LOAD c:/users/administrator/appdata/local/arduino15/packages/arduino/tools/arm-none-eabi-gcc/7-2017q4/bin/../lib/gcc/arm-none-eabi/7.2.1/../../../../arm-none-eabi/lib/thumb/v7-m\libstdc++.a
LOAD c:/users/administrator/appdata/local/arduino15/packages/arduino/tools/arm-none-eabi-gcc/7-2017q4/bin/../lib/gcc/arm-none-eabi/7.2.1/../../../../arm-none-eabi/lib/thumb/v7-m\libm.a
START GROUP
LOAD c:/users/administrator/appdata/local/arduino15/packages/arduino/tools/arm-none-eabi-gcc/7-2017q4/bin/../lib/gcc/arm-none-eabi/7.2.1/thumb/v7-m\libgcc.a
LOAD c:/users/administrator/appdata/local/arduino15/packages/arduino/tools/arm-none-eabi-gcc/7-2017q4/bin/../lib/gcc/arm-none-eabi/7.2.1/../../../../arm-none-eabi/lib/thumb/v7-m\libc.a
END GROUP
LOAD c:/users/administrator/appdata/local/arduino15/packages/arduino/tools/arm-none-eabi-gcc/7-2017q4/bin/../lib/gcc/arm-none-eabi/7.2.1/thumb/v7-m/crtend.o
LOAD c:/users/administrator/appdata/local/arduino15/packages/arduino/tools/arm-none-eabi-gcc/7-2017q4/bin/../lib/gcc/arm-none-eabi/7.2.1/thumb/v7-m/crtn.o
START GROUP
LOAD c:/users/administrator/appdata/local/arduino15/packages/arduino/tools/arm-none-eabi-gcc/7-2017q4/bin/../lib/gcc/arm-none-eabi/7.2.1/thumb/v7-m\libgcc.a
LOAD c:/users/administrator/appdata/local/arduino15/packages/arduino/tools/arm-none-eabi-gcc/7-2017q4/bin/../lib/gcc/arm-none-eabi/7.2.1/../../../../arm-none-eabi/lib/thumb/v7-m\libc.a
LOAD c:/users/administrator/appdata/local/arduino15/packages/arduino/tools/arm-none-eabi-gcc/7-2017q4/bin/../lib/gcc/arm-none-eabi/7.2.1/../../../../arm-none-eabi/lib/thumb/v7-m\libm.a
END GROUP
START GROUP
LOAD c:/users/administrator/appdata/local/arduino15/packages/arduino/tools/arm-none-eabi-gcc/7-2017q4/bin/../lib/gcc/arm-none-eabi/7.2.1/../../../../arm-none-eabi/lib/thumb/v7-m\libnosys.a
END GROUP
                0x2000c000                PROVIDE (__msp_init, (ORIGIN (ram) + LENGTH (ram)))
                0x080097c8                PROVIDE (__exc_reset, __start__)

.text           0x08000000    0x1276c
                0x08000000                __text_start__ = .
 *(.stm32.interrupt_vector)
 .stm32.interrupt_vector
                0x08000000      0x130 C:\Users\Administrator\AppData\Local\Temp\VMBuilds\Universal_controller\Arduino_STM32-master_genericSTM32F103R\Release\core.a(vector_table.S.o)
                0x08000000                __stm32_vector_table
 *(.text .text.* .gnu.linkonce.t.*)
 .text          0x08000130       0x40 c:/users/administrator/appdata/local/arduino15/packages/arduino/tools/arm-none-eabi-gcc/7-2017q4/bin/../lib/gcc/arm-none-eabi/7.2.1/thumb/v7-m/crtbegin.o
 .text.__tcf_11
                0x08000170       0x34 Universal_controller.cpp.o
 .text.__tcf_10
                0x080001a4       0x34 Universal_controller.cpp.o
 .text.__tcf_9  0x080001d8       0x34 Universal_controller.cpp.o
 .text.__tcf_8  0x0800020c       0x34 Universal_controller.cpp.o
 .text.__tcf_7  0x08000240       0x34 Universal_controller.cpp.o
 .text.__tcf_6  0x08000274       0x34 Universal_controller.cpp.o
 .text.__tcf_5  0x080002a8       0x34 Universal_controller.cpp.o
 .text.__tcf_4  0x080002dc       0x34 Universal_controller.cpp.o
 .text.__tcf_3  0x08000310       0x34 Universal_controller.cpp.o
 .text.__tcf_2  0x08000344       0x34 Universal_controller.cpp.o
 .text.__tcf_1  0x08000378       0x34 Universal_controller.cpp.o
 .text.__tcf_0  0x080003ac       0x34 Universal_controller.cpp.o
 .text._Z5setupv
                0x080003e0       0x9c Universal_controller.cpp.o
                0x080003e0                setup()
 .text.startup._GLOBAL__sub_I__Z5setupv
                0x0800047c      0x230 Universal_controller.cpp.o
 .text._Z24LORA_Receive_informationv
                0x080006ac      0x1a4 Universal_controller.cpp.o
                0x080006ac                LORA_Receive_information()
 .text._Z4loopv
                0x08000850       0xc4 Universal_controller.cpp.o
                0x08000850                loop()
 .text._Z19AT24CXX_ReadOneBytej
                0x08000914       0x46 AT24CXX.cpp.o
                0x08000914                AT24CXX_ReadOneByte(unsigned int)
 .text._Z20AT24CXX_WriteOneBytejh
                0x0800095a       0x4e AT24CXX.cpp.o
                0x0800095a                AT24CXX_WriteOneByte(unsigned int, unsigned char)
 .text._Z7i2cInitv
                0x080009a8       0x26 i2c.cpp.o
                0x080009a8                i2cInit()
 .text._Z7SDA_Outv
                0x080009ce        0x8 i2c.cpp.o
                0x080009ce                SDA_Out()
 .text._Z6SDA_Inv
                0x080009d6        0x8 i2c.cpp.o
                0x080009d6                SDA_In()
 .text._Z5Startv
                0x080009de       0x36 i2c.cpp.o
                0x080009de                Start()
 .text._Z4Stopv
                0x08000a14       0x36 i2c.cpp.o
                0x08000a14                Stop()
 .text._Z3Ackv  0x08000a4a       0x36 i2c.cpp.o
                0x08000a4a                Ack()
 .text._Z4NAckv
                0x08000a80       0x36 i2c.cpp.o
                0x08000a80                NAck()
 .text._Z8Wait_Ackv
                0x08000ab6       0x4a i2c.cpp.o
                0x08000ab6                Wait_Ack()
 .text._Z9Send_Byteh
                0x08000b00       0x4a i2c.cpp.o
                0x08000b00                Send_Byte(unsigned char)
 .text._Z9Read_Byteh
                0x08000b4a       0x50 i2c.cpp.o
                0x08000b4a                Read_Byte(unsigned char)
 *fill*         0x08000b9a        0x2 
 .text._Z9E011_initv
                0x08000b9c      0x108 user_A011_E011.cpp.o
                0x08000b9c                E011_init()
 .text._Z9Send_E011i
                0x08000ca4      0x1f0 user_A011_E011.cpp.o
                0x08000ca4                Send_E011(int)
 .text._Z12Receive_A011Phi
                0x08000e94       0xa8 user_A011_E011.cpp.o
                0x08000e94                Receive_A011(unsigned char*, int)
 .text._Z21E021_GetDigitalStatusv
                0x08000f3c      0x1e4 user_A021_E021.cpp.o
                0x08000f3c                E021_GetDigitalStatus()
 .text._Z20E021_GetAnalogStatusv
                0x08001120      0x448 user_A021_E021.cpp.o
                0x08001120                E021_GetAnalogStatus()
 .text._Z9E021_initv
                0x08001568       0x68 user_A021_E021.cpp.o
                0x08001568                E021_init()
 .text._Z20Get_Delivery_oldtimev
                0x080015d0        0xc user_A021_E021.cpp.o
                0x080015d0                Get_Delivery_oldtime()
 .text._Z9Send_E021i
                0x080015dc      0x1d8 user_A021_E021.cpp.o
                0x080015dc                Send_E021(int)
 .text._Z12Receive_A021Phi
                0x080017b4       0xac user_A021_E021.cpp.o
                0x080017b4                Receive_A021(unsigned char*, int)
 .text._Z9Send_E025i
                0x08001860      0x400 user_A025_E025.cpp.o
                0x08001860                Send_E025(int)
 .text._Z12Receive_A025Phi
                0x08001c60      0x150 user_A025_E025.cpp.o
                0x08001c60                Receive_A025(unsigned char*, int)
 .text._Z7GetCrc8Phi
                0x08001db0       0x2c user_crc8.cpp.o
                0x08001db0                GetCrc8(unsigned char*, int)
 .text._Z8chrtodecc
                0x08001ddc       0x2c user_HEXtoDEC.cpp.o
                0x08001ddc                chrtodec(char)
 .text._Z10cal16matchh
                0x08001e08       0x14 user_HEXtoDEC.cpp.o
                0x08001e08                cal16match(unsigned char)
 .text._Z14charhex_to_decPc
                0x08001e1c       0x5e user_HEXtoDEC.cpp.o
                0x08001e1c                charhex_to_dec(char*)
 *fill*         0x08001e7a        0x2 
 .text._Z14Initializationv
                0x08001e7c      0x370 user_initialization.cpp.o
                0x08001e7c                Initialization()
 .text._Z14Send_Data_Lampv
                0x080021ec       0x1c user_initialization.cpp.o
                0x080021ec                Send_Data_Lamp()
 .text._Z17Receive_data_lampv
                0x08002208       0x1c user_initialization.cpp.o
                0x08002208                Receive_data_lamp()
 .text.__tcf_11
                0x08002224       0x34 user_judgement.cpp.o
 .text.__tcf_10
                0x08002258       0x34 user_judgement.cpp.o
 .text.__tcf_9  0x0800228c       0x34 user_judgement.cpp.o
 .text.__tcf_8  0x080022c0       0x34 user_judgement.cpp.o
 .text.__tcf_7  0x080022f4       0x34 user_judgement.cpp.o
 .text.__tcf_6  0x08002328       0x34 user_judgement.cpp.o
 .text.__tcf_5  0x0800235c       0x34 user_judgement.cpp.o
 .text.__tcf_4  0x08002390       0x34 user_judgement.cpp.o
 .text.__tcf_3  0x080023c4       0x34 user_judgement.cpp.o
 .text.__tcf_2  0x080023f8       0x34 user_judgement.cpp.o
 .text.__tcf_1  0x0800242c       0x34 user_judgement.cpp.o
 .text.__tcf_0  0x08002460       0x34 user_judgement.cpp.o
 .text.startup._GLOBAL__sub_I__Z18Judgement_functionPhii
                0x08002494      0x208 user_judgement.cpp.o
 .text._Z18Judgement_functionPhii
                0x0800269c      0x1ac user_judgement.cpp.o
                0x0800269c                Judgement_function(unsigned char*, int, int)
 .text._Z10addr_writev
                0x08002848      0x180 user_lorainit.cpp.o
                0x08002848                addr_write()
 .text._Z19LORA_Initializationv
                0x080029c8     0x14ac user_lorainit.cpp.o
                0x080029c8                LORA_Initialization()
 .text.__tcf_11
                0x08003e74       0x34 user_Set_Correlation.cpp.o
 .text.__tcf_10
                0x08003ea8       0x34 user_Set_Correlation.cpp.o
 .text.__tcf_9  0x08003edc       0x34 user_Set_Correlation.cpp.o
 .text.__tcf_8  0x08003f10       0x34 user_Set_Correlation.cpp.o
 .text.__tcf_7  0x08003f44       0x34 user_Set_Correlation.cpp.o
 .text.__tcf_6  0x08003f78       0x34 user_Set_Correlation.cpp.o
 .text.__tcf_5  0x08003fac       0x34 user_Set_Correlation.cpp.o
 .text.__tcf_4  0x08003fe0       0x34 user_Set_Correlation.cpp.o
 .text.__tcf_3  0x08004014       0x34 user_Set_Correlation.cpp.o
 .text.__tcf_2  0x08004048       0x34 user_Set_Correlation.cpp.o
 .text.__tcf_1  0x0800407c       0x34 user_Set_Correlation.cpp.o
 .text.__tcf_0  0x080040b0       0x34 user_Set_Correlation.cpp.o
 .text._Z9E020_initv
                0x080040e4       0xcc user_Set_Correlation.cpp.o
                0x080040e4                E020_init()
 .text._Z11SN_ZoneISOKPhi
                0x080041b0      0x308 user_Set_Correlation.cpp.o
                0x080041b0                SN_ZoneISOK(unsigned char*, int)
 .text._Z27Verification_Reserved_fieldPhi
                0x080044b8      0x104 user_Set_Correlation.cpp.o
                0x080044b8                Verification_Reserved_field(unsigned char*, int)
 .text._Z9forswitchv
                0x080045bc      0x288 user_Set_Correlation.cpp.o
                0x080045bc                forswitch()
 .text._Z14condition_test6String
                0x08004844      0xa14 user_Set_Correlation.cpp.o
                0x08004844                condition_test(String)
 .text._Z18Condition_Judgmentii
                0x08005258      0x3b4 user_Set_Correlation.cpp.o
                0x08005258                Condition_Judgment(int, int)
 *fill*         0x0800560c        0x4 
 .text._Z16Implement_Handleii
                0x08005610      0x9dc user_Set_Correlation.cpp.o
                0x08005610                Implement_Handle(int, int)
 .text._Z14implement_test6String
                0x08005fec      0xa48 user_Set_Correlation.cpp.o
                0x08005fec                implement_test(String)
 .text._Z16array_empty_testv
                0x08006a34      0x1c0 user_Set_Correlation.cpp.o
                0x08006a34                array_empty_test()
 .text.startup._GLOBAL__sub_I__Z12Receive_A013Phi
                0x08006bf4      0x208 user_Set_Correlation.cpp.o
 .text._Z16array_print_testv
                0x08006dfc      0x2c4 user_Set_Correlation.cpp.o
                0x08006dfc                array_print_test()
 .text._Z15data_processing6String
                0x080070c0      0x2b4 user_Set_Correlation.cpp.o
                0x080070c0                data_processing(String)
 .text._Z12Receive_A023Phi
                0x08007374      0x124 user_Set_Correlation.cpp.o
                0x08007374                Receive_A023(unsigned char*, int)
 .text._Z9Send_E020ii
                0x08007498      0x1ec user_Set_Correlation.cpp.o
                0x08007498                Send_E020(int, int)
 .text._Z12Receive_A013Phi
                0x08007684      0x1c0 user_Set_Correlation.cpp.o
                0x08007684                Receive_A013(unsigned char*, int)
 .text._Z12Receive_A020Phi
                0x08007844      0x348 user_Set_Correlation.cpp.o
                0x08007844                Receive_A020(unsigned char*, int)
 *fill*         0x08007b8c        0x4 
 .text._Z12Receive_A022Phi
                0x08007b90     0x175c user_Set_Correlation.cpp.o
                0x08007b90                Receive_A022(unsigned char*, int)
 .text._Z12Receive_A024Phi
                0x080092ec      0x23c user_Set_Correlation.cpp.o
                0x080092ec                Receive_A024(unsigned char*, int)
 .text.startup._GLOBAL__sub_I__ZN11EEPROMClass12EE_CheckPageEmt
                0x08009528       0x20 EEPROM\EEPROM.cpp.o
 .text.startup._GLOBAL__sub_I_PIN_MAP
                0x08009548       0x74 C:\Users\Administrator\AppData\Local\Temp\VMBCore\arduino16x\1d5bbd1283c0998d3b1230e5801fb023\variant\board.cpp.o
 .text._ZL18adc_default_configP7adc_dev
                0x080095bc       0x1c C:\Users\Administrator\AppData\Local\Temp\VMBCore\arduino16x\1d5bbd1283c0998d3b1230e5801fb023\variant\boards.cpp.o
 .text._ZL20timer_default_configP9timer_dev
                0x080095d8       0xa8 C:\Users\Administrator\AppData\Local\Temp\VMBCore\arduino16x\1d5bbd1283c0998d3b1230e5801fb023\variant\boards.cpp.o
 .text._Z9boardInitv
                0x08009680        0x2 C:\Users\Administrator\AppData\Local\Temp\VMBCore\arduino16x\1d5bbd1283c0998d3b1230e5801fb023\variant\boards.cpp.o
                0x08009680                boardInit()
 *fill*         0x08009682        0x2 
 .text._Z4initv
                0x08009684       0xbc C:\Users\Administrator\AppData\Local\Temp\VMBCore\arduino16x\1d5bbd1283c0998d3b1230e5801fb023\variant\boards.cpp.o
                0x08009684                init()
 .text._ZN6wirish4priv15board_reset_pllEv
                0x08009740        0x2 C:\Users\Administrator\AppData\Local\Temp\VMBCore\arduino16x\1d5bbd1283c0998d3b1230e5801fb023\variant\boards_setup.cpp.o
                0x08009740                wirish::priv::board_reset_pll()
 .text._ZN6wirish4priv28board_setup_clock_prescalersEv
                0x08009742       0x2e C:\Users\Administrator\AppData\Local\Temp\VMBCore\arduino16x\1d5bbd1283c0998d3b1230e5801fb023\variant\boards_setup.cpp.o
                0x08009742                wirish::priv::board_setup_clock_prescalers()
 .text._ZN6wirish4priv16board_setup_gpioEv
                0x08009770        0x4 C:\Users\Administrator\AppData\Local\Temp\VMBCore\arduino16x\1d5bbd1283c0998d3b1230e5801fb023\variant\boards_setup.cpp.o
                0x08009770                wirish::priv::board_setup_gpio()
 .text._ZN6wirish4priv15board_setup_usbEv
                0x08009774       0x50 C:\Users\Administrator\AppData\Local\Temp\VMBCore\arduino16x\1d5bbd1283c0998d3b1230e5801fb023\variant\boards_setup.cpp.o
                0x08009774                wirish::priv::board_setup_usb()
 .text._ZN6wirish4priv11series_initEv
                0x080097c4        0x4 C:\Users\Administrator\AppData\Local\Temp\VMBCore\arduino16x\1d5bbd1283c0998d3b1230e5801fb023\variant\boards_setup.cpp.o
                0x080097c4                wirish::priv::series_init()
 .text          0x080097c8       0x10 C:\Users\Administrator\AppData\Local\Temp\VMBCore\arduino16x\1d5bbd1283c0998d3b1230e5801fb023\variant\start.S.o
                0x080097c8                __start__
 .text.start_c  0x080097d8       0x60 C:\Users\Administrator\AppData\Local\Temp\VMBCore\arduino16x\1d5bbd1283c0998d3b1230e5801fb023\variant\start_c.c.o
                0x080097d8                start_c
 .text._sbrk    0x08009838       0x44 C:\Users\Administrator\AppData\Local\Temp\VMBCore\arduino16x\1d5bbd1283c0998d3b1230e5801fb023\variant\syscalls.c.o
                0x08009838                _sbrk
 .text._exit    0x0800987c        0x2 C:\Users\Administrator\AppData\Local\Temp\VMBCore\arduino16x\1d5bbd1283c0998d3b1230e5801fb023\variant\syscalls.c.o
                0x0800987c                _exit
 *fill*         0x0800987e        0x2 
 .text          0x08009880       0x54 C:\Users\Administrator\AppData\Local\Temp\VMBuilds\Universal_controller\Arduino_STM32-master_genericSTM32F103R\Release\core.a(exc.S.o)
                0x08009880                __exc_nmi
                0x08009884                __exc_hardfault
                0x08009888                __exc_memmanage
                0x0800988c                __exc_busfault
                0x08009890                __exc_usagefault
 .text          0x080098d4        0x2 C:\Users\Administrator\AppData\Local\Temp\VMBuilds\Universal_controller\Arduino_STM32-master_genericSTM32F103R\Release\core.a(isrs.S.o)
                0x080098d4                __stm32reservedexception9
                0x080098d4                __irq_sdio
                0x080098d4                __irq_fsmc
                0x080098d4                __exc_debug_monitor
                0x080098d4                __exc_svc
                0x080098d4                __irq_can_rx1
                0x080098d4                __irq_spi2
                0x080098d4                __irq_can_sce
                0x080098d4                __irq_pvd
                0x080098d4                __irq_tamper
                0x080098d4                __default_handler
                0x080098d4                __irq_wwdg
                0x080098d4                __stm32reservedexception10
                0x080098d4                __irq_flash
                0x080098d4                __stm32reservedexception13
                0x080098d4                __irq_rtc
                0x080098d4                __irq_spi1
                0x080098d4                __stm32reservedexception7
                0x080098d4                __irq_usb_hp_can_tx
                0x080098d4                __irq_rtcalarm
                0x080098d4                __irq_spi3
                0x080098d4                __stm32reservedexception8
                0x080098d4                __exc_pendsv
                0x080098d4                __irq_usbwakeup
                0x080098d4                __irq_rcc
 .text.adc_init
                0x080098d6       0x14 C:\Users\Administrator\AppData\Local\Temp\VMBuilds\Universal_controller\Arduino_STM32-master_genericSTM32F103R\Release\core.a(adc.c.o)
                0x080098d6                adc_init
 .text.adc_set_extsel
                0x080098ea       0x12 C:\Users\Administrator\AppData\Local\Temp\VMBuilds\Universal_controller\Arduino_STM32-master_genericSTM32F103R\Release\core.a(adc.c.o)
                0x080098ea                adc_set_extsel
 .text.adc_set_sample_rate
                0x080098fc       0x2a C:\Users\Administrator\AppData\Local\Temp\VMBuilds\Universal_controller\Arduino_STM32-master_genericSTM32F103R\Release\core.a(adc.c.o)
                0x080098fc                adc_set_sample_rate
 .text.adc_read
                0x08009926       0x20 C:\Users\Administrator\AppData\Local\Temp\VMBuilds\Universal_controller\Arduino_STM32-master_genericSTM32F103R\Release\core.a(adc.c.o)
                0x08009926                adc_read
 *fill*         0x08009946        0x2 
 .text.__irq_adc
                0x08009948       0x54 C:\Users\Administrator\AppData\Local\Temp\VMBuilds\Universal_controller\Arduino_STM32-master_genericSTM32F103R\Release\core.a(adc_f1.c.o)
                0x08009948                __irq_adc
 .text.__irq_adc3
                0x0800999c       0x54 C:\Users\Administrator\AppData\Local\Temp\VMBuilds\Universal_controller\Arduino_STM32-master_genericSTM32F103R\Release\core.a(adc_f1.c.o)
                0x0800999c                __irq_adc3
 .text.adc_calibrate
                0x080099f0       0x24 C:\Users\Administrator\AppData\Local\Temp\VMBuilds\Universal_controller\Arduino_STM32-master_genericSTM32F103R\Release\core.a(adc_f1.c.o)
                0x080099f0                adc_calibrate
 .text.adc_set_prescaler
                0x08009a14        0x8 C:\Users\Administrator\AppData\Local\Temp\VMBuilds\Universal_controller\Arduino_STM32-master_genericSTM32F103R\Release\core.a(adc_f1.c.o)
                0x08009a14                adc_set_prescaler
 .text.adc_foreach
                0x08009a1c       0x28 C:\Users\Administrator\AppData\Local\Temp\VMBuilds\Universal_controller\Arduino_STM32-master_genericSTM32F103R\Release\core.a(adc_f1.c.o)
                0x08009a1c                adc_foreach
 .text.adc_enable_single_swstart
                0x08009a44       0x36 C:\Users\Administrator\AppData\Local\Temp\VMBuilds\Universal_controller\Arduino_STM32-master_genericSTM32F103R\Release\core.a(adc_f1.c.o)
                0x08009a44                adc_enable_single_swstart
 *fill*         0x08009a7a        0x2 
 .text.__irq_dma1_channel1
                0x08009a7c       0x18 C:\Users\Administrator\AppData\Local\Temp\VMBuilds\Universal_controller\Arduino_STM32-master_genericSTM32F103R\Release\core.a(dma_f1.c.o)
                0x08009a7c                __irq_dma1_channel1
 .text.__irq_dma1_channel2
                0x08009a94       0x18 C:\Users\Administrator\AppData\Local\Temp\VMBuilds\Universal_controller\Arduino_STM32-master_genericSTM32F103R\Release\core.a(dma_f1.c.o)
                0x08009a94                __irq_dma1_channel2
 .text.__irq_dma1_channel3
                0x08009aac       0x1c C:\Users\Administrator\AppData\Local\Temp\VMBuilds\Universal_controller\Arduino_STM32-master_genericSTM32F103R\Release\core.a(dma_f1.c.o)
                0x08009aac                __irq_dma1_channel3
 .text.__irq_dma1_channel4
                0x08009ac8       0x1c C:\Users\Administrator\AppData\Local\Temp\VMBuilds\Universal_controller\Arduino_STM32-master_genericSTM32F103R\Release\core.a(dma_f1.c.o)
                0x08009ac8                __irq_dma1_channel4
 .text.__irq_dma1_channel5
                0x08009ae4       0x1c C:\Users\Administrator\AppData\Local\Temp\VMBuilds\Universal_controller\Arduino_STM32-master_genericSTM32F103R\Release\core.a(dma_f1.c.o)
                0x08009ae4                __irq_dma1_channel5
 .text.__irq_dma1_channel6
                0x08009b00       0x1c C:\Users\Administrator\AppData\Local\Temp\VMBuilds\Universal_controller\Arduino_STM32-master_genericSTM32F103R\Release\core.a(dma_f1.c.o)
                0x08009b00                __irq_dma1_channel6
 .text.__irq_dma1_channel7
                0x08009b1c       0x1c C:\Users\Administrator\AppData\Local\Temp\VMBuilds\Universal_controller\Arduino_STM32-master_genericSTM32F103R\Release\core.a(dma_f1.c.o)
                0x08009b1c                __irq_dma1_channel7
 .text.__irq_dma2_channel1
                0x08009b38       0x18 C:\Users\Administrator\AppData\Local\Temp\VMBuilds\Universal_controller\Arduino_STM32-master_genericSTM32F103R\Release\core.a(dma_f1.c.o)
                0x08009b38                __irq_dma2_channel1
 .text.__irq_dma2_channel2
                0x08009b50       0x18 C:\Users\Administrator\AppData\Local\Temp\VMBuilds\Universal_controller\Arduino_STM32-master_genericSTM32F103R\Release\core.a(dma_f1.c.o)
                0x08009b50                __irq_dma2_channel2
 .text.__irq_dma2_channel3
                0x08009b68       0x1c C:\Users\Administrator\AppData\Local\Temp\VMBuilds\Universal_controller\Arduino_STM32-master_genericSTM32F103R\Release\core.a(dma_f1.c.o)
                0x08009b68                __irq_dma2_channel3
 .text.__irq_dma2_channel4_5
                0x08009b84       0x4c C:\Users\Administrator\AppData\Local\Temp\VMBuilds\Universal_controller\Arduino_STM32-master_genericSTM32F103R\Release\core.a(dma_f1.c.o)
                0x08009b84                __irq_dma2_channel4_5
 .text.__irq_exti0
                0x08009bd0       0x20 C:\Users\Administrator\AppData\Local\Temp\VMBuilds\Universal_controller\Arduino_STM32-master_genericSTM32F103R\Release\core.a(exti.c.o)
                0x08009bd0                __irq_exti0
 .text.__irq_exti1
                0x08009bf0       0x20 C:\Users\Administrator\AppData\Local\Temp\VMBuilds\Universal_controller\Arduino_STM32-master_genericSTM32F103R\Release\core.a(exti.c.o)
                0x08009bf0                __irq_exti1
 .text.__irq_exti2
                0x08009c10       0x20 C:\Users\Administrator\AppData\Local\Temp\VMBuilds\Universal_controller\Arduino_STM32-master_genericSTM32F103R\Release\core.a(exti.c.o)
                0x08009c10                __irq_exti2
 .text.__irq_exti3
                0x08009c30       0x20 C:\Users\Administrator\AppData\Local\Temp\VMBuilds\Universal_controller\Arduino_STM32-master_genericSTM32F103R\Release\core.a(exti.c.o)
                0x08009c30                __irq_exti3
 .text.__irq_exti4
                0x08009c50       0x20 C:\Users\Administrator\AppData\Local\Temp\VMBuilds\Universal_controller\Arduino_STM32-master_genericSTM32F103R\Release\core.a(exti.c.o)
                0x08009c50                __irq_exti4
 .text.__irq_exti9_5
                0x08009c70       0x48 C:\Users\Administrator\AppData\Local\Temp\VMBuilds\Universal_controller\Arduino_STM32-master_genericSTM32F103R\Release\core.a(exti.c.o)
                0x08009c70                __irq_exti9_5
 .text.__irq_exti15_10
                0x08009cb8       0x48 C:\Users\Administrator\AppData\Local\Temp\VMBuilds\Universal_controller\Arduino_STM32-master_genericSTM32F103R\Release\core.a(exti.c.o)
                0x08009cb8                __irq_exti15_10
 .text.flash_set_latency
                0x08009d00       0x14 C:\Users\Administrator\AppData\Local\Temp\VMBuilds\Universal_controller\Arduino_STM32-master_genericSTM32F103R\Release\core.a(flash.c.o)
                0x08009d00                flash_set_latency
 .text.gpio_init_all
                0x08009d14       0x30 C:\Users\Administrator\AppData\Local\Temp\VMBuilds\Universal_controller\Arduino_STM32-master_genericSTM32F103R\Release\core.a(gpio_f1.c.o)
                0x08009d14                gpio_init_all
 .text.gpio_set_mode
                0x08009d44       0x4e C:\Users\Administrator\AppData\Local\Temp\VMBuilds\Universal_controller\Arduino_STM32-master_genericSTM32F103R\Release\core.a(gpio_f1.c.o)
                0x08009d44                gpio_set_mode
 .text.afio_init
                0x08009d92       0x12 C:\Users\Administrator\AppData\Local\Temp\VMBuilds\Universal_controller\Arduino_STM32-master_genericSTM32F103R\Release\core.a(gpio_f1.c.o)
                0x08009d92                afio_init
 .text.__irq_i2c1_ev
                0x08009da4        0xc C:\Users\Administrator\AppData\Local\Temp\VMBuilds\Universal_controller\Arduino_STM32-master_genericSTM32F103R\Release\core.a(i2c_f1.c.o)
                0x08009da4                __irq_i2c1_ev
 .text.__irq_i2c2_ev
                0x08009db0        0xc C:\Users\Administrator\AppData\Local\Temp\VMBuilds\Universal_controller\Arduino_STM32-master_genericSTM32F103R\Release\core.a(i2c_f1.c.o)
                0x08009db0                __irq_i2c2_ev
 .text.__irq_i2c1_er
                0x08009dbc        0xc C:\Users\Administrator\AppData\Local\Temp\VMBuilds\Universal_controller\Arduino_STM32-master_genericSTM32F103R\Release\core.a(i2c_f1.c.o)
                0x08009dbc                __irq_i2c1_er
 .text.__irq_i2c2_er
                0x08009dc8        0xc C:\Users\Administrator\AppData\Local\Temp\VMBuilds\Universal_controller\Arduino_STM32-master_genericSTM32F103R\Release\core.a(i2c_f1.c.o)
                0x08009dc8                __irq_i2c2_er
 .text._i2c_irq_priority_fixup
                0x08009dd4       0x1c C:\Users\Administrator\AppData\Local\Temp\VMBuilds\Universal_controller\Arduino_STM32-master_genericSTM32F103R\Release\core.a(i2c_f1.c.o)
                0x08009dd4                _i2c_irq_priority_fixup
 .text.nvic_irq_set_priority
                0x08009df0       0x28 C:\Users\Administrator\AppData\Local\Temp\VMBuilds\Universal_controller\Arduino_STM32-master_genericSTM32F103R\Release\core.a(nvic.c.o)
                0x08009df0                nvic_irq_set_priority
 .text.nvic_init
                0x08009e18       0x2c C:\Users\Administrator\AppData\Local\Temp\VMBuilds\Universal_controller\Arduino_STM32-master_genericSTM32F103R\Release\core.a(nvic.c.o)
                0x08009e18                nvic_init
 .text.nvic_sys_reset
                0x08009e44       0x1c C:\Users\Administrator\AppData\Local\Temp\VMBuilds\Universal_controller\Arduino_STM32-master_genericSTM32F103R\Release\core.a(nvic.c.o)
                0x08009e44                nvic_sys_reset
 .text.rcc_dev_clk
                0x08009e60        0xc C:\Users\Administrator\AppData\Local\Temp\VMBuilds\Universal_controller\Arduino_STM32-master_genericSTM32F103R\Release\core.a(rcc.c.o)
                0x08009e60                rcc_dev_clk
 .text.rcc_switch_sysclk
                0x08009e6c       0x20 C:\Users\Administrator\AppData\Local\Temp\VMBuilds\Universal_controller\Arduino_STM32-master_genericSTM32F103R\Release\core.a(rcc.c.o)
                0x08009e6c                rcc_switch_sysclk
 .text.rcc_turn_on_clk
                0x08009e8c       0x18 C:\Users\Administrator\AppData\Local\Temp\VMBuilds\Universal_controller\Arduino_STM32-master_genericSTM32F103R\Release\core.a(rcc.c.o)
                0x08009e8c                rcc_turn_on_clk
 .text.rcc_turn_off_clk
                0x08009ea4       0x1c C:\Users\Administrator\AppData\Local\Temp\VMBuilds\Universal_controller\Arduino_STM32-master_genericSTM32F103R\Release\core.a(rcc.c.o)
                0x08009ea4                rcc_turn_off_clk
 .text.rcc_is_clk_ready
                0x08009ec0       0x18 C:\Users\Administrator\AppData\Local\Temp\VMBuilds\Universal_controller\Arduino_STM32-master_genericSTM32F103R\Release\core.a(rcc.c.o)
                0x08009ec0                rcc_is_clk_ready
 .text.rcc_configure_pll
                0x08009ed8       0x1c C:\Users\Administrator\AppData\Local\Temp\VMBuilds\Universal_controller\Arduino_STM32-master_genericSTM32F103R\Release\core.a(rcc_f1.c.o)
                0x08009ed8                rcc_configure_pll
 .text.rcc_clk_enable
                0x08009ef4       0x30 C:\Users\Administrator\AppData\Local\Temp\VMBuilds\Universal_controller\Arduino_STM32-master_genericSTM32F103R\Release\core.a(rcc_f1.c.o)
                0x08009ef4                rcc_clk_enable
 .text.rcc_reset_dev
                0x08009f24       0x34 C:\Users\Administrator\AppData\Local\Temp\VMBuilds\Universal_controller\Arduino_STM32-master_genericSTM32F103R\Release\core.a(rcc_f1.c.o)
                0x08009f24                rcc_reset_dev
 .text.rcc_set_prescaler
                0x08009f58       0x20 C:\Users\Administrator\AppData\Local\Temp\VMBuilds\Universal_controller\Arduino_STM32-master_genericSTM32F103R\Release\core.a(rcc_f1.c.o)
                0x08009f58                rcc_set_prescaler
 .text.rcc_clk_disable
                0x08009f78       0x30 C:\Users\Administrator\AppData\Local\Temp\VMBuilds\Universal_controller\Arduino_STM32-master_genericSTM32F103R\Release\core.a(rcc_f1.c.o)
                0x08009f78                rcc_clk_disable
 .text.systick_init
                0x08009fa8       0x10 C:\Users\Administrator\AppData\Local\Temp\VMBuilds\Universal_controller\Arduino_STM32-master_genericSTM32F103R\Release\core.a(systick.c.o)
                0x08009fa8                systick_init
 .text.__exc_systick
                0x08009fb8       0x1c C:\Users\Administrator\AppData\Local\Temp\VMBuilds\Universal_controller\Arduino_STM32-master_genericSTM32F103R\Release\core.a(systick.c.o)
                0x08009fb8                __exc_systick
 .text.timer_oc_set_mode
                0x08009fd4       0x32 C:\Users\Administrator\AppData\Local\Temp\VMBuilds\Universal_controller\Arduino_STM32-master_genericSTM32F103R\Release\core.a(timer.c.o)
 .text.timer_cc_enable
                0x0800a006       0x1c C:\Users\Administrator\AppData\Local\Temp\VMBuilds\Universal_controller\Arduino_STM32-master_genericSTM32F103R\Release\core.a(timer.c.o)
 *fill*         0x0800a022        0x2 
 .text.timer_foreach
                0x0800a024       0x4c C:\Users\Administrator\AppData\Local\Temp\VMBuilds\Universal_controller\Arduino_STM32-master_genericSTM32F103R\Release\core.a(timer.c.o)
                0x0800a024                timer_foreach
 .text.timer_init
                0x0800a070       0x14 C:\Users\Administrator\AppData\Local\Temp\VMBuilds\Universal_controller\Arduino_STM32-master_genericSTM32F103R\Release\core.a(timer.c.o)
                0x0800a070                timer_init
 .text.timer_has_cc_channel
                0x0800a084       0x30 C:\Users\Administrator\AppData\Local\Temp\VMBuilds\Universal_controller\Arduino_STM32-master_genericSTM32F103R\Release\core.a(timer.c.o)
                0x0800a084                timer_has_cc_channel
 .text.timer_detach_interrupt
                0x0800a0b4       0x1e C:\Users\Administrator\AppData\Local\Temp\VMBuilds\Universal_controller\Arduino_STM32-master_genericSTM32F103R\Release\core.a(timer.c.o)
                0x0800a0b4                timer_detach_interrupt
 .text.input_capture_mode
                0x0800a0d2       0x1a C:\Users\Administrator\AppData\Local\Temp\VMBuilds\Universal_controller\Arduino_STM32-master_genericSTM32F103R\Release\core.a(timer.c.o)
                0x0800a0d2                input_capture_mode
 .text.timer_set_mode
                0x0800a0ec       0x8e C:\Users\Administrator\AppData\Local\Temp\VMBuilds\Universal_controller\Arduino_STM32-master_genericSTM32F103R\Release\core.a(timer.c.o)
                0x0800a0ec                timer_set_mode
 *fill*         0x0800a17a        0x2 
 .text.__irq_tim1_brk
                0x0800a17c       0x24 C:\Users\Administrator\AppData\Local\Temp\VMBuilds\Universal_controller\Arduino_STM32-master_genericSTM32F103R\Release\core.a(timer.c.o)
                0x0800a17c                __irq_tim1_brk
 .text.__irq_tim1_up
                0x0800a1a0       0x24 C:\Users\Administrator\AppData\Local\Temp\VMBuilds\Universal_controller\Arduino_STM32-master_genericSTM32F103R\Release\core.a(timer.c.o)
                0x0800a1a0                __irq_tim1_up
 .text.__irq_tim1_trg_com
                0x0800a1c4       0x38 C:\Users\Administrator\AppData\Local\Temp\VMBuilds\Universal_controller\Arduino_STM32-master_genericSTM32F103R\Release\core.a(timer.c.o)
                0x0800a1c4                __irq_tim1_trg_com
 .text.__irq_tim1_cc
                0x0800a1fc       0x54 C:\Users\Administrator\AppData\Local\Temp\VMBuilds\Universal_controller\Arduino_STM32-master_genericSTM32F103R\Release\core.a(timer.c.o)
                0x0800a1fc                __irq_tim1_cc
 .text.__irq_tim2
                0x0800a250       0x70 C:\Users\Administrator\AppData\Local\Temp\VMBuilds\Universal_controller\Arduino_STM32-master_genericSTM32F103R\Release\core.a(timer.c.o)
                0x0800a250                __irq_tim2
 .text.__irq_tim3
                0x0800a2c0       0x70 C:\Users\Administrator\AppData\Local\Temp\VMBuilds\Universal_controller\Arduino_STM32-master_genericSTM32F103R\Release\core.a(timer.c.o)
                0x0800a2c0                __irq_tim3
 .text.__irq_tim4
                0x0800a330       0x70 C:\Users\Administrator\AppData\Local\Temp\VMBuilds\Universal_controller\Arduino_STM32-master_genericSTM32F103R\Release\core.a(timer.c.o)
                0x0800a330                __irq_tim4
 .text.__irq_tim5
                0x0800a3a0       0x70 C:\Users\Administrator\AppData\Local\Temp\VMBuilds\Universal_controller\Arduino_STM32-master_genericSTM32F103R\Release\core.a(timer.c.o)
                0x0800a3a0                __irq_tim5
 .text.__irq_tim6
                0x0800a410       0x24 C:\Users\Administrator\AppData\Local\Temp\VMBuilds\Universal_controller\Arduino_STM32-master_genericSTM32F103R\Release\core.a(timer.c.o)
                0x0800a410                __irq_tim6
 .text.__irq_tim7
                0x0800a434       0x24 C:\Users\Administrator\AppData\Local\Temp\VMBuilds\Universal_controller\Arduino_STM32-master_genericSTM32F103R\Release\core.a(timer.c.o)
                0x0800a434                __irq_tim7
 .text.__irq_tim8_brk
                0x0800a458       0x24 C:\Users\Administrator\AppData\Local\Temp\VMBuilds\Universal_controller\Arduino_STM32-master_genericSTM32F103R\Release\core.a(timer.c.o)
                0x0800a458                __irq_tim8_brk
 .text.__irq_tim8_up
                0x0800a47c       0x24 C:\Users\Administrator\AppData\Local\Temp\VMBuilds\Universal_controller\Arduino_STM32-master_genericSTM32F103R\Release\core.a(timer.c.o)
                0x0800a47c                __irq_tim8_up
 .text.__irq_tim8_trg_com
                0x0800a4a0       0x38 C:\Users\Administrator\AppData\Local\Temp\VMBuilds\Universal_controller\Arduino_STM32-master_genericSTM32F103R\Release\core.a(timer.c.o)
                0x0800a4a0                __irq_tim8_trg_com
 .text.__irq_tim8_cc
                0x0800a4d8       0x54 C:\Users\Administrator\AppData\Local\Temp\VMBuilds\Universal_controller\Arduino_STM32-master_genericSTM32F103R\Release\core.a(timer.c.o)
                0x0800a4d8                __irq_tim8_cc
 .text.rb_remove
                0x0800a52c       0x22 C:\Users\Administrator\AppData\Local\Temp\VMBuilds\Universal_controller\Arduino_STM32-master_genericSTM32F103R\Release\core.a(usart_f1.c.o)
 .text.rb_push_insert
                0x0800a54e       0x4a C:\Users\Administrator\AppData\Local\Temp\VMBuilds\Universal_controller\Arduino_STM32-master_genericSTM32F103R\Release\core.a(usart_f1.c.o)
 .text.usart_config_gpios_async
                0x0800a598       0x4a C:\Users\Administrator\AppData\Local\Temp\VMBuilds\Universal_controller\Arduino_STM32-master_genericSTM32F103R\Release\core.a(usart_f1.c.o)
                0x0800a598                usart_config_gpios_async
 .text.usart_set_baud_rate
                0x0800a5e2       0x3a C:\Users\Administrator\AppData\Local\Temp\VMBuilds\Universal_controller\Arduino_STM32-master_genericSTM32F103R\Release\core.a(usart_f1.c.o)
                0x0800a5e2                usart_set_baud_rate
 .text.__irq_usart1
                0x0800a61c       0x50 C:\Users\Administrator\AppData\Local\Temp\VMBuilds\Universal_controller\Arduino_STM32-master_genericSTM32F103R\Release\core.a(usart_f1.c.o)
                0x0800a61c                __irq_usart1
 .text.__irq_usart2
                0x0800a66c       0x50 C:\Users\Administrator\AppData\Local\Temp\VMBuilds\Universal_controller\Arduino_STM32-master_genericSTM32F103R\Release\core.a(usart_f1.c.o)
                0x0800a66c                __irq_usart2
 .text.__irq_usart3
                0x0800a6bc       0x50 C:\Users\Administrator\AppData\Local\Temp\VMBuilds\Universal_controller\Arduino_STM32-master_genericSTM32F103R\Release\core.a(usart_f1.c.o)
                0x0800a6bc                __irq_usart3
 .text.__irq_uart4
                0x0800a70c       0x50 C:\Users\Administrator\AppData\Local\Temp\VMBuilds\Universal_controller\Arduino_STM32-master_genericSTM32F103R\Release\core.a(usart_f1.c.o)
                0x0800a70c                __irq_uart4
 .text.__irq_uart5
                0x0800a75c       0x50 C:\Users\Administrator\AppData\Local\Temp\VMBuilds\Universal_controller\Arduino_STM32-master_genericSTM32F103R\Release\core.a(usart_f1.c.o)
                0x0800a75c                __irq_uart5
 .text._usart_clock_freq
                0x0800a7ac       0x24 C:\Users\Administrator\AppData\Local\Temp\VMBuilds\Universal_controller\Arduino_STM32-master_genericSTM32F103R\Release\core.a(usart_private.c.o)
                0x0800a7ac                _usart_clock_freq
 .text.throb    0x0800a7d0       0x54 C:\Users\Administrator\AppData\Local\Temp\VMBuilds\Universal_controller\Arduino_STM32-master_genericSTM32F103R\Release\core.a(util.c.o)
                0x0800a7d0                throb
 .text.__error  0x0800a824       0x14 C:\Users\Administrator\AppData\Local\Temp\VMBuilds\Universal_controller\Arduino_STM32-master_genericSTM32F103R\Release\core.a(util.c.o)
                0x0800a824                __error
 .text.set_rx_tx_status0
                0x0800a838       0x30 C:\Users\Administrator\AppData\Local\Temp\VMBuilds\Universal_controller\Arduino_STM32-master_genericSTM32F103R\Release\core.a(usb.c.o)
 .text.usb_resume
                0x0800a868       0xb0 C:\Users\Administrator\AppData\Local\Temp\VMBuilds\Universal_controller\Arduino_STM32-master_genericSTM32F103R\Release\core.a(usb.c.o)
 .text.usb_init_usblib
                0x0800a918       0x48 C:\Users\Administrator\AppData\Local\Temp\VMBuilds\Universal_controller\Arduino_STM32-master_genericSTM32F103R\Release\core.a(usb.c.o)
                0x0800a918                usb_init_usblib
 .text.__irq_usb_lp_can_rx0
                0x0800a960      0x18c C:\Users\Administrator\AppData\Local\Temp\VMBuilds\Universal_controller\Arduino_STM32-master_genericSTM32F103R\Release\core.a(usb.c.o)
                0x0800a960                __irq_usb_lp_can_rx0
 .text.usb_set_ep_rx_stat
                0x0800aaec       0x22 C:\Users\Administrator\AppData\Local\Temp\VMBuilds\Universal_controller\Arduino_STM32-master_genericSTM32F103R\Release\core.a(usb_cdcacm.c.o)
 *fill*         0x0800ab0e        0x2 
 .text.vcomGetSetLineCoding
                0x0800ab10       0x18 C:\Users\Administrator\AppData\Local\Temp\VMBuilds\Universal_controller\Arduino_STM32-master_genericSTM32F103R\Release\core.a(usb_cdcacm.c.o)
 .text.usbInit  0x0800ab28       0x44 C:\Users\Administrator\AppData\Local\Temp\VMBuilds\Universal_controller\Arduino_STM32-master_genericSTM32F103R\Release\core.a(usb_cdcacm.c.o)
 .text.usbNoDataSetup
                0x0800ab6c       0x50 C:\Users\Administrator\AppData\Local\Temp\VMBuilds\Universal_controller\Arduino_STM32-master_genericSTM32F103R\Release\core.a(usb_cdcacm.c.o)
 .text.usbGetInterfaceSetting
                0x0800abbc       0x10 C:\Users\Administrator\AppData\Local\Temp\VMBuilds\Universal_controller\Arduino_STM32-master_genericSTM32F103R\Release\core.a(usb_cdcacm.c.o)
 .text.usbSetConfiguration
                0x0800abcc       0x1c C:\Users\Administrator\AppData\Local\Temp\VMBuilds\Universal_controller\Arduino_STM32-master_genericSTM32F103R\Release\core.a(usb_cdcacm.c.o)
 .text.usbSetDeviceAddress
                0x0800abe8       0x10 C:\Users\Administrator\AppData\Local\Temp\VMBuilds\Universal_controller\Arduino_STM32-master_genericSTM32F103R\Release\core.a(usb_cdcacm.c.o)
 .text.usbGetStringDescriptor
                0x0800abf8       0x20 C:\Users\Administrator\AppData\Local\Temp\VMBuilds\Universal_controller\Arduino_STM32-master_genericSTM32F103R\Release\core.a(usb_cdcacm.c.o)
 .text.usbGetConfigDescriptor
                0x0800ac18        0xc C:\Users\Administrator\AppData\Local\Temp\VMBuilds\Universal_controller\Arduino_STM32-master_genericSTM32F103R\Release\core.a(usb_cdcacm.c.o)
 .text.usbGetDeviceDescriptor
                0x0800ac24        0xc C:\Users\Administrator\AppData\Local\Temp\VMBuilds\Universal_controller\Arduino_STM32-master_genericSTM32F103R\Release\core.a(usb_cdcacm.c.o)
 .text.usbDataSetup
                0x0800ac30       0x54 C:\Users\Administrator\AppData\Local\Temp\VMBuilds\Universal_controller\Arduino_STM32-master_genericSTM32F103R\Release\core.a(usb_cdcacm.c.o)
 .text.vcomDataRxCb
                0x0800ac84       0x8c C:\Users\Administrator\AppData\Local\Temp\VMBuilds\Universal_controller\Arduino_STM32-master_genericSTM32F103R\Release\core.a(usb_cdcacm.c.o)
 .text.vcomDataTxCb
                0x0800ad10       0xa0 C:\Users\Administrator\AppData\Local\Temp\VMBuilds\Universal_controller\Arduino_STM32-master_genericSTM32F103R\Release\core.a(usb_cdcacm.c.o)
 .text.usb_cdcacm_tx.part.2
                0x0800adb0       0x54 C:\Users\Administrator\AppData\Local\Temp\VMBuilds\Universal_controller\Arduino_STM32-master_genericSTM32F103R\Release\core.a(usb_cdcacm.c.o)
 .text.usbReset
                0x0800ae04      0x15c C:\Users\Administrator\AppData\Local\Temp\VMBuilds\Universal_controller\Arduino_STM32-master_genericSTM32F103R\Release\core.a(usb_cdcacm.c.o)
 .text.usb_cdcacm_set_hooks
                0x0800af60       0x1c C:\Users\Administrator\AppData\Local\Temp\VMBuilds\Universal_controller\Arduino_STM32-master_genericSTM32F103R\Release\core.a(usb_cdcacm.c.o)
                0x0800af60                usb_cdcacm_set_hooks
 .text.usb_cdcacm_enable
                0x0800af7c       0x34 C:\Users\Administrator\AppData\Local\Temp\VMBuilds\Universal_controller\Arduino_STM32-master_genericSTM32F103R\Release\core.a(usb_cdcacm.c.o)
                0x0800af7c                usb_cdcacm_enable
 .text.usb_cdcacm_tx
                0x0800afb0        0xa C:\Users\Administrator\AppData\Local\Temp\VMBuilds\Universal_controller\Arduino_STM32-master_genericSTM32F103R\Release\core.a(usb_cdcacm.c.o)
                0x0800afb0                usb_cdcacm_tx
 *fill*         0x0800afba        0x2 
 .text.usb_cdcacm_data_available
                0x0800afbc       0x18 C:\Users\Administrator\AppData\Local\Temp\VMBuilds\Universal_controller\Arduino_STM32-master_genericSTM32F103R\Release\core.a(usb_cdcacm.c.o)
                0x0800afbc                usb_cdcacm_data_available
 .text.usb_cdcacm_peek
                0x0800afd4       0x38 C:\Users\Administrator\AppData\Local\Temp\VMBuilds\Universal_controller\Arduino_STM32-master_genericSTM32F103R\Release\core.a(usb_cdcacm.c.o)
                0x0800afd4                usb_cdcacm_peek
 .text.usb_cdcacm_rx
                0x0800b00c       0x34 C:\Users\Administrator\AppData\Local\Temp\VMBuilds\Universal_controller\Arduino_STM32-master_genericSTM32F103R\Release\core.a(usb_cdcacm.c.o)
                0x0800b00c                usb_cdcacm_rx
 .text.usb_cdcacm_peek_ex
                0x0800b040       0x40 C:\Users\Administrator\AppData\Local\Temp\VMBuilds\Universal_controller\Arduino_STM32-master_genericSTM32F103R\Release\core.a(usb_cdcacm.c.o)
                0x0800b040                usb_cdcacm_peek_ex
 .text.usb_cdcacm_get_dtr
                0x0800b080       0x10 C:\Users\Administrator\AppData\Local\Temp\VMBuilds\Universal_controller\Arduino_STM32-master_genericSTM32F103R\Release\core.a(usb_cdcacm.c.o)
                0x0800b080                usb_cdcacm_get_dtr
 .text.usb_set_ep_rx_count
                0x0800b090       0x40 C:\Users\Administrator\AppData\Local\Temp\VMBuilds\Universal_controller\Arduino_STM32-master_genericSTM32F103R\Release\core.a(usb_reg_map.c.o)
                0x0800b090                usb_set_ep_rx_count
 .text.Standard_GetConfiguration
                0x0800b0d0       0x24 C:\Users\Administrator\AppData\Local\Temp\VMBuilds\Universal_controller\Arduino_STM32-master_genericSTM32F103R\Release\core.a(usb_core.c.o)
                0x0800b0d0                Standard_GetConfiguration
 .text.Standard_GetInterface
                0x0800b0f4       0x24 C:\Users\Administrator\AppData\Local\Temp\VMBuilds\Universal_controller\Arduino_STM32-master_genericSTM32F103R\Release\core.a(usb_core.c.o)
                0x0800b0f4                Standard_GetInterface
 .text.Standard_GetStatus
                0x0800b118       0x88 C:\Users\Administrator\AppData\Local\Temp\VMBuilds\Universal_controller\Arduino_STM32-master_genericSTM32F103R\Release\core.a(usb_core.c.o)
                0x0800b118                Standard_GetStatus
 .text.DataStageIn
                0x0800b1a0       0xac C:\Users\Administrator\AppData\Local\Temp\VMBuilds\Universal_controller\Arduino_STM32-master_genericSTM32F103R\Release\core.a(usb_core.c.o)
 .text.Standard_SetConfiguration
                0x0800b24c       0x38 C:\Users\Administrator\AppData\Local\Temp\VMBuilds\Universal_controller\Arduino_STM32-master_genericSTM32F103R\Release\core.a(usb_core.c.o)
                0x0800b24c                Standard_SetConfiguration
 .text.Standard_SetInterface
                0x0800b284       0x4c C:\Users\Administrator\AppData\Local\Temp\VMBuilds\Universal_controller\Arduino_STM32-master_genericSTM32F103R\Release\core.a(usb_core.c.o)
                0x0800b284                Standard_SetInterface
 .text.Standard_ClearFeature
                0x0800b2d0       0xc4 C:\Users\Administrator\AppData\Local\Temp\VMBuilds\Universal_controller\Arduino_STM32-master_genericSTM32F103R\Release\core.a(usb_core.c.o)
                0x0800b2d0                Standard_ClearFeature
 .text.Standard_SetEndPointFeature
                0x0800b394       0x7c C:\Users\Administrator\AppData\Local\Temp\VMBuilds\Universal_controller\Arduino_STM32-master_genericSTM32F103R\Release\core.a(usb_core.c.o)
                0x0800b394                Standard_SetEndPointFeature
 .text.Standard_SetDeviceFeature
                0x0800b410       0x24 C:\Users\Administrator\AppData\Local\Temp\VMBuilds\Universal_controller\Arduino_STM32-master_genericSTM32F103R\Release\core.a(usb_core.c.o)
                0x0800b410                Standard_SetDeviceFeature
 .text.Standard_GetDescriptorData
                0x0800b434       0x1c C:\Users\Administrator\AppData\Local\Temp\VMBuilds\Universal_controller\Arduino_STM32-master_genericSTM32F103R\Release\core.a(usb_core.c.o)
                0x0800b434                Standard_GetDescriptorData
 .text.Post0_Process
                0x0800b450       0x40 C:\Users\Administrator\AppData\Local\Temp\VMBuilds\Universal_controller\Arduino_STM32-master_genericSTM32F103R\Release\core.a(usb_core.c.o)
                0x0800b450                Post0_Process
 .text.Setup0_Process
                0x0800b490      0x2b8 C:\Users\Administrator\AppData\Local\Temp\VMBuilds\Universal_controller\Arduino_STM32-master_genericSTM32F103R\Release\core.a(usb_core.c.o)
                0x0800b490                Setup0_Process
 .text.Out0_Process
                0x0800b748       0xc0 C:\Users\Administrator\AppData\Local\Temp\VMBuilds\Universal_controller\Arduino_STM32-master_genericSTM32F103R\Release\core.a(usb_core.c.o)
                0x0800b748                Out0_Process
 .text.SetDeviceAddress
                0x0800b808       0x38 C:\Users\Administrator\AppData\Local\Temp\VMBuilds\Universal_controller\Arduino_STM32-master_genericSTM32F103R\Release\core.a(usb_core.c.o)
                0x0800b808                SetDeviceAddress
 .text.In0_Process
                0x0800b840       0x5c C:\Users\Administrator\AppData\Local\Temp\VMBuilds\Universal_controller\Arduino_STM32-master_genericSTM32F103R\Release\core.a(usb_core.c.o)
                0x0800b840                In0_Process
 .text.NOP_Process
                0x0800b89c        0x2 C:\Users\Administrator\AppData\Local\Temp\VMBuilds\Universal_controller\Arduino_STM32-master_genericSTM32F103R\Release\core.a(usb_core.c.o)
                0x0800b89c                NOP_Process
 .text.UserToPMABufferCopy
                0x0800b89e       0x1e C:\Users\Administrator\AppData\Local\Temp\VMBuilds\Universal_controller\Arduino_STM32-master_genericSTM32F103R\Release\core.a(usb_mem.c.o)
                0x0800b89e                UserToPMABufferCopy
 .text.PMAToUserBufferCopy
                0x0800b8bc       0x24 C:\Users\Administrator\AppData\Local\Temp\VMBuilds\Universal_controller\Arduino_STM32-master_genericSTM32F103R\Release\core.a(usb_mem.c.o)
                0x0800b8bc                PMAToUserBufferCopy
 .text.SetEPTxStatus
                0x0800b8e0       0x2a C:\Users\Administrator\AppData\Local\Temp\VMBuilds\Universal_controller\Arduino_STM32-master_genericSTM32F103R\Release\core.a(usb_regs.c.o)
                0x0800b8e0                SetEPTxStatus
 .text.ClearDTOG_RX
                0x0800b90a       0x26 C:\Users\Administrator\AppData\Local\Temp\VMBuilds\Universal_controller\Arduino_STM32-master_genericSTM32F103R\Release\core.a(usb_regs.c.o)
                0x0800b90a                ClearDTOG_RX
 .text.ClearDTOG_TX
                0x0800b930       0x26 C:\Users\Administrator\AppData\Local\Temp\VMBuilds\Universal_controller\Arduino_STM32-master_genericSTM32F103R\Release\core.a(usb_regs.c.o)
                0x0800b930                ClearDTOG_TX
 *fill*         0x0800b956        0x2 
 .text.GetEPTxAddr
                0x0800b958       0x1c C:\Users\Administrator\AppData\Local\Temp\VMBuilds\Universal_controller\Arduino_STM32-master_genericSTM32F103R\Release\core.a(usb_regs.c.o)
                0x0800b958                GetEPTxAddr
 .text.GetEPRxAddr
                0x0800b974       0x1c C:\Users\Administrator\AppData\Local\Temp\VMBuilds\Universal_controller\Arduino_STM32-master_genericSTM32F103R\Release\core.a(usb_regs.c.o)
                0x0800b974                GetEPRxAddr
 .text.SetEPTxCount
                0x0800b990       0x1c C:\Users\Administrator\AppData\Local\Temp\VMBuilds\Universal_controller\Arduino_STM32-master_genericSTM32F103R\Release\core.a(usb_regs.c.o)
                0x0800b990                SetEPTxCount
 .text.SetEPRxCount
                0x0800b9ac       0x40 C:\Users\Administrator\AppData\Local\Temp\VMBuilds\Universal_controller\Arduino_STM32-master_genericSTM32F103R\Release\core.a(usb_regs.c.o)
                0x0800b9ac                SetEPRxCount
 .text.rb_full_count
                0x0800b9ec       0x18 C:\Users\Administrator\AppData\Local\Temp\VMBuilds\Universal_controller\Arduino_STM32-master_genericSTM32F103R\Release\core.a(HardwareSerial.cpp.o)
 .text._ZN14HardwareSerial4readEv
                0x0800ba04       0x38 C:\Users\Administrator\AppData\Local\Temp\VMBuilds\Universal_controller\Arduino_STM32-master_genericSTM32F103R\Release\core.a(HardwareSerial.cpp.o)
                0x0800ba04                HardwareSerial::read()
 .text._ZN14HardwareSerial9availableEv
                0x0800ba3c        0xc C:\Users\Administrator\AppData\Local\Temp\VMBuilds\Universal_controller\Arduino_STM32-master_genericSTM32F103R\Release\core.a(HardwareSerial.cpp.o)
                0x0800ba3c                HardwareSerial::available()
 .text._ZN14HardwareSerial4peekEv
                0x0800ba48       0x20 C:\Users\Administrator\AppData\Local\Temp\VMBuilds\Universal_controller\Arduino_STM32-master_genericSTM32F103R\Release\core.a(HardwareSerial.cpp.o)
                0x0800ba48                HardwareSerial::peek()
 .text._ZN14HardwareSerial5flushEv
                0x0800ba68       0x18 C:\Users\Administrator\AppData\Local\Temp\VMBuilds\Universal_controller\Arduino_STM32-master_genericSTM32F103R\Release\core.a(HardwareSerial.cpp.o)
                0x0800ba68                HardwareSerial::flush()
 .text._ZN14HardwareSerial5writeEh
                0x0800ba80       0x1e C:\Users\Administrator\AppData\Local\Temp\VMBuilds\Universal_controller\Arduino_STM32-master_genericSTM32F103R\Release\core.a(HardwareSerial.cpp.o)
                0x0800ba80                HardwareSerial::write(unsigned char)
 *fill*         0x0800ba9e        0x2 
 .text._ZN14HardwareSerialC2EP9usart_devhh
                0x0800baa0       0x20 C:\Users\Administrator\AppData\Local\Temp\VMBuilds\Universal_controller\Arduino_STM32-master_genericSTM32F103R\Release\core.a(HardwareSerial.cpp.o)
                0x0800baa0                HardwareSerial::HardwareSerial(usart_dev*, unsigned char, unsigned char)
                0x0800baa0                HardwareSerial::HardwareSerial(usart_dev*, unsigned char, unsigned char)
 .text._ZN14HardwareSerial5beginEmh
                0x0800bac0       0x68 C:\Users\Administrator\AppData\Local\Temp\VMBuilds\Universal_controller\Arduino_STM32-master_genericSTM32F103R\Release\core.a(HardwareSerial.cpp.o)
                0x0800bac0                HardwareSerial::begin(unsigned long, unsigned char)
 .text._ZN14HardwareSerial5beginEm
                0x0800bb28        0x6 C:\Users\Administrator\AppData\Local\Temp\VMBuilds\Universal_controller\Arduino_STM32-master_genericSTM32F103R\Release\core.a(HardwareSerial.cpp.o)
                0x0800bb28                HardwareSerial::begin(unsigned long)
 .text.startup._Z7premainv
                0x0800bb2e        0x4 C:\Users\Administrator\AppData\Local\Temp\VMBuilds\Universal_controller\Arduino_STM32-master_genericSTM32F103R\Release\core.a(main.cpp.o)
                0x0800bb2e                premain()
 .text.startup.main
                0x0800bb32        0xc C:\Users\Administrator\AppData\Local\Temp\VMBuilds\Universal_controller\Arduino_STM32-master_genericSTM32F103R\Release\core.a(main.cpp.o)
                0x0800bb32                main
 .text._ZN5Print5writeEPKvm
                0x0800bb3e       0x20 C:\Users\Administrator\AppData\Local\Temp\VMBuilds\Universal_controller\Arduino_STM32-master_genericSTM32F103R\Release\core.a(Print.cpp.o)
                0x0800bb3e                Print::write(void const*, unsigned long)
 .text._ZN5Print5writeEPKc
                0x0800bb5e       0x20 C:\Users\Administrator\AppData\Local\Temp\VMBuilds\Universal_controller\Arduino_STM32-master_genericSTM32F103R\Release\core.a(Print.cpp.o)
                0x0800bb5e                Print::write(char const*)
 .text._ZN5Print5printERK6String
                0x0800bb7e        0xa C:\Users\Administrator\AppData\Local\Temp\VMBuilds\Universal_controller\Arduino_STM32-master_genericSTM32F103R\Release\core.a(Print.cpp.o)
                0x0800bb7e                Print::print(String const&)
 .text._ZN5Print5printEc
                0x0800bb88        0x6 C:\Users\Administrator\AppData\Local\Temp\VMBuilds\Universal_controller\Arduino_STM32-master_genericSTM32F103R\Release\core.a(Print.cpp.o)
                0x0800bb88                Print::print(char)
 .text._ZN5Print5printEPKc
                0x0800bb8e        0x6 C:\Users\Administrator\AppData\Local\Temp\VMBuilds\Universal_controller\Arduino_STM32-master_genericSTM32F103R\Release\core.a(Print.cpp.o)
                0x0800bb8e                Print::print(char const*)
 .text._ZN5Print7printlnEv
                0x0800bb94       0x18 C:\Users\Administrator\AppData\Local\Temp\VMBuilds\Universal_controller\Arduino_STM32-master_genericSTM32F103R\Release\core.a(Print.cpp.o)
                0x0800bb94                Print::println()
 .text._ZN5Print7printlnERK6String
                0x0800bbac       0x14 C:\Users\Administrator\AppData\Local\Temp\VMBuilds\Universal_controller\Arduino_STM32-master_genericSTM32F103R\Release\core.a(Print.cpp.o)
                0x0800bbac                Print::println(String const&)
 .text._ZN5Print7printlnEPKc
                0x0800bbc0       0x14 C:\Users\Administrator\AppData\Local\Temp\VMBuilds\Universal_controller\Arduino_STM32-master_genericSTM32F103R\Release\core.a(Print.cpp.o)
                0x0800bbc0                Print::println(char const*)
 .text._ZN5Print11printNumberEyh
                0x0800bbd4       0x6c C:\Users\Administrator\AppData\Local\Temp\VMBuilds\Universal_controller\Arduino_STM32-master_genericSTM32F103R\Release\core.a(Print.cpp.o)
                0x0800bbd4                Print::printNumber(unsigned long long, unsigned char)
 .text._ZN5Print5printExi
                0x0800bc40       0x32 C:\Users\Administrator\AppData\Local\Temp\VMBuilds\Universal_controller\Arduino_STM32-master_genericSTM32F103R\Release\core.a(Print.cpp.o)
                0x0800bc40                Print::print(long long, int)
 .text._ZN5Print5printEii
                0x0800bc72       0x12 C:\Users\Administrator\AppData\Local\Temp\VMBuilds\Universal_controller\Arduino_STM32-master_genericSTM32F103R\Release\core.a(Print.cpp.o)
                0x0800bc72                Print::print(int, int)
 .text._ZN5Print7printlnEii
                0x0800bc84       0x14 C:\Users\Administrator\AppData\Local\Temp\VMBuilds\Universal_controller\Arduino_STM32-master_genericSTM32F103R\Release\core.a(Print.cpp.o)
                0x0800bc84                Print::println(int, int)
 .text._ZN5Print7printlnEli
                0x0800bc98       0x1c C:\Users\Administrator\AppData\Local\Temp\VMBuilds\Universal_controller\Arduino_STM32-master_genericSTM32F103R\Release\core.a(Print.cpp.o)
                0x0800bc98                Print::println(long, int)
 .text._ZN5Print5printEhi
                0x0800bcb4       0x14 C:\Users\Administrator\AppData\Local\Temp\VMBuilds\Universal_controller\Arduino_STM32-master_genericSTM32F103R\Release\core.a(Print.cpp.o)
                0x0800bcb4                Print::print(unsigned char, int)
 .text._ZN5Print7printlnEhi
                0x0800bcc8       0x14 C:\Users\Administrator\AppData\Local\Temp\VMBuilds\Universal_controller\Arduino_STM32-master_genericSTM32F103R\Release\core.a(Print.cpp.o)
                0x0800bcc8                Print::println(unsigned char, int)
 .text._ZN5Print7printlnEmi
                0x0800bcdc       0x1e C:\Users\Administrator\AppData\Local\Temp\VMBuilds\Universal_controller\Arduino_STM32-master_genericSTM32F103R\Release\core.a(Print.cpp.o)
                0x0800bcdc                Print::println(unsigned long, int)
 *fill*         0x0800bcfa        0x6 
 .text._ZN5Print10printFloatEdh
                0x0800bd00      0x160 C:\Users\Administrator\AppData\Local\Temp\VMBuilds\Universal_controller\Arduino_STM32-master_genericSTM32F103R\Release\core.a(Print.cpp.o)
                0x0800bd00                Print::printFloat(double, unsigned char)
 .text._ZN5Print7printlnEdi
                0x0800be60       0x1c C:\Users\Administrator\AppData\Local\Temp\VMBuilds\Universal_controller\Arduino_STM32-master_genericSTM32F103R\Release\core.a(Print.cpp.o)
                0x0800be60                Print::println(double, int)
 .text._Z8pwmWriteht
                0x0800be7c       0x24 C:\Users\Administrator\AppData\Local\Temp\VMBuilds\Universal_controller\Arduino_STM32-master_genericSTM32F103R\Release\core.a(pwm.cpp.o)
                0x0800be7c                pwmWrite(unsigned char, unsigned short)
 .text._Z11analogWritehi
                0x0800bea0       0x1c C:\Users\Administrator\AppData\Local\Temp\VMBuilds\Universal_controller\Arduino_STM32-master_genericSTM32F103R\Release\core.a(pwm.cpp.o)
                0x0800bea0                analogWrite(unsigned char, int)
 .text._ZN9USBSerial9availableEv
                0x0800bebc        0x4 C:\Users\Administrator\AppData\Local\Temp\VMBuilds\Universal_controller\Arduino_STM32-master_genericSTM32F103R\Release\core.a(usb_serial.cpp.o)
                0x0800bebc                USBSerial::available()
 .text._ZN9USBSerial4peekEv
                0x0800bec0       0x1e C:\Users\Administrator\AppData\Local\Temp\VMBuilds\Universal_controller\Arduino_STM32-master_genericSTM32F103R\Release\core.a(usb_serial.cpp.o)
                0x0800bec0                USBSerial::peek()
 .text._ZN9USBSerial4readEv
                0x0800bede       0x1e C:\Users\Administrator\AppData\Local\Temp\VMBuilds\Universal_controller\Arduino_STM32-master_genericSTM32F103R\Release\core.a(usb_serial.cpp.o)
                0x0800bede                USBSerial::read()
 .text._ZL14ifaceSetupHookjPv
                0x0800befc       0x38 C:\Users\Administrator\AppData\Local\Temp\VMBuilds\Universal_controller\Arduino_STM32-master_genericSTM32F103R\Release\core.a(usb_serial.cpp.o)
 .text._ZL6rxHookjPv
                0x0800bf34       0xa0 C:\Users\Administrator\AppData\Local\Temp\VMBuilds\Universal_controller\Arduino_STM32-master_genericSTM32F103R\Release\core.a(usb_serial.cpp.o)
 .text._ZL10wait_resetv
                0x0800bfd4       0x10 C:\Users\Administrator\AppData\Local\Temp\VMBuilds\Universal_controller\Arduino_STM32-master_genericSTM32F103R\Release\core.a(usb_serial.cpp.o)
 .text._ZN9USBSerial5beginEv
                0x0800bfe4       0x3c C:\Users\Administrator\AppData\Local\Temp\VMBuilds\Universal_controller\Arduino_STM32-master_genericSTM32F103R\Release\core.a(usb_serial.cpp.o)
                0x0800bfe4                USBSerial::begin()
 .text._ZN9USBSerial5beginEm
                0x0800c020        0xc C:\Users\Administrator\AppData\Local\Temp\VMBuilds\Universal_controller\Arduino_STM32-master_genericSTM32F103R\Release\core.a(usb_serial.cpp.o)
                0x0800c020                USBSerial::begin(unsigned long)
 .text._ZN9USBSerial5writeEPKhm
                0x0800c02c       0x44 C:\Users\Administrator\AppData\Local\Temp\VMBuilds\Universal_controller\Arduino_STM32-master_genericSTM32F103R\Release\core.a(usb_serial.cpp.o)
                0x0800c02c                USBSerial::write(unsigned char const*, unsigned long)
 .text._ZN9USBSerial5writeEh
                0x0800c070       0x16 C:\Users\Administrator\AppData\Local\Temp\VMBuilds\Universal_controller\Arduino_STM32-master_genericSTM32F103R\Release\core.a(usb_serial.cpp.o)
                0x0800c070                USBSerial::write(unsigned char)
 .text._ZN9USBSerial5writeEPKc
                0x0800c086       0x1a C:\Users\Administrator\AppData\Local\Temp\VMBuilds\Universal_controller\Arduino_STM32-master_genericSTM32F103R\Release\core.a(usb_serial.cpp.o)
                0x0800c086                USBSerial::write(char const*)
 .text._ZN9USBSerial4readEPhm
                0x0800c0a0       0x1c C:\Users\Administrator\AppData\Local\Temp\VMBuilds\Universal_controller\Arduino_STM32-master_genericSTM32F103R\Release\core.a(usb_serial.cpp.o)
                0x0800c0a0                USBSerial::read(unsigned char*, unsigned long)
 .text._ZN9USBSerial5flushEv
                0x0800c0bc       0x1c C:\Users\Administrator\AppData\Local\Temp\VMBuilds\Universal_controller\Arduino_STM32-master_genericSTM32F103R\Release\core.a(usb_serial.cpp.o)
                0x0800c0bc                USBSerial::flush()
 .text.startup._GLOBAL__sub_I__ZN9USBSerial9_hasBegunE
                0x0800c0d8       0x1c C:\Users\Administrator\AppData\Local\Temp\VMBuilds\Universal_controller\Arduino_STM32-master_genericSTM32F103R\Release\core.a(usb_serial.cpp.o)
 .text._Z10analogReadh
                0x0800c0f4       0x18 C:\Users\Administrator\AppData\Local\Temp\VMBuilds\Universal_controller\Arduino_STM32-master_genericSTM32F103R\Release\core.a(wirish_analog.cpp.o)
                0x0800c0f4                analogRead(unsigned char)
 .text._Z11digitalReadh
                0x0800c10c       0x28 C:\Users\Administrator\AppData\Local\Temp\VMBuilds\Universal_controller\Arduino_STM32-master_genericSTM32F103R\Release\core.a(wirish_digital.cpp.o)
                0x0800c10c                digitalRead(unsigned char)
 .text._Z12digitalWritehh
                0x0800c134       0x2c C:\Users\Administrator\AppData\Local\Temp\VMBuilds\Universal_controller\Arduino_STM32-master_genericSTM32F103R\Release\core.a(wirish_digital.cpp.o)
                0x0800c134                digitalWrite(unsigned char, unsigned char)
 .text._Z6randoml
                0x0800c160       0x16 C:\Users\Administrator\AppData\Local\Temp\VMBuilds\Universal_controller\Arduino_STM32-master_genericSTM32F103R\Release\core.a(wirish_math.cpp.o)
                0x0800c160                random(long)
 .text._Z6randomll
                0x0800c176       0x14 C:\Users\Administrator\AppData\Local\Temp\VMBuilds\Universal_controller\Arduino_STM32-master_genericSTM32F103R\Release\core.a(wirish_math.cpp.o)
                0x0800c176                random(long, long)
 *fill*         0x0800c18a        0x2 
 .text._ZL6microsv
                0x0800c18c       0x34 C:\Users\Administrator\AppData\Local\Temp\VMBuilds\Universal_controller\Arduino_STM32-master_genericSTM32F103R\Release\core.a(wirish_time.cpp.o)
 .text._Z5delaym
                0x0800c1c0       0x26 C:\Users\Administrator\AppData\Local\Temp\VMBuilds\Universal_controller\Arduino_STM32-master_genericSTM32F103R\Release\core.a(wirish_time.cpp.o)
                0x0800c1c0                delay(unsigned long)
 .text._Z17delayMicrosecondsm
                0x0800c1e6       0x10 C:\Users\Administrator\AppData\Local\Temp\VMBuilds\Universal_controller\Arduino_STM32-master_genericSTM32F103R\Release\core.a(wirish_time.cpp.o)
                0x0800c1e6                delayMicroseconds(unsigned long)
 .text._ZN6StringD2Ev
                0x0800c1f6        0xe C:\Users\Administrator\AppData\Local\Temp\VMBuilds\Universal_controller\Arduino_STM32-master_genericSTM32F103R\Release\core.a(WString.cpp.o)
                0x0800c1f6                String::~String()
                0x0800c1f6                String::~String()
 .text._ZN6String10invalidateEv
                0x0800c204       0x16 C:\Users\Administrator\AppData\Local\Temp\VMBuilds\Universal_controller\Arduino_STM32-master_genericSTM32F103R\Release\core.a(WString.cpp.o)
                0x0800c204                String::invalidate()
 .text._ZN6String12changeBufferEj
                0x0800c21a       0x18 C:\Users\Administrator\AppData\Local\Temp\VMBuilds\Universal_controller\Arduino_STM32-master_genericSTM32F103R\Release\core.a(WString.cpp.o)
                0x0800c21a                String::changeBuffer(unsigned int)
 .text._ZN6String7reserveEj
                0x0800c232       0x28 C:\Users\Administrator\AppData\Local\Temp\VMBuilds\Universal_controller\Arduino_STM32-master_genericSTM32F103R\Release\core.a(WString.cpp.o)
                0x0800c232                String::reserve(unsigned int)
 .text._ZN6String4copyEPKcj
                0x0800c25a       0x26 C:\Users\Administrator\AppData\Local\Temp\VMBuilds\Universal_controller\Arduino_STM32-master_genericSTM32F103R\Release\core.a(WString.cpp.o)
                0x0800c25a                String::copy(char const*, unsigned int)
 .text._ZN6StringC2EPKc
                0x0800c280       0x24 C:\Users\Administrator\AppData\Local\Temp\VMBuilds\Universal_controller\Arduino_STM32-master_genericSTM32F103R\Release\core.a(WString.cpp.o)
                0x0800c280                String::String(char const*)
                0x0800c280                String::String(char const*)
 .text._ZN6StringaSEPKc.part.3
                0x0800c2a4       0x1a C:\Users\Administrator\AppData\Local\Temp\VMBuilds\Universal_controller\Arduino_STM32-master_genericSTM32F103R\Release\core.a(WString.cpp.o)
 .text._ZN6StringC2Ec
                0x0800c2be       0x20 C:\Users\Administrator\AppData\Local\Temp\VMBuilds\Universal_controller\Arduino_STM32-master_genericSTM32F103R\Release\core.a(WString.cpp.o)
                0x0800c2be                String::String(char)
                0x0800c2be                String::String(char)
 .text._ZN6StringC2Eih
                0x0800c2de       0x24 C:\Users\Administrator\AppData\Local\Temp\VMBuilds\Universal_controller\Arduino_STM32-master_genericSTM32F103R\Release\core.a(WString.cpp.o)
                0x0800c2de                String::String(int, unsigned char)
                0x0800c2de                String::String(int, unsigned char)
 .text._ZN6StringC2Ejh
                0x0800c302       0x24 C:\Users\Administrator\AppData\Local\Temp\VMBuilds\Universal_controller\Arduino_STM32-master_genericSTM32F103R\Release\core.a(WString.cpp.o)
                0x0800c302                String::String(unsigned int, unsigned char)
                0x0800c302                String::String(unsigned int, unsigned char)
 .text._ZN6String4moveERS_
                0x0800c326       0x3c C:\Users\Administrator\AppData\Local\Temp\VMBuilds\Universal_controller\Arduino_STM32-master_genericSTM32F103R\Release\core.a(WString.cpp.o)
                0x0800c326                String::move(String&)
 .text._ZN6StringaSERKS_
                0x0800c362       0x1e C:\Users\Administrator\AppData\Local\Temp\VMBuilds\Universal_controller\Arduino_STM32-master_genericSTM32F103R\Release\core.a(WString.cpp.o)
                0x0800c362                String::operator=(String const&)
 .text._ZN6StringC2ERKS_
                0x0800c380       0x14 C:\Users\Administrator\AppData\Local\Temp\VMBuilds\Universal_controller\Arduino_STM32-master_genericSTM32F103R\Release\core.a(WString.cpp.o)
                0x0800c380                String::String(String const&)
                0x0800c380                String::String(String const&)
 .text._ZN6StringaSEOS_
                0x0800c394       0x10 C:\Users\Administrator\AppData\Local\Temp\VMBuilds\Universal_controller\Arduino_STM32-master_genericSTM32F103R\Release\core.a(WString.cpp.o)
                0x0800c394                String::operator=(String&&)
 .text._ZN6StringaSEPKc
                0x0800c3a4       0x14 C:\Users\Administrator\AppData\Local\Temp\VMBuilds\Universal_controller\Arduino_STM32-master_genericSTM32F103R\Release\core.a(WString.cpp.o)
                0x0800c3a4                String::operator=(char const*)
 .text._ZN6StringC2Efh
                0x0800c3b8       0x34 C:\Users\Administrator\AppData\Local\Temp\VMBuilds\Universal_controller\Arduino_STM32-master_genericSTM32F103R\Release\core.a(WString.cpp.o)
                0x0800c3b8                String::String(float, unsigned char)
                0x0800c3b8                String::String(float, unsigned char)
 .text._ZN6String6concatEPKcj
                0x0800c3ec       0x2e C:\Users\Administrator\AppData\Local\Temp\VMBuilds\Universal_controller\Arduino_STM32-master_genericSTM32F103R\Release\core.a(WString.cpp.o)
                0x0800c3ec                String::concat(char const*, unsigned int)
 .text._ZN6String6concatERKS_
                0x0800c41a        0x8 C:\Users\Administrator\AppData\Local\Temp\VMBuilds\Universal_controller\Arduino_STM32-master_genericSTM32F103R\Release\core.a(WString.cpp.o)
                0x0800c41a                String::concat(String const&)
 .text._ZN6String6concatEi
                0x0800c422       0x22 C:\Users\Administrator\AppData\Local\Temp\VMBuilds\Universal_controller\Arduino_STM32-master_genericSTM32F103R\Release\core.a(WString.cpp.o)
                0x0800c422                String::concat(int)
 .text._ZN6String6concatEj
                0x0800c444       0x22 C:\Users\Administrator\AppData\Local\Temp\VMBuilds\Universal_controller\Arduino_STM32-master_genericSTM32F103R\Release\core.a(WString.cpp.o)
                0x0800c444                String::concat(unsigned int)
 .text._ZN6String6concatEf
                0x0800c466       0x2c C:\Users\Administrator\AppData\Local\Temp\VMBuilds\Universal_controller\Arduino_STM32-master_genericSTM32F103R\Release\core.a(WString.cpp.o)
                0x0800c466                String::concat(float)
 .text._ZplRK15StringSumHelperRK6String
                0x0800c492       0x18 C:\Users\Administrator\AppData\Local\Temp\VMBuilds\Universal_controller\Arduino_STM32-master_genericSTM32F103R\Release\core.a(WString.cpp.o)
                0x0800c492                operator+(StringSumHelper const&, String const&)
 .text._ZplRK15StringSumHelperPKc
                0x0800c4aa       0x28 C:\Users\Administrator\AppData\Local\Temp\VMBuilds\Universal_controller\Arduino_STM32-master_genericSTM32F103R\Release\core.a(WString.cpp.o)
                0x0800c4aa                operator+(StringSumHelper const&, char const*)
 .text._ZplRK15StringSumHelperi
                0x0800c4d2       0x14 C:\Users\Administrator\AppData\Local\Temp\VMBuilds\Universal_controller\Arduino_STM32-master_genericSTM32F103R\Release\core.a(WString.cpp.o)
                0x0800c4d2                operator+(StringSumHelper const&, int)
 .text._ZplRK15StringSumHelperj
                0x0800c4e6       0x14 C:\Users\Administrator\AppData\Local\Temp\VMBuilds\Universal_controller\Arduino_STM32-master_genericSTM32F103R\Release\core.a(WString.cpp.o)
                0x0800c4e6                operator+(StringSumHelper const&, unsigned int)
 .text._ZplRK15StringSumHelperf
                0x0800c4fa       0x14 C:\Users\Administrator\AppData\Local\Temp\VMBuilds\Universal_controller\Arduino_STM32-master_genericSTM32F103R\Release\core.a(WString.cpp.o)
                0x0800c4fa                operator+(StringSumHelper const&, float)
 .text._ZNK6String9compareToERKS_
                0x0800c50e       0x2a C:\Users\Administrator\AppData\Local\Temp\VMBuilds\Universal_controller\Arduino_STM32-master_genericSTM32F103R\Release\core.a(WString.cpp.o)
                0x0800c50e                String::compareTo(String const&) const
 .text._ZNK6String6equalsERKS_
                0x0800c538       0x1a C:\Users\Administrator\AppData\Local\Temp\VMBuilds\Universal_controller\Arduino_STM32-master_genericSTM32F103R\Release\core.a(WString.cpp.o)
                0x0800c538                String::equals(String const&) const
 .text._ZNK6String6equalsEPKc
                0x0800c552       0x24 C:\Users\Administrator\AppData\Local\Temp\VMBuilds\Universal_controller\Arduino_STM32-master_genericSTM32F103R\Release\core.a(WString.cpp.o)
                0x0800c552                String::equals(char const*) const
 .text._ZNK6String7indexOfERKS_j
                0x0800c576       0x1e C:\Users\Administrator\AppData\Local\Temp\VMBuilds\Universal_controller\Arduino_STM32-master_genericSTM32F103R\Release\core.a(WString.cpp.o)
                0x0800c576                String::indexOf(String const&, unsigned int) const
 .text._ZNK6String7indexOfERKS_
                0x0800c594        0x6 C:\Users\Administrator\AppData\Local\Temp\VMBuilds\Universal_controller\Arduino_STM32-master_genericSTM32F103R\Release\core.a(WString.cpp.o)
                0x0800c594                String::indexOf(String const&) const
 *fill*         0x0800c59a        0x2 
 .text._ZNK6String9substringEjj
                0x0800c59c       0x4c C:\Users\Administrator\AppData\Local\Temp\VMBuilds\Universal_controller\Arduino_STM32-master_genericSTM32F103R\Release\core.a(WString.cpp.o)
                0x0800c59c                String::substring(unsigned int, unsigned int) const
 .text._ZN6String6removeEjj
                0x0800c5e8       0x32 C:\Users\Administrator\AppData\Local\Temp\VMBuilds\Universal_controller\Arduino_STM32-master_genericSTM32F103R\Release\core.a(WString.cpp.o)
                0x0800c5e8                String::remove(unsigned int, unsigned int)
 .text._ZN6String11toUpperCaseEv
                0x0800c61a       0x18 C:\Users\Administrator\AppData\Local\Temp\VMBuilds\Universal_controller\Arduino_STM32-master_genericSTM32F103R\Release\core.a(WString.cpp.o)
                0x0800c61a                String::toUpperCase()
 .text._ZNK6String5toIntEv
                0x0800c632        0xa C:\Users\Administrator\AppData\Local\Temp\VMBuilds\Universal_controller\Arduino_STM32-master_genericSTM32F103R\Release\core.a(WString.cpp.o)
                0x0800c632                String::toInt() const
 .text._Z7pinModeh13WiringPinMode
                0x0800c63c       0x84 C:\Users\Administrator\AppData\Local\Temp\VMBuilds\Universal_controller\Arduino_STM32-master_genericSTM32F103R\Release\core.a(wirish_digital_f1.cpp.o)
                0x0800c63c                pinMode(unsigned char, WiringPinMode)
 .text.__empty  0x0800c6c0        0x2 C:\Users\Administrator\AppData\Local\Temp\VMBuilds\Universal_controller\Arduino_STM32-master_genericSTM32F103R\Release\core.a(hooks.c.o)
                0x0800c6c0                yield
 .text.ltoa     0x0800c6c2       0x70 C:\Users\Administrator\AppData\Local\Temp\VMBuilds\Universal_controller\Arduino_STM32-master_genericSTM32F103R\Release\core.a(itoa.c.o)
                0x0800c6c2                ltoa
 .text.itoa     0x0800c732        0x4 C:\Users\Administrator\AppData\Local\Temp\VMBuilds\Universal_controller\Arduino_STM32-master_genericSTM32F103R\Release\core.a(itoa.c.o)
                0x0800c732                itoa
 .text.ultoa    0x0800c736       0x52 C:\Users\Administrator\AppData\Local\Temp\VMBuilds\Universal_controller\Arduino_STM32-master_genericSTM32F103R\Release\core.a(itoa.c.o)
                0x0800c736                ultoa
 .text.utoa     0x0800c788        0x4 C:\Users\Administrator\AppData\Local\Temp\VMBuilds\Universal_controller\Arduino_STM32-master_genericSTM32F103R\Release\core.a(itoa.c.o)
                0x0800c788                utoa
 .text.dtostrf  0x0800c78c       0x28 C:\Users\Administrator\AppData\Local\Temp\VMBuilds\Universal_controller\Arduino_STM32-master_genericSTM32F103R\Release\core.a(dtostrf.c.o)
                0x0800c78c                dtostrf
 .text.data_register
                0x0800c7b4       0x28 C:\Users\Administrator\AppData\Local\Temp\VMBuilds\Universal_controller\Arduino_STM32-master_genericSTM32F103R\Release\core.a(bkp_f1.c.o)
 .text.bkp_init
                0x0800c7dc       0x18 C:\Users\Administrator\AppData\Local\Temp\VMBuilds\Universal_controller\Arduino_STM32-master_genericSTM32F103R\Release\core.a(bkp_f1.c.o)
                0x0800c7dc                bkp_init
 .text.bkp_enable_writes
                0x0800c7f4        0xc C:\Users\Administrator\AppData\Local\Temp\VMBuilds\Universal_controller\Arduino_STM32-master_genericSTM32F103R\Release\core.a(bkp_f1.c.o)
                0x0800c7f4                bkp_enable_writes
 .text.bkp_disable_writes
                0x0800c800        0xc C:\Users\Administrator\AppData\Local\Temp\VMBuilds\Universal_controller\Arduino_STM32-master_genericSTM32F103R\Release\core.a(bkp_f1.c.o)
                0x0800c800                bkp_disable_writes
 .text.bkp_write
                0x0800c80c        0xc C:\Users\Administrator\AppData\Local\Temp\VMBuilds\Universal_controller\Arduino_STM32-master_genericSTM32F103R\Release\core.a(bkp_f1.c.o)
                0x0800c80c                bkp_write
 .text.gpio_init
                0x0800c818       0x14 C:\Users\Administrator\AppData\Local\Temp\VMBuilds\Universal_controller\Arduino_STM32-master_genericSTM32F103R\Release\core.a(gpio.c.o)
                0x0800c818                gpio_init
 .text.i2c_start_condition
                0x0800c82c       0x14 C:\Users\Administrator\AppData\Local\Temp\VMBuilds\Universal_controller\Arduino_STM32-master_genericSTM32F103R\Release\core.a(i2c.c.o)
 .text.i2c_stop_condition
                0x0800c840       0x1c C:\Users\Administrator\AppData\Local\Temp\VMBuilds\Universal_controller\Arduino_STM32-master_genericSTM32F103R\Release\core.a(i2c.c.o)
 .text._i2c_irq_handler
                0x0800c85c      0x170 C:\Users\Administrator\AppData\Local\Temp\VMBuilds\Universal_controller\Arduino_STM32-master_genericSTM32F103R\Release\core.a(i2c.c.o)
                0x0800c85c                _i2c_irq_handler
 .text._i2c_irq_error_handler
                0x0800c9cc       0x28 C:\Users\Administrator\AppData\Local\Temp\VMBuilds\Universal_controller\Arduino_STM32-master_genericSTM32F103R\Release\core.a(i2c.c.o)
                0x0800c9cc                _i2c_irq_error_handler
 .text.usart_init
                0x0800c9f4       0x4c C:\Users\Administrator\AppData\Local\Temp\VMBuilds\Universal_controller\Arduino_STM32-master_genericSTM32F103R\Release\core.a(usart.c.o)
                0x0800c9f4                usart_init
 .text.usart_enable
                0x0800ca40       0x14 C:\Users\Administrator\AppData\Local\Temp\VMBuilds\Universal_controller\Arduino_STM32-master_genericSTM32F103R\Release\core.a(usart.c.o)
                0x0800ca40                usart_enable
 .text.usart_tx
                0x0800ca54       0x8e C:\Users\Administrator\AppData\Local\Temp\VMBuilds\Universal_controller\Arduino_STM32-master_genericSTM32F103R\Release\core.a(usart.c.o)
                0x0800ca54                usart_tx
 *fill*         0x0800cae2        0x2 
 .text.__aeabi_atexit
                0x0800cae4        0xc c:/users/administrator/appdata/local/arduino15/packages/arduino/tools/arm-none-eabi-gcc/7-2017q4/bin/../lib/gcc/arm-none-eabi/7.2.1/../../../../arm-none-eabi/lib/thumb/v7-m\libstdc++.a(atexit_arm.o)
                0x0800cae4                __aeabi_atexit
 .text.floorf   0x0800caf0       0x88 c:/users/administrator/appdata/local/arduino15/packages/arduino/tools/arm-none-eabi-gcc/7-2017q4/bin/../lib/gcc/arm-none-eabi/7.2.1/../../../../arm-none-eabi/lib/thumb/v7-m\libm.a(lib_a-sf_floor.o)
                0x0800caf0                floorf
 .text          0x0800cb78      0x378 c:/users/administrator/appdata/local/arduino15/packages/arduino/tools/arm-none-eabi-gcc/7-2017q4/bin/../lib/gcc/arm-none-eabi/7.2.1/thumb/v7-m\libgcc.a(_arm_addsubdf3.o)
                0x0800cb78                __aeabi_drsub
                0x0800cb80                __aeabi_dsub
                0x0800cb80                __subdf3
                0x0800cb84                __aeabi_dadd
                0x0800cb84                __adddf3
                0x0800cdfc                __floatunsidf
                0x0800cdfc                __aeabi_ui2d
                0x0800ce1c                __floatsidf
                0x0800ce1c                __aeabi_i2d
                0x0800ce40                __aeabi_f2d
                0x0800ce40                __extendsfdf2
                0x0800ce84                __floatundidf
                0x0800ce84                __aeabi_ul2d
                0x0800ce94                __floatdidf
                0x0800ce94                __aeabi_l2d
 .text          0x0800cef0      0x424 c:/users/administrator/appdata/local/arduino15/packages/arduino/tools/arm-none-eabi-gcc/7-2017q4/bin/../lib/gcc/arm-none-eabi/7.2.1/thumb/v7-m\libgcc.a(_arm_muldivdf3.o)
                0x0800cef0                __aeabi_dmul
                0x0800cef0                __muldf3
                0x0800d144                __divdf3
                0x0800d144                __aeabi_ddiv
 .text          0x0800d314      0x110 c:/users/administrator/appdata/local/arduino15/packages/arduino/tools/arm-none-eabi-gcc/7-2017q4/bin/../lib/gcc/arm-none-eabi/7.2.1/thumb/v7-m\libgcc.a(_arm_cmpdf2.o)
                0x0800d314                __gtdf2
                0x0800d314                __gedf2
                0x0800d31c                __ltdf2
                0x0800d31c                __ledf2
                0x0800d324                __nedf2
                0x0800d324                __eqdf2
                0x0800d324                __cmpdf2
                0x0800d3a0                __aeabi_cdrcmple
                0x0800d3b0                __aeabi_cdcmpeq
                0x0800d3b0                __aeabi_cdcmple
                0x0800d3c0                __aeabi_dcmpeq
                0x0800d3d4                __aeabi_dcmplt
                0x0800d3e8                __aeabi_dcmple
                0x0800d3fc                __aeabi_dcmpge
                0x0800d410                __aeabi_dcmpgt
 .text          0x0800d424       0x50 c:/users/administrator/appdata/local/arduino15/packages/arduino/tools/arm-none-eabi-gcc/7-2017q4/bin/../lib/gcc/arm-none-eabi/7.2.1/thumb/v7-m\libgcc.a(_arm_fixdfsi.o)
                0x0800d424                __aeabi_d2iz
                0x0800d424                __fixdfsi
 .text          0x0800d474       0xa0 c:/users/administrator/appdata/local/arduino15/packages/arduino/tools/arm-none-eabi-gcc/7-2017q4/bin/../lib/gcc/arm-none-eabi/7.2.1/thumb/v7-m\libgcc.a(_arm_truncdfsf2.o)
                0x0800d474                __truncdfsf2
                0x0800d474                __aeabi_d2f
 .text          0x0800d514      0x21c c:/users/administrator/appdata/local/arduino15/packages/arduino/tools/arm-none-eabi-gcc/7-2017q4/bin/../lib/gcc/arm-none-eabi/7.2.1/thumb/v7-m\libgcc.a(_arm_addsubsf3.o)
                0x0800d514                __aeabi_frsub
                0x0800d51c                __subsf3
                0x0800d51c                __aeabi_fsub
                0x0800d520                __aeabi_fadd
                0x0800d520                __addsf3
                0x0800d680                __aeabi_ui2f
                0x0800d680                __floatunsisf
                0x0800d688                __aeabi_i2f
                0x0800d688                __floatsisf
                0x0800d6a4                __aeabi_ul2f
                0x0800d6a4                __floatundisf
                0x0800d6b4                __aeabi_l2f
                0x0800d6b4                __floatdisf
 .text          0x0800d730      0x2a0 c:/users/administrator/appdata/local/arduino15/packages/arduino/tools/arm-none-eabi-gcc/7-2017q4/bin/../lib/gcc/arm-none-eabi/7.2.1/thumb/v7-m\libgcc.a(_arm_muldivsf3.o)
                0x0800d730                __mulsf3
                0x0800d730                __aeabi_fmul
                0x0800d898                __aeabi_fdiv
                0x0800d898                __divsf3
 .text          0x0800d9d0       0xec c:/users/administrator/appdata/local/arduino15/packages/arduino/tools/arm-none-eabi-gcc/7-2017q4/bin/../lib/gcc/arm-none-eabi/7.2.1/thumb/v7-m\libgcc.a(_arm_cmpsf2.o)
                0x0800d9d0                __gesf2
                0x0800d9d0                __gtsf2
                0x0800d9d8                __lesf2
                0x0800d9d8                __ltsf2
                0x0800d9e0                __nesf2
                0x0800d9e0                __eqsf2
                0x0800d9e0                __cmpsf2
                0x0800da40                __aeabi_cfrcmple
                0x0800da48                __aeabi_cfcmpeq
                0x0800da48                __aeabi_cfcmple
                0x0800da58                __aeabi_fcmpeq
                0x0800da6c                __aeabi_fcmplt
                0x0800da80                __aeabi_fcmple
                0x0800da94                __aeabi_fcmpge
                0x0800daa8                __aeabi_fcmpgt
 .text          0x0800dabc       0x4c c:/users/administrator/appdata/local/arduino15/packages/arduino/tools/arm-none-eabi-gcc/7-2017q4/bin/../lib/gcc/arm-none-eabi/7.2.1/thumb/v7-m\libgcc.a(_arm_fixsfsi.o)
                0x0800dabc                __aeabi_f2iz
                0x0800dabc                __fixsfsi
 .text          0x0800db08       0x30 c:/users/administrator/appdata/local/arduino15/packages/arduino/tools/arm-none-eabi-gcc/7-2017q4/bin/../lib/gcc/arm-none-eabi/7.2.1/thumb/v7-m\libgcc.a(_aeabi_uldivmod.o)
                0x0800db08                __aeabi_uldivmod
 .text          0x0800db38       0x30 c:/users/administrator/appdata/local/arduino15/packages/arduino/tools/arm-none-eabi-gcc/7-2017q4/bin/../lib/gcc/arm-none-eabi/7.2.1/thumb/v7-m\libgcc.a(_fixdfdi.o)
                0x0800db38                __fixdfdi
                0x0800db38                __aeabi_d2lz
 .text          0x0800db68       0x44 c:/users/administrator/appdata/local/arduino15/packages/arduino/tools/arm-none-eabi-gcc/7-2017q4/bin/../lib/gcc/arm-none-eabi/7.2.1/thumb/v7-m\libgcc.a(_fixunsdfdi.o)
                0x0800db68                __fixunsdfdi
                0x0800db68                __aeabi_d2ulz
 .text          0x0800dbac      0x2d0 c:/users/administrator/appdata/local/arduino15/packages/arduino/tools/arm-none-eabi-gcc/7-2017q4/bin/../lib/gcc/arm-none-eabi/7.2.1/thumb/v7-m\libgcc.a(_udivmoddi4.o)
                0x0800dbac                __udivmoddi4
 .text          0x0800de7c        0x4 c:/users/administrator/appdata/local/arduino15/packages/arduino/tools/arm-none-eabi-gcc/7-2017q4/bin/../lib/gcc/arm-none-eabi/7.2.1/thumb/v7-m\libgcc.a(_dvmd_tls.o)
                0x0800de7c                __aeabi_idiv0
                0x0800de7c                __aeabi_ldiv0
 .text          0x0800de80       0x40 c:/users/administrator/appdata/local/arduino15/packages/arduino/tools/arm-none-eabi-gcc/7-2017q4/bin/../lib/gcc/arm-none-eabi/7.2.1/thumb/v7-m\libgcc.a(_arm_fixunsdfsi.o)
                0x0800de80                __aeabi_d2uiz
                0x0800de80                __fixunsdfsi
 .text.atol     0x0800dec0        0x8 c:/users/administrator/appdata/local/arduino15/packages/arduino/tools/arm-none-eabi-gcc/7-2017q4/bin/../lib/gcc/arm-none-eabi/7.2.1/../../../../arm-none-eabi/lib/thumb/v7-m\libc.a(lib_a-atol.o)
                0x0800dec0                atol
 .text.__cxa_atexit
                0x0800dec8        0xc c:/users/administrator/appdata/local/arduino15/packages/arduino/tools/arm-none-eabi-gcc/7-2017q4/bin/../lib/gcc/arm-none-eabi/7.2.1/../../../../arm-none-eabi/lib/thumb/v7-m\libc.a(lib_a-cxa_atexit.o)
                0x0800dec8                __cxa_atexit
 .text.__errno  0x0800ded4        0xc c:/users/administrator/appdata/local/arduino15/packages/arduino/tools/arm-none-eabi-gcc/7-2017q4/bin/../lib/gcc/arm-none-eabi/7.2.1/../../../../arm-none-eabi/lib/thumb/v7-m\libc.a(lib_a-errno.o)
                0x0800ded4                __errno
 .text.exit     0x0800dee0       0x20 c:/users/administrator/appdata/local/arduino15/packages/arduino/tools/arm-none-eabi-gcc/7-2017q4/bin/../lib/gcc/arm-none-eabi/7.2.1/../../../../arm-none-eabi/lib/thumb/v7-m\libc.a(lib_a-exit.o)